C51 COMPILER V9.57.0.0   LCD1602                                                           06/24/2024 11:42:31 PAGE 1   


C51 COMPILER V9.57.0.0, COMPILATION OF MODULE LCD1602
OBJECT MODULE PLACED IN LCD1602.OBJ
COMPILER INVOKED BY: D:\Keil_v5\C51\BIN\C51.EXE LCD1602.c OPTIMIZE(8,SPEED) BROWSE DEBUG OBJECTEXTEND TABS(2)

line level    source

   1          
   2          /*---------------------------------------------------------------------*/
   3          /* --- 电子秤(HX711)入门级教程 ----------------------------------------*/
   4          /* --- MCU：STC89C52RC ------------------------------------------------*/
   5          /* --- 作者：深圳小余电子 ---------------------------------------------*/
   6          /* --- 来源：https://nmcu.taobao.com/----------------------------------*/
   7          /* --- 本例程支持串口打印,外部晶振11.0592 , 波特率为9600---------------*/
   8          /* --- 如果要在程序中使用此代码,请在程序中注明使用了作者的资料及程序 --*/
   9          /*---------------------------------------------------------------------*/
  10          
  11          #include "LCD1602.h"
  12          
  13          //****************************************************
  14          //MS延时函数
  15          //****************************************************
  16          void LCD1602_delay_ms(unsigned int n)
  17          {
  18   1        unsigned int  i,j;
  19   1        for(i=0;i<n;i++)
  20   1          for(j=0;j<123;j++);
  21   1      }
  22          
  23          //****************************************************
  24          //写指令
  25          //****************************************************
  26          void LCD1602_write_com(unsigned char com)
  27          {
  28   1        LCD1602_RS = 0;
  29   1        LCD1602_delay_ms(1);
  30   1        LCD1602_EN = 1;
  31   1        LCD1602_PORT = com;
  32   1        LCD1602_delay_ms(1);
  33   1        LCD1602_EN = 0;
  34   1      }
  35          
  36          //****************************************************
  37          //写数据
  38          //****************************************************
  39          void LCD1602_write_data(unsigned char dat)
  40          {
  41   1        LCD1602_RS = 1;
  42   1        LCD1602_delay_ms(1);  
  43   1        LCD1602_PORT = dat;
  44   1        LCD1602_EN = 1;
  45   1        LCD1602_delay_ms(1);
  46   1        LCD1602_EN = 0;
  47   1      }
  48          
  49          //****************************************************
  50          //连续写字符
  51          //****************************************************
  52          void LCD1602_write_word(unsigned char *s)
  53          {
  54   1        while(*s>0)
  55   1        {
C51 COMPILER V9.57.0.0   LCD1602                                                           06/24/2024 11:42:31 PAGE 2   

  56   2          LCD1602_write_data(*s);
  57   2          s++;
  58   2        }
  59   1      }
  60          
  61          void Init_LCD1602()
  62          {
  63   1        LCD1602_EN = 0;
  64   1        LCD1602_RW = 0;               //设置为写状态
  65   1        LCD1602_write_com(0x38);      //显示模式设定
  66   1        LCD1602_write_com(0x0c);      //开关显示、光标有无设置、光标闪烁设置
  67   1        LCD1602_write_com(0x06);      //写一个字符后指针加一
  68   1        LCD1602_write_com(0x01);      //清屏指令
  69   1      }
  70          
  71          


MODULE INFORMATION:   STATIC OVERLAYABLE
   CODE SIZE        =    136    ----
   CONSTANT SIZE    =   ----    ----
   XDATA SIZE       =   ----    ----
   PDATA SIZE       =   ----    ----
   DATA SIZE        =   ----       3
   IDATA SIZE       =   ----    ----
   BIT SIZE         =   ----    ----
END OF MODULE INFORMATION.


C51 COMPILATION COMPLETE.  0 WARNING(S),  0 ERROR(S)
