C51 COMPILER V9.57.0.0   LCD1602                                                           06/07/2024 10:43:47 PAGE 1   


C51 COMPILER V9.57.0.0, COMPILATION OF MODULE LCD1602
OBJECT MODULE PLACED IN LCD1602.OBJ
COMPILER INVOKED BY: D:\Keil_v5\C51\BIN\C51.EXE LCD1602.c OPTIMIZE(8,SPEED) BROWSE DEBUG OBJECTEXTEND TABS(2)

line level    source

   1          /*---------------------------------------------------------------------------------------------*/
   2          /* --- 电子秤(HX711)入门级教程 ----------------------------------------------------------------*/
   3          /* --- MCU：STC89C52RC ------------------------------------------------------------------------*/
   4          /* --- 作者：深圳小余电子 ---------------------------------------------------------------------*/
   5          /* --- 来源：https://nmcu.taobao.com/----------------------------------------------------------*/
   6          
   7          /* --- 功能：----------------------------------------------------------------------------------*/
   8          /* --- 按键K1为去皮功能,K2和K3是修改报警参数值.  K2加,K3减.  ----------------------------------*/
   9          /* --- 当所测重量大于设置的报警值时,P3.0驱动继电器工作,继电器可以接报警装置等.-----------------*/
  10          
  11          /* --- 校正方法：(校正系数具有断电保存功能)----------------------------------------------------*/
  12          /* --- 如果所测重量偏小。则按住K3键不放,再按下K1键.直到显示重量为正确重量时再放开K1和K3按键 ---*/
  13          /* --- 如果所测重量偏大。则按住K2键不放,再按下K1键.直到显示重量为正确重量时再放开K1和K2按键 ---*/
  14          /* --- 如果要在程序中使用此代码,请在程序中注明使用了作者的资料及程序 --------------------------*/
  15          /*---------------------------------------------------------------------------------------------*/
  16          
  17          #include "LCD1602.h"
  18          
  19          //****************************************************
  20          //MS延时函数(12M晶振下测试)
  21          //****************************************************
  22          void LCD1602_delay_ms(unsigned int n)
  23          {
  24   1        unsigned int  i,j;
  25   1        for(i=0;i<n;i++)
  26   1          for(j=0;j<123;j++);
  27   1      }
  28          
  29          //****************************************************
  30          //写指令
  31          //****************************************************
  32          void LCD1602_write_com(unsigned char com)
  33          {
  34   1        LCD1602_RS = 0;
  35   1        LCD1602_delay_ms(1);
  36   1        LCD1602_EN = 1;
  37   1        LCD1602_PORT = com;
  38   1        LCD1602_delay_ms(1);
  39   1        LCD1602_EN = 0;
  40   1      }
  41          
  42          //****************************************************
  43          //写数据
  44          //****************************************************
  45          void LCD1602_write_data(unsigned char dat)
  46          {
  47   1        LCD1602_RS = 1;
  48   1        LCD1602_delay_ms(1);  
  49   1        LCD1602_PORT = dat;
  50   1        LCD1602_EN = 1;
  51   1        LCD1602_delay_ms(1);
  52   1        LCD1602_EN = 0;
  53   1      }
  54          
  55          //****************************************************
C51 COMPILER V9.57.0.0   LCD1602                                                           06/07/2024 10:43:47 PAGE 2   

  56          //连续写字符
  57          //****************************************************
  58          void LCD1602_write_word(unsigned char *s)
  59          {
  60   1        while(*s>0)
  61   1        {
  62   2          LCD1602_write_data(*s);
  63   2          s++;
  64   2        }
  65   1      }
  66          
  67          void Init_LCD1602()
  68          {
  69   1        LCD1602_EN = 0;
  70   1        LCD1602_RW = 0;           //设置为写状态
  71   1        LCD1602_write_com(0x38);      //显示模式设定
  72   1        LCD1602_write_com(0x0c);      //开关显示、光标有无设置、光标闪烁设置
  73   1        LCD1602_write_com(0x06);      //写一个字符后指针加一
  74   1        LCD1602_write_com(0x01);      //清屏指令
  75   1      }
  76          
  77          


MODULE INFORMATION:   STATIC OVERLAYABLE
   CODE SIZE        =    136    ----
   CONSTANT SIZE    =   ----    ----
   XDATA SIZE       =   ----    ----
   PDATA SIZE       =   ----    ----
   DATA SIZE        =   ----       3
   IDATA SIZE       =   ----    ----
   BIT SIZE         =   ----    ----
END OF MODULE INFORMATION.


C51 COMPILATION COMPLETE.  0 WARNING(S),  0 ERROR(S)
