C51 COMPILER V9.52.0.0   MAIN                                                              06/09/2020 15:12:05 PAGE 1   


C51 COMPILER V9.52.0.0, COMPILATION OF MODULE MAIN
OBJECT MODULE PLACED IN main.OBJ
COMPILER INVOKED BY: D:\Keil\C51\BIN\C51.EXE main.c BROWSE DEBUG OBJECTEXTEND TABS(2)

line level    source

   1          /**********************************************************************
   2          
   3          ***********************************************************************/
   4          
   5          #include "main.h"
   6          #include "HX711.h"
   7          #include "LCD1602.h"
   8          
   9          unsigned long HX711_Buffer = 0;
  10          unsigned long Weight_Maopi = 0;
  11          long Weight_Shiwu = 0;
  12          
  13          unsigned char flag = 0;
  14          bit Flag_ERROR = 0;
  15          sbit speak= P1^7;
  16          
  17          //校准参数
  18          //因为不同的传感器特性曲线不是很一致，因此，每一个传感器需要矫正这里这个参数才能使测量值很准确。
  19          //当发现测试出来的重量偏大时，增加该数值。
  20          //如果测试出来的重量偏小时，减小改数值。
  21          //该值可以为小数
  22          #define GapValue 400
  23          
  24          
  25          //****************************************************
  26          //主函数
  27          //****************************************************
  28          void main()
  29          {
  30   1        
  31   1        
  32   1        Init_LCD1602();
  33   1        LCD1602_write_com(0x80);
  34   1        LCD1602_write_word("Welcome to use!");
  35   1        Delay_ms(1000);    //延时,等待传感器稳定
  36   1      
  37   1        Get_Maopi();        //称毛皮重量
  38   1        
  39   1        while(1)
  40   1        {
  41   2          EA = 0;
  42   2          Get_Weight();     //称重
  43   2          EA = 1;
  44   2      
  45   2          Scan_Key();
  46   2      
  47   2          //显示当前重量
  48   2          if( Flag_ERROR == 1)
  49   2          {
  50   3          
  51   3            
  52   3            LCD1602_write_com(0x80+0x40);
  53   3            LCD1602_write_word("ERROR ");
  54   3            speak=0;
  55   3          }   
C51 COMPILER V9.52.0.0   MAIN                                                              06/09/2020 15:12:05 PAGE 2   

  56   2          else
  57   2          {         
  58   3                  speak=1;
  59   3                  
  60   3            LCD1602_write_com(0x80+0x40);
  61   3            LCD1602_write_data(Weight_Shiwu/1000 + 0X30);
  62   3                  LCD1602_write_data(Weight_Shiwu%1000/100 + 0X30);
  63   3                  LCD1602_write_data(Weight_Shiwu%100/10 + 0X30);
  64   3                  LCD1602_write_data(Weight_Shiwu%10 + 0X30);
  65   3            LCD1602_write_word(" g");
  66   3          }
  67   2          
  68   2        }
  69   1      }
  70          
  71          //扫描按键
  72          void Scan_Key()
  73          {
  74   1        if(KEY1 == 0)
  75   1        {
  76   2          Delay_ms(5);
  77   2          if(KEY1 == 0)
  78   2          {
  79   3            while(KEY1 == 0);
  80   3            Get_Maopi();      //去皮
  81   3          } 
  82   2        }
  83   1      }
  84          
  85          //****************************************************
  86          //称重
  87          //****************************************************
  88          void Get_Weight()
  89          {
  90   1        Weight_Shiwu = HX711_Read();
  91   1        Weight_Shiwu = Weight_Shiwu - Weight_Maopi;   //获取净重
  92   1        if(Weight_Shiwu > 0)      
  93   1        { 
  94   2          Weight_Shiwu = (unsigned int)((float)Weight_Shiwu/GapValue);  //计算实物的实际重量
  95   2                                          
  96   2                                          
  97   2          if(Weight_Shiwu > 5000)   //超重报警
  98   2          {
  99   3            Flag_ERROR = 1; 
 100   3          }
 101   2          else
 102   2          {
 103   3            Flag_ERROR = 0;
 104   3          }
 105   2        }
 106   1        else
 107   1        {
 108   2          Weight_Shiwu = 0;
 109   2        //  Flag_ERROR = 1;       //负重报警
 110   2        }
 111   1        
 112   1      }
 113          
 114          //****************************************************
 115          //获取毛皮重量
 116          //****************************************************
 117          void Get_Maopi()
C51 COMPILER V9.52.0.0   MAIN                                                              06/09/2020 15:12:05 PAGE 3   

 118          {
 119   1        Weight_Maopi = HX711_Read();  
 120   1      } 
 121          
 122          //****************************************************
 123          //MS延时函数(12M晶振下测试)
 124          //****************************************************
 125          void Delay_ms(unsigned int n)
 126          {
 127   1        unsigned int  i,j;
 128   1        for(i=0;i<n;i++)
 129   1          for(j=0;j<123;j++);
 130   1      }


MODULE INFORMATION:   STATIC OVERLAYABLE
   CODE SIZE        =    398    ----
   CONSTANT SIZE    =     26    ----
   XDATA SIZE       =   ----    ----
   PDATA SIZE       =   ----    ----
   DATA SIZE        =     13    ----
   IDATA SIZE       =   ----    ----
   BIT SIZE         =      1    ----
END OF MODULE INFORMATION.


C51 COMPILATION COMPLETE.  0 WARNING(S),  0 ERROR(S)
