Component: ARM Compiler 5.06 update 7 (build 960) Tool: armlink [4d3601]

==============================================================================

Section Cross References

    stm32f4xx_adc.o(i.ADC_DeInit) refers to stm32f4xx_rcc.o(i.RCC_APB2PeriphResetCmd) for RCC_APB2PeriphResetCmd
    stm32f4xx_can.o(i.CAN_DeInit) refers to stm32f4xx_rcc.o(i.RCC_APB1PeriphResetCmd) for RCC_APB1PeriphResetCmd
    stm32f4xx_can.o(i.CAN_GetITStatus) refers to stm32f4xx_can.o(i.CheckITStatus) for CheckITStatus
    stm32f4xx_cryp.o(i.CRYP_DeInit) refers to stm32f4xx_rcc.o(i.RCC_AHB2PeriphResetCmd) for RCC_AHB2PeriphResetCmd
    stm32f4xx_cryp_aes.o(i.CRYP_AES_CBC) refers to stm32f4xx_cryp.o(i.CRYP_KeyStructInit) for CRYP_KeyStructInit
    stm32f4xx_cryp_aes.o(i.CRYP_AES_CBC) refers to stm32f4xx_cryp.o(i.CRYP_FIFOFlush) for CRYP_FIFOFlush
    stm32f4xx_cryp_aes.o(i.CRYP_AES_CBC) refers to stm32f4xx_cryp.o(i.CRYP_Init) for CRYP_Init
    stm32f4xx_cryp_aes.o(i.CRYP_AES_CBC) refers to stm32f4xx_cryp.o(i.CRYP_KeyInit) for CRYP_KeyInit
    stm32f4xx_cryp_aes.o(i.CRYP_AES_CBC) refers to stm32f4xx_cryp.o(i.CRYP_Cmd) for CRYP_Cmd
    stm32f4xx_cryp_aes.o(i.CRYP_AES_CBC) refers to stm32f4xx_cryp.o(i.CRYP_GetFlagStatus) for CRYP_GetFlagStatus
    stm32f4xx_cryp_aes.o(i.CRYP_AES_CBC) refers to stm32f4xx_cryp.o(i.CRYP_IVInit) for CRYP_IVInit
    stm32f4xx_cryp_aes.o(i.CRYP_AES_CBC) refers to stm32f4xx_cryp.o(i.CRYP_GetCmdStatus) for CRYP_GetCmdStatus
    stm32f4xx_cryp_aes.o(i.CRYP_AES_CBC) refers to stm32f4xx_cryp.o(i.CRYP_DataIn) for CRYP_DataIn
    stm32f4xx_cryp_aes.o(i.CRYP_AES_CBC) refers to stm32f4xx_cryp.o(i.CRYP_DataOut) for CRYP_DataOut
    stm32f4xx_cryp_aes.o(i.CRYP_AES_CCM) refers to stm32f4xx_cryp.o(i.CRYP_KeyStructInit) for CRYP_KeyStructInit
    stm32f4xx_cryp_aes.o(i.CRYP_AES_CCM) refers to stm32f4xx_cryp.o(i.CRYP_FIFOFlush) for CRYP_FIFOFlush
    stm32f4xx_cryp_aes.o(i.CRYP_AES_CCM) refers to stm32f4xx_cryp.o(i.CRYP_KeyInit) for CRYP_KeyInit
    stm32f4xx_cryp_aes.o(i.CRYP_AES_CCM) refers to stm32f4xx_cryp.o(i.CRYP_IVInit) for CRYP_IVInit
    stm32f4xx_cryp_aes.o(i.CRYP_AES_CCM) refers to stm32f4xx_cryp.o(i.CRYP_Init) for CRYP_Init
    stm32f4xx_cryp_aes.o(i.CRYP_AES_CCM) refers to stm32f4xx_cryp.o(i.CRYP_PhaseConfig) for CRYP_PhaseConfig
    stm32f4xx_cryp_aes.o(i.CRYP_AES_CCM) refers to stm32f4xx_cryp.o(i.CRYP_DataIn) for CRYP_DataIn
    stm32f4xx_cryp_aes.o(i.CRYP_AES_CCM) refers to stm32f4xx_cryp.o(i.CRYP_Cmd) for CRYP_Cmd
    stm32f4xx_cryp_aes.o(i.CRYP_AES_CCM) refers to stm32f4xx_cryp.o(i.CRYP_GetCmdStatus) for CRYP_GetCmdStatus
    stm32f4xx_cryp_aes.o(i.CRYP_AES_CCM) refers to stm32f4xx_cryp.o(i.CRYP_GetFlagStatus) for CRYP_GetFlagStatus
    stm32f4xx_cryp_aes.o(i.CRYP_AES_CCM) refers to stm32f4xx_cryp.o(i.CRYP_DataOut) for CRYP_DataOut
    stm32f4xx_cryp_aes.o(i.CRYP_AES_CTR) refers to stm32f4xx_cryp.o(i.CRYP_KeyStructInit) for CRYP_KeyStructInit
    stm32f4xx_cryp_aes.o(i.CRYP_AES_CTR) refers to stm32f4xx_cryp.o(i.CRYP_KeyInit) for CRYP_KeyInit
    stm32f4xx_cryp_aes.o(i.CRYP_AES_CTR) refers to stm32f4xx_cryp.o(i.CRYP_Init) for CRYP_Init
    stm32f4xx_cryp_aes.o(i.CRYP_AES_CTR) refers to stm32f4xx_cryp.o(i.CRYP_IVInit) for CRYP_IVInit
    stm32f4xx_cryp_aes.o(i.CRYP_AES_CTR) refers to stm32f4xx_cryp.o(i.CRYP_FIFOFlush) for CRYP_FIFOFlush
    stm32f4xx_cryp_aes.o(i.CRYP_AES_CTR) refers to stm32f4xx_cryp.o(i.CRYP_Cmd) for CRYP_Cmd
    stm32f4xx_cryp_aes.o(i.CRYP_AES_CTR) refers to stm32f4xx_cryp.o(i.CRYP_GetCmdStatus) for CRYP_GetCmdStatus
    stm32f4xx_cryp_aes.o(i.CRYP_AES_CTR) refers to stm32f4xx_cryp.o(i.CRYP_DataIn) for CRYP_DataIn
    stm32f4xx_cryp_aes.o(i.CRYP_AES_CTR) refers to stm32f4xx_cryp.o(i.CRYP_GetFlagStatus) for CRYP_GetFlagStatus
    stm32f4xx_cryp_aes.o(i.CRYP_AES_CTR) refers to stm32f4xx_cryp.o(i.CRYP_DataOut) for CRYP_DataOut
    stm32f4xx_cryp_aes.o(i.CRYP_AES_ECB) refers to stm32f4xx_cryp.o(i.CRYP_KeyStructInit) for CRYP_KeyStructInit
    stm32f4xx_cryp_aes.o(i.CRYP_AES_ECB) refers to stm32f4xx_cryp.o(i.CRYP_FIFOFlush) for CRYP_FIFOFlush
    stm32f4xx_cryp_aes.o(i.CRYP_AES_ECB) refers to stm32f4xx_cryp.o(i.CRYP_Init) for CRYP_Init
    stm32f4xx_cryp_aes.o(i.CRYP_AES_ECB) refers to stm32f4xx_cryp.o(i.CRYP_KeyInit) for CRYP_KeyInit
    stm32f4xx_cryp_aes.o(i.CRYP_AES_ECB) refers to stm32f4xx_cryp.o(i.CRYP_Cmd) for CRYP_Cmd
    stm32f4xx_cryp_aes.o(i.CRYP_AES_ECB) refers to stm32f4xx_cryp.o(i.CRYP_GetFlagStatus) for CRYP_GetFlagStatus
    stm32f4xx_cryp_aes.o(i.CRYP_AES_ECB) refers to stm32f4xx_cryp.o(i.CRYP_GetCmdStatus) for CRYP_GetCmdStatus
    stm32f4xx_cryp_aes.o(i.CRYP_AES_ECB) refers to stm32f4xx_cryp.o(i.CRYP_DataIn) for CRYP_DataIn
    stm32f4xx_cryp_aes.o(i.CRYP_AES_ECB) refers to stm32f4xx_cryp.o(i.CRYP_DataOut) for CRYP_DataOut
    stm32f4xx_cryp_aes.o(i.CRYP_AES_GCM) refers to stm32f4xx_cryp.o(i.CRYP_KeyStructInit) for CRYP_KeyStructInit
    stm32f4xx_cryp_aes.o(i.CRYP_AES_GCM) refers to stm32f4xx_cryp.o(i.CRYP_FIFOFlush) for CRYP_FIFOFlush
[...]
    .text                                    0x08000438   Section        0  __printf_flags_ss_wp.o(.text)
    .text                                    0x080005c0   Section        0  strstr.o(.text)
    .text                                    0x080005e4   Section       78  rt_memclr_w.o(.text)
    .text                                    0x08000632   Section        0  heapauxi.o(.text)
    .text                                    0x08000638   Section        2  use_no_semi.o(.text)
    .text                                    0x0800063a   Section        0  _printf_intcommon.o(.text)
    .text                                    0x080006ec   Section        0  _printf_char_common.o(.text)
    _printf_input_char                       0x080006ed   Thumb Code    10  _printf_char_common.o(.text)
    .text                                    0x0800071c   Section        0  _printf_char.o(.text)
    .text                                    0x08000748   Section        0  _printf_char_file.o(.text)
    .text                                    0x0800076c   Section        0  ferror.o(.text)
    .text                                    0x08000774   Section       74  sys_stackheap_outer.o(.text)
    .text                                    0x080007be   Section        0  exit.o(.text)
    .text                                    0x080007d0   Section        8  libspace.o(.text)
    i.ADC_Cmd                                0x080007d8   Section        0  stm32f4xx_adc.o(i.ADC_Cmd)
    i.ADC_CommonInit                         0x080007f0   Section        0  stm32f4xx_adc.o(i.ADC_CommonInit)
    i.ADC_GetConversionValue                 0x08000820   Section        0  stm32f4xx_adc.o(i.ADC_GetConversionValue)
    i.ADC_GetFlagStatus                      0x08000828   Section        0  stm32f4xx_adc.o(i.ADC_GetFlagStatus)
    i.ADC_Init                               0x0800083c   Section        0  stm32f4xx_adc.o(i.ADC_Init)
    i.ADC_RegularChannelConfig               0x08000890   Section        0  stm32f4xx_adc.o(i.ADC_RegularChannelConfig)
    i.ADC_SoftwareStartConv                  0x08000948   Section        0  stm32f4xx_adc.o(i.ADC_SoftwareStartConv)
    i.APP_Sys                                0x08000954   Section        0  main.o(i.APP_Sys)
    i.A_Window                               0x08000aac   Section        0  main.o(i.A_Window)
    i.Adc_Init                               0x08000c54   Section        0  mq2.o(i.Adc_Init)
    i.Add_FR                                 0x08000cec   Section        0  main.o(i.Add_FR)
    i.Apps_Init                              0x08000fac   Section        0  apps.o(i.Apps_Init)
    i.Apps_Window                            0x08000fd4   Section        0  main.o(i.Apps_Window)
    i.BusFault_Handler                       0x080016fc   Section        0  stm32f4xx_it.o(i.BusFault_Handler)
    i.Config_Window                          0x08001700   Section        0  main.o(i.Config_Window)
    i.Curtain_Off                            0x080018cc   Section        0  pwm.o(i.Curtain_Off)
    i.Curtain_On                             0x080018e4   Section        0  pwm.o(i.Curtain_On)
    i.DHT11_GPIO_IN                          0x080018fc   Section        0  dht11.o(i.DHT11_GPIO_IN)
    i.DHT11_GPIO_OUT                         0x08001924   Section        0  dht11.o(i.DHT11_GPIO_OUT)
    i.DHT_Read                               0x08001954   Section        0  dht11.o(i.DHT_Read)
    i.DHT_Read_Byte                          0x08001a1c   Section        0  dht11.o(i.DHT_Read_Byte)
    i.DebugMon_Handler                       0x08001a90   Section        0  stm32f4xx_it.o(i.DebugMon_Handler)
    i.Del_FR                                 0x08001a94   Section        0  main.o(i.Del_FR)
    i.Delay_init                             0x08001c04   Section        0  delay.o(i.Delay_init)
    i.Delay_ms                               0x08001c40   Section        0  delay.o(i.Delay_ms)
    i.Delay_us                               0x08001c78   Section        0  delay.o(i.Delay_us)
    i.Delay_xms                              0x08001cc4   Section        0  delay.o(i.Delay_xms)
    i.EnsureMessage                          0x08001d10   Section        0  as608.o(i.EnsureMessage)
    i.Fan_Off                                0x08001f80   Section        0  apps.o(i.Fan_Off)
    i.Fan_On                                 0x08001f8c   Section        0  apps.o(i.Fan_On)
    i.Fanlight_Off                           0x08001f98   Section        0  motor.o(i.Fanlight_Off)
    i.Fanlight_On                            0x08001fa4   Section        0  motor.o(i.Fanlight_On)
    i.Fanlight_Stop                          0x08001fae   Section        0  motor.o(i.Fanlight_Stop)
    i.FingCon_Window                         0x08001fb8   Section        0  main.o(i.FingCon_Window)
    i.Finger_Window                          0x08002104   Section        0  main.o(i.Finger_Window)
    i.GPIO_Init                              0x0800224c   Section        0  stm32f4xx_gpio.o(i.GPIO_Init)
    i.GPIO_PinAFConfig                       0x080022dc   Section        0  stm32f4xx_gpio.o(i.GPIO_PinAFConfig)
    i.GPIO_ReadInputDataBit                  0x08002322   Section        0  stm32f4xx_gpio.o(i.GPIO_ReadInputDataBit)
    i.GPIO_ResetBits                         0x08002334   Section        0  stm32f4xx_gpio.o(i.GPIO_ResetBits)
    i.GPIO_SetBits                           0x0800233a   Section        0  stm32f4xx_gpio.o(i.GPIO_SetBits)
    i.GPIO_WriteBit                          0x0800233e   Section        0  stm32f4xx_gpio.o(i.GPIO_WriteBit)
    i.Get_Adc_Average                        0x0800234a   Section        0  mq2.o(i.Get_Adc_Average)
    i.Get_Adc_Data                           0x08002378   Section        0  mq2.o(i.Get_Adc_Data)
    i.HVAC_Off                               0x080023a8   Section        0  apps.o(i.HVAC_Off)
    i.HVAC_On                                0x080023b4   Section        0  apps.o(i.HVAC_On)
    i.HardFault_Handler                      0x080023c0   Section        0  stm32f4xx_it.o(i.HardFault_Handler)
    i.InDoor_Off                             0x080023c4   Section        0  apps.o(i.InDoor_Off)
    i.InDoor_On                              0x080023d0   Section        0  apps.o(i.InDoor_On)
    i.JudgeStr                               0x080023dc   Section        0  as608.o(i.JudgeStr)
    JudgeStr                                 0x080023dd   Thumb Code   122  as608.o(i.JudgeStr)
    i.Key_Init                               0x08002464   Section        0  key.o(i.Key_Init)
    i.Key_scan                               0x080024ac   Section        0  key.o(i.Key_scan)
    i.LightSensor_Get                        0x08002674   Section        0  lightsensor.o(i.LightSensor_Get)
    i.LightSensor_Init                       0x08002684   Section        0  lightsensor.o(i.LightSensor_Init)
    i.MYUSART_SendData                       0x080026ac   Section        0  as608.o(i.MYUSART_SendData)
    MYUSART_SendData                         0x080026ad   Thumb Code    22  as608.o(i.MYUSART_SendData)
    i.Main_Window                            0x080026c8   Section        0  main.o(i.Main_Window)
    i.MemManage_Handler                      0x080027f4   Section        0  stm32f4xx_it.o(i.MemManage_Handler)
    i.Motor_Init                             0x080027f8   Section        0  motor.o(i.Motor_Init)
    i.Motor_SetSpeed                         0x08002830   Section        0  motor.o(i.Motor_SetSpeed)
    i.NMI_Handler                            0x08002870   Section        0  stm32f4xx_it.o(i.NMI_Handler)
    i.NVIC_Init                              0x08002874   Section        0  misc.o(i.NVIC_Init)
    i.NVIC_PriorityGroupConfig               0x080028ec   Section        0  misc.o(i.NVIC_PriorityGroupConfig)
    i.OLED_Clear                             0x08002900   Section        0  oled.o(i.OLED_Clear)
    i.OLED_I2C_Init                          0x0800292c   Section        0  oled.o(i.OLED_I2C_Init)
    i.OLED_I2C_SendByte                      0x0800296c   Section        0  oled.o(i.OLED_I2C_SendByte)
    i.OLED_I2C_Start                         0x080029a2   Section        0  oled.o(i.OLED_I2C_Start)
    i.OLED_I2C_Stop                          0x080029be   Section        0  oled.o(i.OLED_I2C_Stop)
    i.OLED_Init                              0x080029d4   Section        0  oled.o(i.OLED_Init)
    i.OLED_Pow                               0x08002a82   Section        0  oled.o(i.OLED_Pow)
    i.OLED_SetCursor                         0x08002a96   Section        0  oled.o(i.OLED_SetCursor)
    i.OLED_ShowChar                          0x08002ab8   Section        0  oled.o(i.OLED_ShowChar)
    i.OLED_ShowNum                           0x08002b2c   Section        0  oled.o(i.OLED_ShowNum)
    i.OLED_ShowString                        0x08002b70   Section        0  oled.o(i.OLED_ShowString)
    i.OLED_W_SCL                             0x08002b98   Section        0  oled.o(i.OLED_W_SCL)
    i.OLED_W_SDA                             0x08002bb4   Section        0  oled.o(i.OLED_W_SDA)
    i.OLED_WriteCommand                      0x08002bd0   Section        0  oled.o(i.OLED_WriteCommand)
    i.OLED_WriteData                         0x08002bf0   Section        0  oled.o(i.OLED_WriteData)
    i.OutDoor_Off                            0x08002c10   Section        0  apps.o(i.OutDoor_Off)
    i.OutDoor_On                             0x08002c1c   Section        0  apps.o(i.OutDoor_On)
    i.PS_DeletChar                           0x08002c28   Section        0  as608.o(i.PS_DeletChar)
    i.PS_Empty                               0x08002c94   Section        0  as608.o(i.PS_Empty)
    i.PS_GenChar                             0x08002cce   Section        0  as608.o(i.PS_GenChar)
    i.PS_GetImage                            0x08002d14   Section        0  as608.o(i.PS_GetImage)
    i.PS_HandShake                           0x08002d50   Section        0  as608.o(i.PS_HandShake)
    i.PS_HighSpeedSearch                     0x08002dd0   Section        0  as608.o(i.PS_HighSpeedSearch)
    i.PS_Match                               0x08002e60   Section        0  as608.o(i.PS_Match)
    i.PS_ReadSysPara                         0x08002e9c   Section        0  as608.o(i.PS_ReadSysPara)
    i.PS_RegModel                            0x08002f8c   Section        0  as608.o(i.PS_RegModel)
    i.PS_StoreChar                           0x08002fc6   Section        0  as608.o(i.PS_StoreChar)
    i.PS_ValidTempleteNum                    0x08003028   Section        0  as608.o(i.PS_ValidTempleteNum)
    i.PWM_Init                               0x080030b0   Section        0  pwm.o(i.PWM_Init)
    i.PWM_SetCompare3                        0x08003154   Section        0  pwm.o(i.PWM_SetCompare3)
    i.PassCon_Window                         0x08003164   Section        0  main.o(i.PassCon_Window)
    i.Pass_Window                            0x08003314   Section        0  main.o(i.Pass_Window)
    i.PendSV_Handler                         0x08003480   Section        0  stm32f4xx_it.o(i.PendSV_Handler)
    i.RCC_AHB1PeriphClockCmd                 0x08003484   Section        0  stm32f4xx_rcc.o(i.RCC_AHB1PeriphClockCmd)
    i.RCC_APB1PeriphClockCmd                 0x080034a4   Section        0  stm32f4xx_rcc.o(i.RCC_APB1PeriphClockCmd)
    i.RCC_APB2PeriphClockCmd                 0x080034c4   Section        0  stm32f4xx_rcc.o(i.RCC_APB2PeriphClockCmd)
    i.RCC_GetClocksFreq                      0x080034e4   Section        0  stm32f4xx_rcc.o(i.RCC_GetClocksFreq)
    i.Rain_Get                               0x080035cc   Section        0  pwm.o(i.Rain_Get)
    i.SVC_Handler                            0x080035dc   Section        0  stm32f4xx_it.o(i.SVC_Handler)
    i.SendAddr                               0x080035e0   Section        0  as608.o(i.SendAddr)
    SendAddr                                 0x080035e1   Thumb Code    46  as608.o(i.SendAddr)
    i.SendCheck                              0x08003614   Section        0  as608.o(i.SendCheck)
    SendCheck                                0x08003615   Thumb Code    18  as608.o(i.SendCheck)
    i.SendFlag                               0x08003626   Section        0  as608.o(i.SendFlag)
    SendFlag                                 0x08003627   Thumb Code    12  as608.o(i.SendFlag)
    i.SendHead                               0x08003632   Section        0  as608.o(i.SendHead)
    SendHead                                 0x08003633   Thumb Code    16  as608.o(i.SendHead)
    i.SendLength                             0x08003642   Section        0  as608.o(i.SendLength)
    SendLength                               0x08003643   Thumb Code    20  as608.o(i.SendLength)
    i.Sendcmd                                0x08003656   Section        0  as608.o(i.Sendcmd)
    Sendcmd                                  0x08003657   Thumb Code    12  as608.o(i.Sendcmd)
    i.SetSysClock                            0x08003664   Section        0  system_stm32f4xx.o(i.SetSysClock)
    SetSysClock                              0x08003665   Thumb Code   220  system_stm32f4xx.o(i.SetSysClock)
    i.ShowErrMessage                         0x08003750   Section        0  as608.o(i.ShowErrMessage)
    i.SysTick_CLKSourceConfig                0x08003770   Section        0  misc.o(i.SysTick_CLKSourceConfig)
    i.SystemInit                             0x08003798   Section        0  system_stm32f4xx.o(i.SystemInit)
    i.TIM3_PWM_Init                          0x08003800   Section        0  pwm.o(i.TIM3_PWM_Init)
    i.TIM5_IRQHandler                        0x080038ac   Section        0  main.o(i.TIM5_IRQHandler)
    i.TIM5_Init                              0x08003afc   Section        0  timer.o(i.TIM5_Init)
    i.TIM7_IRQHandler                        0x08003b58   Section        0  as608.o(i.TIM7_IRQHandler)
    i.TIM7_Int_Init                          0x08003b8c   Section        0  as608.o(i.TIM7_Int_Init)
    i.TIM_ARRPreloadConfig                   0x08003be8   Section        0  stm32f4xx_tim.o(i.TIM_ARRPreloadConfig)
    i.TIM_ClearITPendingBit                  0x08003c00   Section        0  stm32f4xx_tim.o(i.TIM_ClearITPendingBit)
    i.TIM_Cmd                                0x08003c06   Section        0  stm32f4xx_tim.o(i.TIM_Cmd)
    i.TIM_GetITStatus                        0x08003c1e   Section        0  stm32f4xx_tim.o(i.TIM_GetITStatus)
    i.TIM_ITConfig                           0x08003c40   Section        0  stm32f4xx_tim.o(i.TIM_ITConfig)
    i.TIM_InternalClockConfig                0x08003c52   Section        0  stm32f4xx_tim.o(i.TIM_InternalClockConfig)
    i.TIM_OC1Init                            0x08003c60   Section        0  stm32f4xx_tim.o(i.TIM_OC1Init)
    i.TIM_OC2Init                            0x08003cdc   Section        0  stm32f4xx_tim.o(i.TIM_OC2Init)
    i.TIM_OC3Init                            0x08003d80   Section        0  stm32f4xx_tim.o(i.TIM_OC3Init)
    i.TIM_OCStructInit                       0x08003e20   Section        0  stm32f4xx_tim.o(i.TIM_OCStructInit)
    i.TIM_SetCompare1                        0x08003e34   Section        0  stm32f4xx_tim.o(i.TIM_SetCompare1)
    i.TIM_SetCompare2                        0x08003e38   Section        0  stm32f4xx_tim.o(i.TIM_SetCompare2)
    i.TIM_SetCompare3                        0x08003e3c   Section        0  stm32f4xx_tim.o(i.TIM_SetCompare3)
    i.TIM_SetCounter                         0x08003e40   Section        0  stm32f4xx_tim.o(i.TIM_SetCounter)
    i.TIM_TimeBaseInit                       0x08003e44   Section        0  stm32f4xx_tim.o(i.TIM_TimeBaseInit)
    i.USART1_IRQHandler                      0x08003ec8   Section        0  usart.o(i.USART1_IRQHandler)
    i.USART3_IRQHandler                      0x08003f50   Section        0  as608.o(i.USART3_IRQHandler)
    i.USART3_Init                            0x08003fc0   Section        0  as608.o(i.USART3_Init)
    i.USART_Cmd                              0x08004084   Section        0  stm32f4xx_usart.o(i.USART_Cmd)
    i.USART_GetITStatus                      0x0800409c   Section        0  stm32f4xx_usart.o(i.USART_GetITStatus)
    i.USART_ITConfig                         0x080040f0   Section        0  stm32f4xx_usart.o(i.USART_ITConfig)
    i.USART_Init                             0x0800413c   Section        0  stm32f4xx_usart.o(i.USART_Init)
    i.USART_ReceiveData                      0x08004210   Section        0  stm32f4xx_usart.o(i.USART_ReceiveData)
    i.UsageFault_Handler                     0x0800421a   Section        0  stm32f4xx_it.o(i.UsageFault_Handler)
    i.Voice_Init                             0x08004220   Section        0  voice.o(i.Voice_Init)
    i._is_digit                              0x08004250   Section        0  __printf_wp.o(i._is_digit)
    i._sys_exit                              0x0800425e   Section        0  usart.o(i._sys_exit)
    i.fmq                                    0x08004264   Section        0  fmq.o(i.fmq)
    i.fmq_Init                               0x0800428c   Section        0  fmq.o(i.fmq_Init)
    i.fputc                                  0x080042c0   Section        0  usart.o(i.fputc)
    i.main                                   0x080042dc   Section        0  main.o(i.main)
    i.press_FR                               0x0800439c   Section        0  main.o(i.press_FR)
    i.uart_init                              0x08004478   Section        0  usart.o(i.uart_init)
    x$fpl$fpinit                             0x08004528   Section       10  fpinit.o(x$fpl$fpinit)
    $v0                                      0x08004528   Number         0  fpinit.o(x$fpl$fpinit)
    .constdata                               0x08004532   Section     1520  oled.o(.constdata)
    .constdata                               0x08004b22   Section       40  _printf_hex_int_ll_ptr.o(.constdata)
    uc_hextab                                0x08004b22   Data          20  _printf_hex_int_ll_ptr.o(.constdata)
    lc_hextab                                0x08004b36   Data          20  _printf_hex_int_ll_ptr.o(.constdata)
    .constdata                               0x08004b4a   Section       17  __printf_flags_ss_wp.o(.constdata)
    maptable                                 0x08004b4a   Data          17  __printf_flags_ss_wp.o(.constdata)
    .conststring                             0x08004b5c   Section       78  main.o(.conststring)
    .data                                    0x20000000   Section       16  stm32f4xx_rcc.o(.data)
    APBAHBPrescTable                         0x20000000   Data          16  stm32f4xx_rcc.o(.data)
    .data                                    0x20000010   Section        8  as608.o(.data)
    .data                                    0x20000018   Section        6  dht11.o(.data)
    .data                                    0x2000001e   Section        4  delay.o(.data)
    fac_us                                   0x2000001e   Data           1  delay.o(.data)
    fac_ms                                   0x20000020   Data           2  delay.o(.data)
    .data                                    0x20000024   Section        6  usart.o(.data)
    .data                                    0x2000002c   Section      556  main.o(.data)
    .bss                                     0x20000258   Section     1200  as608.o(.bss)
    .bss                                     0x20000708   Section      200  usart.o(.bss)
    .bss                                     0x200007d0   Section       12  main.o(.bss)
    .bss                                     0x200007dc   Section       96  libspace.o(.bss)
    HEAP                                     0x20000840   Section      512  startup_stm32f40xx.o(HEAP)
    Heap_Mem                                 0x20000840   Data         512  startup_stm32f40xx.o(HEAP)
    STACK                                    0x20000a40   Section     1024  startup_stm32f40xx.o(STACK)
    Stack_Mem                                0x20000a40   Data        1024  startup_stm32f40xx.o(STACK)
    __initial_sp                             0x20000e40   Data           0  startup_stm32f40xx.o(STACK)

    Global Symbols

    Symbol Name                              Value     Ov Type        Size  Object(Section)

    BuildAttributes$$THM_ISAv4$E$P$D$K$B$S$7EM$VFPi3$EXTD16$VFPS$VFMA$PE$A:L22UL41UL21$X:L11$S22US41US21$IEEE1$IW$USESV6$~STKCKD$USESV7$~SHL$OTIME$ROPI$IEEEJ$EBA8$UX$STANDARDLIB$REQ8$PRES8$EABIv2 0x00000000   Number         0  anon$$obj.o ABSOLUTE
    __ARM_use_no_argv                        0x00000000   Number         0  main.o ABSOLUTE
    _printf_flags                            0x00000000   Number         0  printf_stubs.o ABSOLUTE
    _printf_return_value                     0x00000000   Number         0  printf_stubs.o ABSOLUTE
    _printf_sizespec                         0x00000000   Number         0  printf_stubs.o ABSOLUTE
    _printf_widthprec                        0x00000000   Number         0  printf_stubs.o ABSOLUTE
    __ARM_exceptions_init                     - Undefined Weak Reference
    __alloca_initialize                       - Undefined Weak Reference
    __arm_fini_                               - Undefined Weak Reference
    __arm_preinit_                            - Undefined Weak Reference
    __cpp_initialize__aeabi_                  - Undefined Weak Reference
    __cxa_finalize                            - Undefined Weak Reference
    __sigvec_lookup                           - Undefined Weak Reference
    _atexit_init                              - Undefined Weak Reference
    _call_atexit_fns                          - Undefined Weak Reference
    _clock_init                               - Undefined Weak Reference
    _fp_trap_init                             - Undefined Weak Reference
    _fp_trap_shutdown                         - Undefined Weak Reference
    _get_lc_collate                           - Undefined Weak Reference
    _get_lc_monetary                          - Undefined Weak Reference
    _get_lc_time                              - Undefined Weak Reference
    _getenv_init                              - Undefined Weak Reference
    _handle_redirection                       - Undefined Weak Reference
    _init_alloc                               - Undefined Weak Reference
    _init_user_alloc                          - Undefined Weak Reference
    _initio                                   - Undefined Weak Reference
    _mutex_acquire                            - Undefined Weak Reference
    _mutex_release                            - Undefined Weak Reference
    _printf_mbtowc                            - Undefined Weak Reference
    _printf_wc                                - Undefined Weak Reference
    _rand_init                                - Undefined Weak Reference
    _signal_finish                            - Undefined Weak Reference
    _signal_init                              - Undefined Weak Reference
    _terminate_alloc                          - Undefined Weak Reference
    _terminate_user_alloc                     - Undefined Weak Reference
    _terminateio                              - Undefined Weak Reference
    __Vectors_Size                           0x00000188   Number         0  startup_stm32f40xx.o ABSOLUTE
    __Vectors                                0x08000000   Data           4  startup_stm32f40xx.o(RESET)
    __Vectors_End                            0x08000188   Data           0  startup_stm32f40xx.o(RESET)
    __main                                   0x08000189   Thumb Code     8  __main.o(!!!main)
    __scatterload                            0x08000191   Thumb Code     0  __scatter.o(!!!scatter)
    __scatterload_rt2                        0x08000191   Thumb Code    44  __scatter.o(!!!scatter)
    __scatterload_rt2_thumb_only             0x08000191   Thumb Code     0  __scatter.o(!!!scatter)
    __scatterload_null                       0x0800019f   Thumb Code     0  __scatter.o(!!!scatter)
    __decompress                             0x080001c5   Thumb Code    90  __dczerorl2.o(!!dczerorl2)
    __decompress1                            0x080001c5   Thumb Code     0  __dczerorl2.o(!!dczerorl2)
    __scatterload_zeroinit                   0x08000221   Thumb Code    28  __scatter_zi.o(!!handler_zi)
    _printf_d                                0x0800023d   Thumb Code     0  _printf_d.o(.ARM.Collect$$_printf_percent$$00000009)
    _printf_percent                          0x0800023d   Thumb Code     0  _printf_percent.o(.ARM.Collect$$_printf_percent$$00000000)
    _printf_x                                0x08000243   Thumb Code     0  _printf_x.o(.ARM.Collect$$_printf_percent$$0000000C)
    _printf_s                                0x08000249   Thumb Code     0  _printf_s.o(.ARM.Collect$$_printf_percent$$00000014)
    _printf_percent_end                      0x0800024f   Thumb Code     0  _printf_percent_end.o(.ARM.Collect$$_printf_percent$$00000017)
    __rt_lib_init                            0x08000253   Thumb Code     0  libinit.o(.ARM.Collect$$libinit$$00000000)
    __rt_lib_init_fp_1                       0x08000255   Thumb Code     0  libinit2.o(.ARM.Collect$$libinit$$00000001)
    __rt_lib_init_alloca_1                   0x08000259   Thumb Code     0  libinit2.o(.ARM.Collect$$libinit$$0000002E)
    __rt_lib_init_argv_1                     0x08000259   Thumb Code     0  libinit2.o(.ARM.Collect$$libinit$$0000002C)
    __rt_lib_init_atexit_1                   0x08000259   Thumb Code     0  libinit2.o(.ARM.Collect$$libinit$$0000001B)
    __rt_lib_init_clock_1                    0x08000259   Thumb Code     0  libinit2.o(.ARM.Collect$$libinit$$00000021)
    __rt_lib_init_cpp_1                      0x08000259   Thumb Code     0  libinit2.o(.ARM.Collect$$libinit$$00000032)
    __rt_lib_init_exceptions_1               0x08000259   Thumb Code     0  libinit2.o(.ARM.Collect$$libinit$$00000030)
    __rt_lib_init_fp_trap_1                  0x08000259   Thumb Code     0  libinit2.o(.ARM.Collect$$libinit$$0000001F)
    __rt_lib_init_getenv_1                   0x08000259   Thumb Code     0  libinit2.o(.ARM.Collect$$libinit$$00000023)
    __rt_lib_init_heap_1                     0x08000259   Thumb Code     0  libinit2.o(.ARM.Collect$$libinit$$0000000A)
    __rt_lib_init_lc_collate_1               0x08000259   Thumb Code     0  libinit2.o(.ARM.Collect$$libinit$$00000011)
    __rt_lib_init_lc_ctype_1                 0x08000259   Thumb Code     0  libinit2.o(.ARM.Collect$$libinit$$00000013)
    __rt_lib_init_lc_monetary_1              0x08000259   Thumb Code     0  libinit2.o(.ARM.Collect$$libinit$$00000015)
    __rt_lib_init_lc_numeric_1               0x08000259   Thumb Code     0  libinit2.o(.ARM.Collect$$libinit$$00000017)
    __rt_lib_init_lc_time_1                  0x08000259   Thumb Code     0  libinit2.o(.ARM.Collect$$libinit$$00000019)
    __rt_lib_init_preinit_1                  0x08000259   Thumb Code     0  libinit2.o(.ARM.Collect$$libinit$$00000004)
    __rt_lib_init_rand_1                     0x08000259   Thumb Code     0  libinit2.o(.ARM.Collect$$libinit$$0000000E)
    __rt_lib_init_return                     0x08000259   Thumb Code     0  libinit2.o(.ARM.Collect$$libinit$$00000033)
    __rt_lib_init_signal_1                   0x08000259   Thumb Code     0  libinit2.o(.ARM.Collect$$libinit$$0000001D)
    __rt_lib_init_stdio_1                    0x08000259   Thumb Code     0  libinit2.o(.ARM.Collect$$libinit$$00000025)
    __rt_lib_init_user_alloc_1               0x08000259   Thumb Code     0  libinit2.o(.ARM.Collect$$libinit$$0000000C)
    __rt_lib_shutdown                        0x0800025b   Thumb Code     0  libshutdown.o(.ARM.Collect$$libshutdown$$00000000)
    __rt_lib_shutdown_cpp_1                  0x0800025d   Thumb Code     0  libshutdown2.o(.ARM.Collect$$libshutdown$$00000004)
    __rt_lib_shutdown_fini_1                 0x0800025d   Thumb Code     0  libshutdown2.o(.ARM.Collect$$libshutdown$$00000002)
    __rt_lib_shutdown_fp_trap_1              0x0800025d   Thumb Code     0  libshutdown2.o(.ARM.Collect$$libshutdown$$00000009)
    __rt_lib_shutdown_heap_1                 0x0800025d   Thumb Code     0  libshutdown2.o(.ARM.Collect$$libshutdown$$00000011)
    __rt_lib_shutdown_return                 0x0800025d   Thumb Code     0  libshutdown2.o(.ARM.Collect$$libshutdown$$00000012)
    __rt_lib_shutdown_signal_1               0x0800025d   Thumb Code     0  libshutdown2.o(.ARM.Collect$$libshutdown$$0000000C)
    __rt_lib_shutdown_stdio_1                0x0800025d   Thumb Code     0  libshutdown2.o(.ARM.Collect$$libshutdown$$00000006)
    __rt_lib_shutdown_user_alloc_1           0x0800025d   Thumb Code     0  libshutdown2.o(.ARM.Collect$$libshutdown$$0000000E)
    __rt_entry                               0x0800025f   Thumb Code     0  __rtentry.o(.ARM.Collect$$rtentry$$00000000)
    __rt_entry_presh_1                       0x0800025f   Thumb Code     0  __rtentry2.o(.ARM.Collect$$rtentry$$00000002)
    __rt_entry_sh                            0x0800025f   Thumb Code     0  __rtentry4.o(.ARM.Collect$$rtentry$$00000004)
    __rt_entry_li                            0x08000265   Thumb Code     0  __rtentry2.o(.ARM.Collect$$rtentry$$0000000A)
    __rt_entry_postsh_1                      0x08000265   Thumb Code     0  __rtentry2.o(.ARM.Collect$$rtentry$$00000009)
    __rt_entry_main                          0x08000269   Thumb Code     0  __rtentry2.o(.ARM.Collect$$rtentry$$0000000D)
    __rt_entry_postli_1                      0x08000269   Thumb Code     0  __rtentry2.o(.ARM.Collect$$rtentry$$0000000C)
    __rt_exit                                0x08000271   Thumb Code     0  rtexit.o(.ARM.Collect$$rtexit$$00000000)
    __rt_exit_ls                             0x08000273   Thumb Code     0  rtexit2.o(.ARM.Collect$$rtexit$$00000003)
    __rt_exit_prels_1                        0x08000273   Thumb Code     0  rtexit2.o(.ARM.Collect$$rtexit$$00000002)
    __rt_exit_exit                           0x08000277   Thumb Code     0  rtexit2.o(.ARM.Collect$$rtexit$$00000004)
    Reset_Handler                            0x0800027d   Thumb Code     8  startup_stm32f40xx.o(.text)
    SysTick_Handler                          0x08000295   Thumb Code     2  startup_stm32f40xx.o(.text)
    ADC_IRQHandler                           0x08000297   Thumb Code     0  startup_stm32f40xx.o(.text)
    CAN1_RX0_IRQHandler                      0x08000297   Thumb Code     0  startup_stm32f40xx.o(.text)
    CAN1_RX1_IRQHandler                      0x08000297   Thumb Code     0  startup_stm32f40xx.o(.text)
    CAN1_SCE_IRQHandler                      0x08000297   Thumb Code     0  startup_stm32f40xx.o(.text)
    CAN1_TX_IRQHandler                       0x08000297   Thumb Code     0  startup_stm32f40xx.o(.text)
    CAN2_RX0_IRQHandler                      0x08000297   Thumb Code     0  startup_stm32f40xx.o(.text)
    CAN2_RX1_IRQHandler                      0x08000297   Thumb Code     0  startup_stm32f40xx.o(.text)
    CAN2_SCE_IRQHandler                      0x08000297   Thumb Code     0  startup_stm32f40xx.o(.text)
    CAN2_TX_IRQHandler                       0x08000297   Thumb Code     0  startup_stm32f40xx.o(.text)
    CRYP_IRQHandler                          0x08000297   Thumb Code     0  startup_stm32f40xx.o(.text)
    DCMI_IRQHandler                          0x08000297   Thumb Code     0  startup_stm32f40xx.o(.text)
    DMA1_Stream0_IRQHandler                  0x08000297   Thumb Code     0  startup_stm32f40xx.o(.text)
    DMA1_Stream1_IRQHandler                  0x08000297   Thumb Code     0  startup_stm32f40xx.o(.text)
    DMA1_Stream2_IRQHandler                  0x08000297   Thumb Code     0  startup_stm32f40xx.o(.text)
    DMA1_Stream3_IRQHandler                  0x08000297   Thumb Code     0  startup_stm32f40xx.o(.text)
    DMA1_Stream4_IRQHandler                  0x08000297   Thumb Code     0  startup_stm32f40xx.o(.text)
    DMA1_Stream5_IRQHandler                  0x08000297   Thumb Code     0  startup_stm32f40xx.o(.text)
    DMA1_Stream6_IRQHandler                  0x08000297   Thumb Code     0  startup_stm32f40xx.o(.text)
    DMA1_Stream7_IRQHandler                  0x08000297   Thumb Code     0  startup_stm32f40xx.o(.text)
    DMA2_Stream0_IRQHandler                  0x08000297   Thumb Code     0  startup_stm32f40xx.o(.text)
    DMA2_Stream1_IRQHandler                  0x08000297   Thumb Code     0  startup_stm32f40xx.o(.text)
    DMA2_Stream2_IRQHandler                  0x08000297   Thumb Code     0  startup_stm32f40xx.o(.text)
    DMA2_Stream3_IRQHandler                  0x08000297   Thumb Code     0  startup_stm32f40xx.o(.text)
    DMA2_Stream4_IRQHandler                  0x08000297   Thumb Code     0  startup_stm32f40xx.o(.text)
    DMA2_Stream5_IRQHandler                  0x08000297   Thumb Code     0  startup_stm32f40xx.o(.text)
    DMA2_Stream6_IRQHandler                  0x08000297   Thumb Code     0  startup_stm32f40xx.o(.text)
    DMA2_Stream7_IRQHandler                  0x08000297   Thumb Code     0  startup_stm32f40xx.o(.text)
    ETH_IRQHandler                           0x08000297   Thumb Code     0  startup_stm32f40xx.o(.text)
    ETH_WKUP_IRQHandler                      0x08000297   Thumb Code     0  startup_stm32f40xx.o(.text)
    EXTI0_IRQHandler                         0x08000297   Thumb Code     0  startup_stm32f40xx.o(.text)
    EXTI15_10_IRQHandler                     0x08000297   Thumb Code     0  startup_stm32f40xx.o(.text)
    EXTI1_IRQHandler                         0x08000297   Thumb Code     0  startup_stm32f40xx.o(.text)
    EXTI2_IRQHandler                         0x08000297   Thumb Code     0  startup_stm32f40xx.o(.text)
    EXTI3_IRQHandler                         0x08000297   Thumb Code     0  startup_stm32f40xx.o(.text)
    EXTI4_IRQHandler                         0x08000297   Thumb Code     0  startup_stm32f40xx.o(.text)
    EXTI9_5_IRQHandler                       0x08000297   Thumb Code     0  startup_stm32f40xx.o(.text)
    FLASH_IRQHandler                         0x08000297   Thumb Code     0  startup_stm32f40xx.o(.text)
    FPU_IRQHandler                           0x08000297   Thumb Code     0  startup_stm32f40xx.o(.text)
    FSMC_IRQHandler                          0x08000297   Thumb Code     0  startup_stm32f40xx.o(.text)
    HASH_RNG_IRQHandler                      0x08000297   Thumb Code     0  startup_stm32f40xx.o(.text)
    I2C1_ER_IRQHandler                       0x08000297   Thumb Code     0  startup_stm32f40xx.o(.text)
    I2C1_EV_IRQHandler                       0x08000297   Thumb Code     0  startup_stm32f40xx.o(.text)
    I2C2_ER_IRQHandler                       0x08000297   Thumb Code     0  startup_stm32f40xx.o(.text)
    I2C2_EV_IRQHandler                       0x08000297   Thumb Code     0  startup_stm32f40xx.o(.text)
    I2C3_ER_IRQHandler                       0x08000297   Thumb Code     0  startup_stm32f40xx.o(.text)
    I2C3_EV_IRQHandler                       0x08000297   Thumb Code     0  startup_stm32f40xx.o(.text)
    OTG_FS_IRQHandler                        0x08000297   Thumb Code     0  startup_stm32f40xx.o(.text)
    OTG_FS_WKUP_IRQHandler                   0x08000297   Thumb Code     0  startup_stm32f40xx.o(.text)
    OTG_HS_EP1_IN_IRQHandler                 0x08000297   Thumb Code     0  startup_stm32f40xx.o(.text)
    OTG_HS_EP1_OUT_IRQHandler                0x08000297   Thumb Code     0  startup_stm32f40xx.o(.text)
    OTG_HS_IRQHandler                        0x08000297   Thumb Code     0  startup_stm32f40xx.o(.text)
    OTG_HS_WKUP_IRQHandler                   0x08000297   Thumb Code     0  startup_stm32f40xx.o(.text)
    PVD_IRQHandler                           0x08000297   Thumb Code     0  startup_stm32f40xx.o(.text)
    RCC_IRQHandler                           0x08000297   Thumb Code     0  startup_stm32f40xx.o(.text)
    RTC_Alarm_IRQHandler                     0x08000297   Thumb Code     0  startup_stm32f40xx.o(.text)
    RTC_WKUP_IRQHandler                      0x08000297   Thumb Code     0  startup_stm32f40xx.o(.text)
    SDIO_IRQHandler                          0x08000297   Thumb Code     0  startup_stm32f40xx.o(.text)
    SPI1_IRQHandler                          0x08000297   Thumb Code     0  startup_stm32f40xx.o(.text)
    SPI2_IRQHandler                          0x08000297   Thumb Code     0  startup_stm32f40xx.o(.text)
    SPI3_IRQHandler                          0x08000297   Thumb Code     0  startup_stm32f40xx.o(.text)
    TAMP_STAMP_IRQHandler                    0x08000297   Thumb Code     0  startup_stm32f40xx.o(.text)
    TIM1_BRK_TIM9_IRQHandler                 0x08000297   Thumb Code     0  startup_stm32f40xx.o(.text)
    TIM1_CC_IRQHandler                       0x08000297   Thumb Code     0  startup_stm32f40xx.o(.text)
    TIM1_TRG_COM_TIM11_IRQHandler            0x08000297   Thumb Code     0  startup_stm32f40xx.o(.text)
    TIM1_UP_TIM10_IRQHandler                 0x08000297   Thumb Code     0  startup_stm32f40xx.o(.text)
    TIM2_IRQHandler                          0x08000297   Thumb Code     0  startup_stm32f40xx.o(.text)
    TIM3_IRQHandler                          0x08000297   Thumb Code     0  startup_stm32f40xx.o(.text)
    TIM4_IRQHandler                          0x08000297   Thumb Code     0  startup_stm32f40xx.o(.text)
    TIM6_DAC_IRQHandler                      0x08000297   Thumb Code     0  startup_stm32f40xx.o(.text)
    TIM8_BRK_TIM12_IRQHandler                0x08000297   Thumb Code     0  startup_stm32f40xx.o(.text)
    TIM8_CC_IRQHandler                       0x08000297   Thumb Code     0  startup_stm32f40xx.o(.text)
    TIM8_TRG_COM_TIM14_IRQHandler            0x08000297   Thumb Code     0  startup_stm32f40xx.o(.text)
    TIM8_UP_TIM13_IRQHandler                 0x08000297   Thumb Code     0  startup_stm32f40xx.o(.text)
    UART4_IRQHandler                         0x08000297   Thumb Code     0  startup_stm32f40xx.o(.text)
    UART5_IRQHandler                         0x08000297   Thumb Code     0  startup_stm32f40xx.o(.text)
    USART2_IRQHandler                        0x08000297   Thumb Code     0  startup_stm32f40xx.o(.text)
    USART6_IRQHandler                        0x08000297   Thumb Code     0  startup_stm32f40xx.o(.text)
    WWDG_IRQHandler                          0x08000297   Thumb Code     0  startup_stm32f40xx.o(.text)
    __user_initial_stackheap                 0x08000299   Thumb Code     0  startup_stm32f40xx.o(.text)
    __use_no_semihosting                     0x080002bd   Thumb Code     2  use_no_semi_2.o(.text)
    __2printf                                0x080002c1   Thumb Code    20  __2printf.o(.text)
    _printf_str                              0x080002d9   Thumb Code    82  _printf_str.o(.text)
    _printf_int_dec                          0x0800032d   Thumb Code   104  _printf_dec.o(.text)
    _printf_longlong_hex                     0x080003a5   Thumb Code    86  _printf_hex_int_ll_ptr.o(.text)
    _printf_int_hex                          0x080003fb   Thumb Code    28  _printf_hex_int_ll_ptr.o(.text)
    _printf_ll_hex                           0x08000417   Thumb Code    12  _printf_hex_int_ll_ptr.o(.text)
    _printf_hex_ptr                          0x08000423   Thumb Code    18  _printf_hex_int_ll_ptr.o(.text)
    __printf                                 0x08000439   Thumb Code   388  __printf_flags_ss_wp.o(.text)
    strstr                                   0x080005c1   Thumb Code    36  strstr.o(.text)
    __aeabi_memclr4                          0x080005e5   Thumb Code     0  rt_memclr_w.o(.text)
    __aeabi_memclr8                          0x080005e5   Thumb Code     0  rt_memclr_w.o(.text)
    __rt_memclr_w                            0x080005e5   Thumb Code    78  rt_memclr_w.o(.text)
    _memset_w                                0x080005e9   Thumb Code     0  rt_memclr_w.o(.text)
    __use_two_region_memory                  0x08000633   Thumb Code     2  heapauxi.o(.text)
    __rt_heap_escrow$2region                 0x08000635   Thumb Code     2  heapauxi.o(.text)
    __rt_heap_expand$2region                 0x08000637   Thumb Code     2  heapauxi.o(.text)
    __I$use$semihosting                      0x08000639   Thumb Code     0  use_no_semi.o(.text)
    __use_no_semihosting_swi                 0x08000639   Thumb Code     2  use_no_semi.o(.text)
    _printf_int_common                       0x0800063b   Thumb Code   178  _printf_intcommon.o(.text)
    _printf_char_common                      0x080006f7   Thumb Code    32  _printf_char_common.o(.text)
    _printf_cs_common                        0x0800071d   Thumb Code    20  _printf_char.o(.text)
    _printf_char                             0x08000731   Thumb Code    16  _printf_char.o(.text)
    _printf_string                           0x08000741   Thumb Code     8  _printf_char.o(.text)
    _printf_char_file                        0x08000749   Thumb Code    32  _printf_char_file.o(.text)
    ferror                                   0x0800076d   Thumb Code     8  ferror.o(.text)
    __user_setup_stackheap                   0x08000775   Thumb Code    74  sys_stackheap_outer.o(.text)
    exit                                     0x080007bf   Thumb Code    18  exit.o(.text)
    __user_libspace                          0x080007d1   Thumb Code     8  libspace.o(.text)
    __user_perproc_libspace                  0x080007d1   Thumb Code     0  libspace.o(.text)
    __user_perthread_libspace                0x080007d1   Thumb Code     0  libspace.o(.text)
    ADC_Cmd                                  0x080007d9   Thumb Code    22  stm32f4xx_adc.o(i.ADC_Cmd)
    ADC_CommonInit                           0x080007f1   Thumb Code    34  stm32f4xx_adc.o(i.ADC_CommonInit)
    ADC_GetConversionValue                   0x08000821   Thumb Code     8  stm32f4xx_adc.o(i.ADC_GetConversionValue)
    ADC_GetFlagStatus                        0x08000829   Thumb Code    18  stm32f4xx_adc.o(i.ADC_GetFlagStatus)
    ADC_Init                                 0x0800083d   Thumb Code    74  stm32f4xx_adc.o(i.ADC_Init)
    ADC_RegularChannelConfig                 0x08000891   Thumb Code   184  stm32f4xx_adc.o(i.ADC_RegularChannelConfig)
    ADC_SoftwareStartConv                    0x08000949   Thumb Code    10  stm32f4xx_adc.o(i.ADC_SoftwareStartConv)
    APP_Sys                                  0x08000955   Thumb Code   304  main.o(i.APP_Sys)
    A_Window                                 0x08000aad   Thumb Code   350  main.o(i.A_Window)
    Adc_Init                                 0x08000c55   Thumb Code   144  mq2.o(i.Adc_Init)
    Add_FR                                   0x08000ced   Thumb Code   488  main.o(i.Add_FR)
    Apps_Init                                0x08000fad   Thumb Code    36  apps.o(i.Apps_Init)
    Apps_Window                              0x08000fd5   Thumb Code  1774  main.o(i.Apps_Window)
    BusFault_Handler                         0x080016fd   Thumb Code     4  stm32f4xx_it.o(i.BusFault_Handler)
    Config_Window                            0x08001701   Thumb Code   380  main.o(i.Config_Window)
    Curtain_Off                              0x080018cd   Thumb Code    20  pwm.o(i.Curtain_Off)
    Curtain_On                               0x080018e5   Thumb Code    20  pwm.o(i.Curtain_On)
    DHT11_GPIO_IN                            0x080018fd   Thumb Code    36  dht11.o(i.DHT11_GPIO_IN)
    DHT11_GPIO_OUT                           0x08001925   Thumb Code    42  dht11.o(i.DHT11_GPIO_OUT)
    DHT_Read                                 0x08001955   Thumb Code   186  dht11.o(i.DHT_Read)
    DHT_Read_Byte                            0x08001a1d   Thumb Code   112  dht11.o(i.DHT_Read_Byte)
    DebugMon_Handler                         0x08001a91   Thumb Code     2  stm32f4xx_it.o(i.DebugMon_Handler)
    Del_FR                                   0x08001a95   Thumb Code   284  main.o(i.Del_FR)
    Delay_init                               0x08001c05   Thumb Code    52  delay.o(i.Delay_init)
    Delay_ms                                 0x08001c41   Thumb Code    56  delay.o(i.Delay_ms)
    Delay_us                                 0x08001c79   Thumb Code    72  delay.o(i.Delay_us)
    Delay_xms                                0x08001cc5   Thumb Code    72  delay.o(i.Delay_xms)
    EnsureMessage                            0x08001d11   Thumb Code   140  as608.o(i.EnsureMessage)
    Fan_Off                                  0x08001f81   Thumb Code     8  apps.o(i.Fan_Off)
    Fan_On                                   0x08001f8d   Thumb Code     8  apps.o(i.Fan_On)
    Fanlight_Off                             0x08001f99   Thumb Code    12  motor.o(i.Fanlight_Off)
    Fanlight_On                              0x08001fa5   Thumb Code    10  motor.o(i.Fanlight_On)
    Fanlight_Stop                            0x08001faf   Thumb Code    10  motor.o(i.Fanlight_Stop)
    FingCon_Window                           0x08001fb9   Thumb Code   272  main.o(i.FingCon_Window)
    Finger_Window                            0x08002105   Thumb Code   192  main.o(i.Finger_Window)
    GPIO_Init                                0x0800224d   Thumb Code   144  stm32f4xx_gpio.o(i.GPIO_Init)
    GPIO_PinAFConfig                         0x080022dd   Thumb Code    70  stm32f4xx_gpio.o(i.GPIO_PinAFConfig)
    GPIO_ReadInputDataBit                    0x08002323   Thumb Code    18  stm32f4xx_gpio.o(i.GPIO_ReadInputDataBit)
    GPIO_ResetBits                           0x08002335   Thumb Code     6  stm32f4xx_gpio.o(i.GPIO_ResetBits)
    GPIO_SetBits                             0x0800233b   Thumb Code     4  stm32f4xx_gpio.o(i.GPIO_SetBits)
    GPIO_WriteBit                            0x0800233f   Thumb Code    12  stm32f4xx_gpio.o(i.GPIO_WriteBit)
    Get_Adc_Average                          0x0800234b   Thumb Code    46  mq2.o(i.Get_Adc_Average)
    Get_Adc_Data                             0x08002379   Thumb Code    44  mq2.o(i.Get_Adc_Data)
    HVAC_Off                                 0x080023a9   Thumb Code     8  apps.o(i.HVAC_Off)
    HVAC_On                                  0x080023b5   Thumb Code     8  apps.o(i.HVAC_On)
    HardFault_Handler                        0x080023c1   Thumb Code     4  stm32f4xx_it.o(i.HardFault_Handler)
    InDoor_Off                               0x080023c5   Thumb Code     8  apps.o(i.InDoor_Off)
    InDoor_On                                0x080023d1   Thumb Code     8  apps.o(i.InDoor_On)
    Key_Init                                 0x08002465   Thumb Code    68  key.o(i.Key_Init)
    Key_scan                                 0x080024ad   Thumb Code   446  key.o(i.Key_scan)
    LightSensor_Get                          0x08002675   Thumb Code    12  lightsensor.o(i.LightSensor_Get)
    LightSensor_Init                         0x08002685   Thumb Code    34  lightsensor.o(i.LightSensor_Init)
    Main_Window                              0x080026c9   Thumb Code   254  main.o(i.Main_Window)
    MemManage_Handler                        0x080027f5   Thumb Code     4  stm32f4xx_it.o(i.MemManage_Handler)
    Motor_Init                               0x080027f9   Thumb Code    50  motor.o(i.Motor_Init)
    Motor_SetSpeed                           0x08002831   Thumb Code    58  motor.o(i.Motor_SetSpeed)
    NMI_Handler                              0x08002871   Thumb Code     2  stm32f4xx_it.o(i.NMI_Handler)
    NVIC_Init                                0x08002875   Thumb Code   106  misc.o(i.NVIC_Init)
    NVIC_PriorityGroupConfig                 0x080028ed   Thumb Code    10  misc.o(i.NVIC_PriorityGroupConfig)
    OLED_Clear                               0x08002901   Thumb Code    42  oled.o(i.OLED_Clear)
    OLED_I2C_Init                            0x0800292d   Thumb Code    60  oled.o(i.OLED_I2C_Init)
    OLED_I2C_SendByte                        0x0800296d   Thumb Code    54  oled.o(i.OLED_I2C_SendByte)
    OLED_I2C_Start                           0x080029a3   Thumb Code    28  oled.o(i.OLED_I2C_Start)
    OLED_I2C_Stop                            0x080029bf   Thumb Code    22  oled.o(i.OLED_I2C_Stop)
    OLED_Init                                0x080029d5   Thumb Code   174  oled.o(i.OLED_Init)
    OLED_Pow                                 0x08002a83   Thumb Code    20  oled.o(i.OLED_Pow)
    OLED_SetCursor                           0x08002a97   Thumb Code    34  oled.o(i.OLED_SetCursor)
    OLED_ShowChar                            0x08002ab9   Thumb Code   110  oled.o(i.OLED_ShowChar)
    OLED_ShowNum                             0x08002b2d   Thumb Code    68  oled.o(i.OLED_ShowNum)
    OLED_ShowString                          0x08002b71   Thumb Code    40  oled.o(i.OLED_ShowString)
    OLED_W_SCL                               0x08002b99   Thumb Code    24  oled.o(i.OLED_W_SCL)
    OLED_W_SDA                               0x08002bb5   Thumb Code    24  oled.o(i.OLED_W_SDA)
    OLED_WriteCommand                        0x08002bd1   Thumb Code    32  oled.o(i.OLED_WriteCommand)
    OLED_WriteData                           0x08002bf1   Thumb Code    32  oled.o(i.OLED_WriteData)
    OutDoor_Off                              0x08002c11   Thumb Code     8  apps.o(i.OutDoor_Off)
    OutDoor_On                               0x08002c1d   Thumb Code     8  apps.o(i.OutDoor_On)
    PS_DeletChar                             0x08002c29   Thumb Code   108  as608.o(i.PS_DeletChar)
    PS_Empty                                 0x08002c95   Thumb Code    58  as608.o(i.PS_Empty)
    PS_GenChar                               0x08002ccf   Thumb Code    70  as608.o(i.PS_GenChar)
    PS_GetImage                              0x08002d15   Thumb Code    58  as608.o(i.PS_GetImage)
    PS_HandShake                             0x08002d51   Thumb Code   118  as608.o(i.PS_HandShake)
    PS_HighSpeedSearch                       0x08002dd1   Thumb Code   144  as608.o(i.PS_HighSpeedSearch)
    PS_Match                                 0x08002e61   Thumb Code    58  as608.o(i.PS_Match)
    PS_ReadSysPara                           0x08002e9d   Thumb Code   168  as608.o(i.PS_ReadSysPara)
    PS_RegModel                              0x08002f8d   Thumb Code    58  as608.o(i.PS_RegModel)
    PS_StoreChar                             0x08002fc7   Thumb Code    96  as608.o(i.PS_StoreChar)
    PS_ValidTempleteNum                      0x08003029   Thumb Code   108  as608.o(i.PS_ValidTempleteNum)
    PWM_Init                                 0x080030b1   Thumb Code   158  pwm.o(i.PWM_Init)
    PWM_SetCompare3                          0x08003155   Thumb Code    16  pwm.o(i.PWM_SetCompare3)
    PassCon_Window                           0x08003165   Thumb Code   336  main.o(i.PassCon_Window)
    Pass_Window                              0x08003315   Thumb Code   286  main.o(i.Pass_Window)
    PendSV_Handler                           0x08003481   Thumb Code     2  stm32f4xx_it.o(i.PendSV_Handler)
    RCC_AHB1PeriphClockCmd                   0x08003485   Thumb Code    26  stm32f4xx_rcc.o(i.RCC_AHB1PeriphClockCmd)
    RCC_APB1PeriphClockCmd                   0x080034a5   Thumb Code    26  stm32f4xx_rcc.o(i.RCC_APB1PeriphClockCmd)
    RCC_APB2PeriphClockCmd                   0x080034c5   Thumb Code    26  stm32f4xx_rcc.o(i.RCC_APB2PeriphClockCmd)
    RCC_GetClocksFreq                        0x080034e5   Thumb Code   214  stm32f4xx_rcc.o(i.RCC_GetClocksFreq)
    Rain_Get                                 0x080035cd   Thumb Code    12  pwm.o(i.Rain_Get)
    SVC_Handler                              0x080035dd   Thumb Code     2  stm32f4xx_it.o(i.SVC_Handler)
    ShowErrMessage                           0x08003751   Thumb Code    22  as608.o(i.ShowErrMessage)
    SysTick_CLKSourceConfig                  0x08003771   Thumb Code    40  misc.o(i.SysTick_CLKSourceConfig)
    SystemInit                               0x08003799   Thumb Code    88  system_stm32f4xx.o(i.SystemInit)
    TIM3_PWM_Init                            0x08003801   Thumb Code   162  pwm.o(i.TIM3_PWM_Init)
    TIM5_IRQHandler                          0x080038ad   Thumb Code   482  main.o(i.TIM5_IRQHandler)
    TIM5_Init                                0x08003afd   Thumb Code    86  timer.o(i.TIM5_Init)
    TIM7_IRQHandler                          0x08003b59   Thumb Code    42  as608.o(i.TIM7_IRQHandler)
    TIM7_Int_Init                            0x08003b8d   Thumb Code    86  as608.o(i.TIM7_Int_Init)
    TIM_ARRPreloadConfig                     0x08003be9   Thumb Code    24  stm32f4xx_tim.o(i.TIM_ARRPreloadConfig)
    TIM_ClearITPendingBit                    0x08003c01   Thumb Code     6  stm32f4xx_tim.o(i.TIM_ClearITPendingBit)
    TIM_Cmd                                  0x08003c07   Thumb Code    24  stm32f4xx_tim.o(i.TIM_Cmd)
    TIM_GetITStatus                          0x08003c1f   Thumb Code    34  stm32f4xx_tim.o(i.TIM_GetITStatus)
    TIM_ITConfig                             0x08003c41   Thumb Code    18  stm32f4xx_tim.o(i.TIM_ITConfig)
    TIM_InternalClockConfig                  0x08003c53   Thumb Code    12  stm32f4xx_tim.o(i.TIM_InternalClockConfig)
    TIM_OC1Init                              0x08003c61   Thumb Code   114  stm32f4xx_tim.o(i.TIM_OC1Init)
    TIM_OC2Init                              0x08003cdd   Thumb Code   154  stm32f4xx_tim.o(i.TIM_OC2Init)
    TIM_OC3Init                              0x08003d81   Thumb Code   150  stm32f4xx_tim.o(i.TIM_OC3Init)
    TIM_OCStructInit                         0x08003e21   Thumb Code    20  stm32f4xx_tim.o(i.TIM_OCStructInit)
    TIM_SetCompare1                          0x08003e35   Thumb Code     4  stm32f4xx_tim.o(i.TIM_SetCompare1)
    TIM_SetCompare2                          0x08003e39   Thumb Code     4  stm32f4xx_tim.o(i.TIM_SetCompare2)
    TIM_SetCompare3                          0x08003e3d   Thumb Code     4  stm32f4xx_tim.o(i.TIM_SetCompare3)
    TIM_SetCounter                           0x08003e41   Thumb Code     4  stm32f4xx_tim.o(i.TIM_SetCounter)
    TIM_TimeBaseInit                         0x08003e45   Thumb Code   104  stm32f4xx_tim.o(i.TIM_TimeBaseInit)
    USART1_IRQHandler                        0x08003ec9   Thumb Code   122  usart.o(i.USART1_IRQHandler)
    USART3_IRQHandler                        0x08003f51   Thumb Code    96  as608.o(i.USART3_IRQHandler)
    USART3_Init                              0x08003fc1   Thumb Code   182  as608.o(i.USART3_Init)
    USART_Cmd                                0x08004085   Thumb Code    24  stm32f4xx_usart.o(i.USART_Cmd)
    USART_GetITStatus                        0x0800409d   Thumb Code    84  stm32f4xx_usart.o(i.USART_GetITStatus)
    USART_ITConfig                           0x080040f1   Thumb Code    74  stm32f4xx_usart.o(i.USART_ITConfig)
    USART_Init                               0x0800413d   Thumb Code   204  stm32f4xx_usart.o(i.USART_Init)
    USART_ReceiveData                        0x08004211   Thumb Code    10  stm32f4xx_usart.o(i.USART_ReceiveData)
    UsageFault_Handler                       0x0800421b   Thumb Code     4  stm32f4xx_it.o(i.UsageFault_Handler)
    Voice_Init                               0x08004221   Thumb Code    44  voice.o(i.Voice_Init)
    _is_digit                                0x08004251   Thumb Code    14  __printf_wp.o(i._is_digit)
    _sys_exit                                0x0800425f   Thumb Code     4  usart.o(i._sys_exit)
    fmq                                      0x08004265   Thumb Code    30  fmq.o(i.fmq)
    fmq_Init                                 0x0800428d   Thumb Code    48  fmq.o(i.fmq_Init)
    fputc                                    0x080042c1   Thumb Code    22  usart.o(i.fputc)
    main                                     0x080042dd   Thumb Code   188  main.o(i.main)
    press_FR                                 0x0800439d   Thumb Code   122  main.o(i.press_FR)
    uart_init                                0x08004479   Thumb Code   166  usart.o(i.uart_init)
    _fp_init                                 0x08004529   Thumb Code    10  fpinit.o(x$fpl$fpinit)
    __fplib_config_fpu_vfp                   0x08004531   Thumb Code     0  fpinit.o(x$fpl$fpinit)
    __fplib_config_pureend_doubles           0x08004531   Thumb Code     0  fpinit.o(x$fpl$fpinit)
    OLED_F8x16                               0x08004532   Data        1520  oled.o(.constdata)
    Region$$Table$$Base                      0x08004bac   Number         0  anon$$obj.o(Region$$Table)
    Region$$Table$$Limit                     0x08004bcc   Number         0  anon$$obj.o(Region$$Table)
    USART3_RX_STA                            0x20000010   Data           2  as608.o(.data)
    AS608Addr                                0x20000014   Data           4  as608.o(.data)
    dht11_data                               0x20000018   Data           5  dht11.o(.data)
    sum                                      0x2000001d   Data           1  dht11.o(.data)
    __stdout                                 0x20000024   Data           4  usart.o(.data)
    USART_RX_STA                             0x20000028   Data           2  usart.o(.data)
    ValidN                                   0x2000002c   Data           2  main.o(.data)
    KEY                                      0x2000002e   Data           1  main.o(.data)
    Window_Mode                              0x2000002f   Data           1  main.o(.data)
    Sys_Pass                                 0x20000030   Data           4  main.o(.data)
    Password                                 0x20000034   Data           4  main.o(.data)
    Secure                                   0x20000038   Data           1  main.o(.data)
    DHT11_Flag                               0x20000039   Data           1  main.o(.data)
    MQ2_Flag                                 0x2000003a   Data           1  main.o(.data)
    ADValue                                  0x2000003c   Data           4  main.o(.data)
    MQ2_Value                                0x20000040   Data           4  main.o(.data)
    Fanlight_Flag                            0x20000044   Data           4  main.o(.data)
    NEXT_OK                                  0x20000048   Data           1  main.o(.data)
    Wait_OK                                  0x2000004c   Data           4  main.o(.data)
    Voice_Wait                               0x20000050   Data           4  main.o(.data)
    MQTT_State                               0x20000054   Data           1  main.o(.data)
    Light                                    0x20000055   Data           1  main.o(.data)
    Water                                    0x20000056   Data           1  main.o(.data)
    Wait                                     0x20000057   Data           1  main.o(.data)
    Curtain_Auto                             0x20000058   Data           1  main.o(.data)
    Fanlight_Auto                            0x20000059   Data           1  main.o(.data)
    LED_Auto                                 0x2000005a   Data           1  main.o(.data)
    Curtain_State                            0x2000005b   Data           1  main.o(.data)
    Fanlight_State                           0x2000005c   Data           1  main.o(.data)
    HVAC_State                               0x2000005d   Data           1  main.o(.data)
    Fan_State                                0x2000005e   Data           1  main.o(.data)
    InDoorLights_State                       0x2000005f   Data           1  main.o(.data)
    OutDoorLights_State                      0x20000060   Data           1  main.o(.data)
    AT_USERCFG                               0x20000061   Data         138  main.o(.data)
    AT_CLIENTID                              0x200000eb   Data          71  main.o(.data)
    AT_CONN                                  0x20000132   Data          82  main.o(.data)
    AT_SUB                                   0x20000184   Data          54  main.o(.data)
    AT_PUB1                                  0x200001ba   Data          82  main.o(.data)
    AT_PUB2                                  0x2000020c   Data          76  main.o(.data)
    USART3_RX_BUF                            0x20000258   Data         600  as608.o(.bss)
    USART3_TX_BUF                            0x200004b0   Data         600  as608.o(.bss)
    USART_RX_BUF                             0x20000708   Data         200  usart.o(.bss)
    AS608Para                                0x200007d0   Data          12  main.o(.bss)
    __libspace_start                         0x200007dc   Data          96  libspace.o(.bss)
    __temporary_stack_top$libspace           0x2000083c   Data           0  libspace.o(.bss)



==============================================================================

Memory Map of the image

  Image Entry point : 0x08000189

  Load Region LR_IROM1 (Base: 0x08000000, Size: 0x00004e24, Max: 0x00080000, ABSOLUTE, COMPRESSED[0x00004d5c])

    Execution Region ER_IROM1 (Exec base: 0x08000000, Load base: 0x08000000, Size: 0x00004bcc, Max: 0x00080000, ABSOLUTE)

    Exec Addr    Load Addr    Size         Type   Attr      Idx    E Section Name        Object

    0x08000000   0x08000000   0x00000188   Data   RO         4716    RESET               startup_stm32f40xx.o
    0x08000188   0x08000188   0x00000008   Code   RO         5967  * !!!main             c_w.l(__main.o)
    0x08000190   0x08000190   0x00000034   Code   RO         6245    !!!scatter          c_w.l(__scatter.o)
    0x080001c4   0x080001c4   0x0000005a   Code   RO         6243    !!dczerorl2         c_w.l(__dczerorl2.o)
    0x0800021e   0x0800021e   0x00000002   PAD
    0x08000220   0x08000220   0x0000001c   Code   RO         6247    !!handler_zi        c_w.l(__scatter_zi.o)
    0x0800023c   0x0800023c   0x00000000   Code   RO         5958    .ARM.Collect$$_printf_percent$$00000000  c_w.l(_printf_percent.o)
    0x0800023c   0x0800023c   0x00000006   Code   RO         5957    .ARM.Collect$$_printf_percent$$00000009  c_w.l(_printf_d.o)
    0x08000242   0x08000242   0x00000006   Code   RO         5956    .ARM.Collect$$_printf_percent$$0000000C  c_w.l(_printf_x.o)
    0x08000248   0x08000248   0x00000006   Code   RO         5955    .ARM.Collect$$_printf_percent$$00000014  c_w.l(_printf_s.o)
    0x0800024e   0x0800024e   0x00000004   Code   RO         6009    .ARM.Collect$$_printf_percent$$00000017  c_w.l(_printf_percent_end.o)
    0x08000252   0x08000252   0x00000002   Code   RO         6105    .ARM.Collect$$libinit$$00000000  c_w.l(libinit.o)
    0x08000254   0x08000254   0x00000004   Code   RO         6121    .ARM.Collect$$libinit$$00000001  c_w.l(libinit2.o)
    0x08000258   0x08000258   0x00000000   Code   RO         6124    .ARM.Collect$$libinit$$00000004  c_w.l(libinit2.o)
    0x08000258   0x08000258   0x00000000   Code   RO         6127    .ARM.Collect$$libinit$$0000000A  c_w.l(libinit2.o)
    0x08000258   0x08000258   0x00000000   Code   RO         6129    .ARM.Collect$$libinit$$0000000C  c_w.l(libinit2.o)
    0x08000258   0x08000258   0x00000000   Code   RO         6131    .ARM.Collect$$libinit$$0000000E  c_w.l(libinit2.o)
    0x08000258   0x08000258   0x00000000   Code   RO         6134    .ARM.Collect$$libinit$$00000011  c_w.l(libinit2.o)
    0x08000258   0x08000258   0x00000000   Code   RO         6136    .ARM.Collect$$libinit$$00000013  c_w.l(libinit2.o)
    0x08000258   0x08000258   0x00000000   Code   RO         6138    .ARM.Collect$$libinit$$00000015  c_w.l(libinit2.o)
    0x08000258   0x08000258   0x00000000   Code   RO         6140    .ARM.Collect$$libinit$$00000017  c_w.l(libinit2.o)
    0x08000258   0x08000258   0x00000000   Code   RO         6142    .ARM.Collect$$libinit$$00000019  c_w.l(libinit2.o)
    0x08000258   0x08000258   0x00000000   Code   RO         6144    .ARM.Collect$$libinit$$0000001B  c_w.l(libinit2.o)
    0x08000258   0x08000258   0x00000000   Code   RO         6146    .ARM.Collect$$libinit$$0000001D  c_w.l(libinit2.o)
    0x08000258   0x08000258   0x00000000   Code   RO         6148    .ARM.Collect$$libinit$$0000001F  c_w.l(libinit2.o)
    0x08000258   0x08000258   0x00000000   Code   RO         6150    .ARM.Collect$$libinit$$00000021  c_w.l(libinit2.o)
    0x08000258   0x08000258   0x00000000   Code   RO         6152    .ARM.Collect$$libinit$$00000023  c_w.l(libinit2.o)
    0x08000258   0x08000258   0x00000000   Code   RO         6154    .ARM.Collect$$libinit$$00000025  c_w.l(libinit2.o)
    0x08000258   0x08000258   0x00000000   Code   RO         6158    .ARM.Collect$$libinit$$0000002C  c_w.l(libinit2.o)
    0x08000258   0x08000258   0x00000000   Code   RO         6160    .ARM.Collect$$libinit$$0000002E  c_w.l(libinit2.o)
    0x08000258   0x08000258   0x00000000   Code   RO         6162    .ARM.Collect$$libinit$$00000030  c_w.l(libinit2.o)
    0x08000258   0x08000258   0x00000000   Code   RO         6164    .ARM.Collect$$libinit$$00000032  c_w.l(libinit2.o)
    0x08000258   0x08000258   0x00000002   Code   RO         6165    .ARM.Collect$$libinit$$00000033  c_w.l(libinit2.o)
    0x0800025a   0x0800025a   0x00000002   Code   RO         6183    .ARM.Collect$$libshutdown$$00000000  c_w.l(libshutdown.o)
    0x0800025c   0x0800025c   0x00000000   Code   RO         6193    .ARM.Collect$$libshutdown$$00000002  c_w.l(libshutdown2.o)
    0x0800025c   0x0800025c   0x00000000   Code   RO         6195    .ARM.Collect$$libshutdown$$00000004  c_w.l(libshutdown2.o)
    0x0800025c   0x0800025c   0x00000000   Code   RO         6197    .ARM.Collect$$libshutdown$$00000006  c_w.l(libshutdown2.o)
    0x0800025c   0x0800025c   0x00000000   Code   RO         6200    .ARM.Collect$$libshutdown$$00000009  c_w.l(libshutdown2.o)
    0x0800025c   0x0800025c   0x00000000   Code   RO         6203    .ARM.Collect$$libshutdown$$0000000C  c_w.l(libshutdown2.o)
    0x0800025c   0x0800025c   0x00000000   Code   RO         6205    .ARM.Collect$$libshutdown$$0000000E  c_w.l(libshutdown2.o)
    0x0800025c   0x0800025c   0x00000000   Code   RO         6208    .ARM.Collect$$libshutdown$$00000011  c_w.l(libshutdown2.o)
    0x0800025c   0x0800025c   0x00000002   Code   RO         6209    .ARM.Collect$$libshutdown$$00000012  c_w.l(libshutdown2.o)
    0x0800025e   0x0800025e   0x00000000   Code   RO         5971    .ARM.Collect$$rtentry$$00000000  c_w.l(__rtentry.o)
    0x0800025e   0x0800025e   0x00000000   Code   RO         6028    .ARM.Collect$$rtentry$$00000002  c_w.l(__rtentry2.o)
    0x0800025e   0x0800025e   0x00000006   Code   RO         6040    .ARM.Collect$$rtentry$$00000004  c_w.l(__rtentry4.o)
    0x08000264   0x08000264   0x00000000   Code   RO         6030    .ARM.Collect$$rtentry$$00000009  c_w.l(__rtentry2.o)
    0x08000264   0x08000264   0x00000004   Code   RO         6031    .ARM.Collect$$rtentry$$0000000A  c_w.l(__rtentry2.o)
    0x08000268   0x08000268   0x00000000   Code   RO         6033    .ARM.Collect$$rtentry$$0000000C  c_w.l(__rtentry2.o)
    0x08000268   0x08000268   0x00000008   Code   RO         6034    .ARM.Collect$$rtentry$$0000000D  c_w.l(__rtentry2.o)
    0x08000270   0x08000270   0x00000002   Code   RO         6114    .ARM.Collect$$rtexit$$00000000  c_w.l(rtexit.o)
    0x08000272   0x08000272   0x00000000   Code   RO         6167    .ARM.Collect$$rtexit$$00000002  c_w.l(rtexit2.o)
    0x08000272   0x08000272   0x00000004   Code   RO         6168    .ARM.Collect$$rtexit$$00000003  c_w.l(rtexit2.o)
    0x08000276   0x08000276   0x00000006   Code   RO         6169    .ARM.Collect$$rtexit$$00000004  c_w.l(rtexit2.o)
    0x0800027c   0x0800027c   0x00000040   Code   RO         4717    .text               startup_stm32f40xx.o
    0x080002bc   0x080002bc   0x00000002   Code   RO         5900    .text               c_w.l(use_no_semi_2.o)
    0x080002be   0x080002be   0x00000002   PAD
    0x080002c0   0x080002c0   0x00000018   Code   RO         5904    .text               c_w.l(__2printf.o)
    0x080002d8   0x080002d8   0x00000052   Code   RO         5910    .text               c_w.l(_printf_str.o)
    0x0800032a   0x0800032a   0x00000002   PAD
    0x0800032c   0x0800032c   0x00000078   Code   RO         5912    .text               c_w.l(_printf_dec.o)
    0x080003a4   0x080003a4   0x00000094   Code   RO         5932    .text               c_w.l(_printf_hex_int_ll_ptr.o)
    0x08000438   0x08000438   0x00000188   Code   RO         5952    .text               c_w.l(__printf_flags_ss_wp.o)
    0x080005c0   0x080005c0   0x00000024   Code   RO         5959    .text               c_w.l(strstr.o)
    0x080005e4   0x080005e4   0x0000004e   Code   RO         5963    .text               c_w.l(rt_memclr_w.o)
    0x08000632   0x08000632   0x00000006   Code   RO         5965    .text               c_w.l(heapauxi.o)
    0x08000638   0x08000638   0x00000002   Code   RO         5969    .text               c_w.l(use_no_semi.o)
    0x0800063a   0x0800063a   0x000000b2   Code   RO         5976    .text               c_w.l(_printf_intcommon.o)
    0x080006ec   0x080006ec   0x00000030   Code   RO         5980    .text               c_w.l(_printf_char_common.o)
    0x0800071c   0x0800071c   0x0000002c   Code   RO         5984    .text               c_w.l(_printf_char.o)
    0x08000748   0x08000748   0x00000024   Code   RO         5986    .text               c_w.l(_printf_char_file.o)
    0x0800076c   0x0800076c   0x00000008   Code   RO         6053    .text               c_w.l(ferror.o)
    0x08000774   0x08000774   0x0000004a   Code   RO         6059    .text               c_w.l(sys_stackheap_outer.o)
    0x080007be   0x080007be   0x00000012   Code   RO         6098    .text               c_w.l(exit.o)
    0x080007d0   0x080007d0   0x00000008   Code   RO         6111    .text               c_w.l(libspace.o)
    0x080007d8   0x080007d8   0x00000016   Code   RO          162    i.ADC_Cmd           stm32f4xx_adc.o
    0x080007ee   0x080007ee   0x00000002   PAD
    0x080007f0   0x080007f0   0x00000030   Code   RO          163    i.ADC_CommonInit    stm32f4xx_adc.o
    0x08000820   0x08000820   0x00000008   Code   RO          174    i.ADC_GetConversionValue  stm32f4xx_adc.o
    0x08000828   0x08000828   0x00000012   Code   RO          175    i.ADC_GetFlagStatus  stm32f4xx_adc.o
    0x0800083a   0x0800083a   0x00000002   PAD
    0x0800083c   0x0800083c   0x00000054   Code   RO          182    i.ADC_Init          stm32f4xx_adc.o
    0x08000890   0x08000890   0x000000b8   Code   RO          187    i.ADC_RegularChannelConfig  stm32f4xx_adc.o
    0x08000948   0x08000948   0x0000000a   Code   RO          189    i.ADC_SoftwareStartConv  stm32f4xx_adc.o
    0x08000952   0x08000952   0x00000002   PAD
    0x08000954   0x08000954   0x00000158   Code   RO         5673    i.APP_Sys           main.o
    0x08000aac   0x08000aac   0x000001a8   Code   RO         5674    i.A_Window          main.o
    0x08000c54   0x08000c54   0x00000098   Code   RO         5342    i.Adc_Init          mq2.o
    0x08000cec   0x08000cec   0x000002c0   Code   RO         5675    i.Add_FR            main.o
    0x08000fac   0x08000fac   0x00000028   Code   RO         5495    i.Apps_Init         apps.o
    0x08000fd4   0x08000fd4   0x00000728   Code   RO         5676    i.Apps_Window       main.o
    0x080016fc   0x080016fc   0x00000004   Code   RO         5832    i.BusFault_Handler  stm32f4xx_it.o
    0x08001700   0x08001700   0x000001cc   Code   RO         5677    i.Config_Window     main.o
    0x080018cc   0x080018cc   0x00000018   Code   RO         5222    i.Curtain_Off       pwm.o
    0x080018e4   0x080018e4   0x00000018   Code   RO         5223    i.Curtain_On        pwm.o
    0x080018fc   0x080018fc   0x00000028   Code   RO         5174    i.DHT11_GPIO_IN     dht11.o
    0x08001924   0x08001924   0x00000030   Code   RO         5175    i.DHT11_GPIO_OUT    dht11.o
    0x08001954   0x08001954   0x000000c8   Code   RO         5176    i.DHT_Read          dht11.o
    0x08001a1c   0x08001a1c   0x00000074   Code   RO         5177    i.DHT_Read_Byte     dht11.o
    0x08001a90   0x08001a90   0x00000002   Code   RO         5833    i.DebugMon_Handler  stm32f4xx_it.o
    0x08001a92   0x08001a92   0x00000002   PAD
    0x08001a94   0x08001a94   0x00000170   Code   RO         5678    i.Del_FR            main.o
    0x08001c04   0x08001c04   0x0000003c   Code   RO         5570    i.Delay_init        delay.o
    0x08001c40   0x08001c40   0x00000038   Code   RO         5571    i.Delay_ms          delay.o
    0x08001c78   0x08001c78   0x0000004c   Code   RO         5572    i.Delay_us          delay.o
    0x08001cc4   0x08001cc4   0x0000004c   Code   RO         5573    i.Delay_xms         delay.o
    0x08001d10   0x08001d10   0x00000270   Code   RO         4958    i.EnsureMessage     as608.o
    0x08001f80   0x08001f80   0x0000000c   Code   RO         5496    i.Fan_Off           apps.o
    0x08001f8c   0x08001f8c   0x0000000c   Code   RO         5497    i.Fan_On            apps.o
    0x08001f98   0x08001f98   0x0000000c   Code   RO         5411    i.Fanlight_Off      motor.o
    0x08001fa4   0x08001fa4   0x0000000a   Code   RO         5412    i.Fanlight_On       motor.o
    0x08001fae   0x08001fae   0x0000000a   Code   RO         5413    i.Fanlight_Stop     motor.o
    0x08001fb8   0x08001fb8   0x0000014c   Code   RO         5679    i.FingCon_Window    main.o
    0x08002104   0x08002104   0x00000148   Code   RO         5680    i.Finger_Window     main.o
    0x0800224c   0x0800224c   0x00000090   Code   RO         1749    i.GPIO_Init         stm32f4xx_gpio.o
    0x080022dc   0x080022dc   0x00000046   Code   RO         1750    i.GPIO_PinAFConfig  stm32f4xx_gpio.o
    0x08002322   0x08002322   0x00000012   Code   RO         1753    i.GPIO_ReadInputDataBit  stm32f4xx_gpio.o
    0x08002334   0x08002334   0x00000006   Code   RO         1756    i.GPIO_ResetBits    stm32f4xx_gpio.o
    0x0800233a   0x0800233a   0x00000004   Code   RO         1757    i.GPIO_SetBits      stm32f4xx_gpio.o
    0x0800233e   0x0800233e   0x0000000c   Code   RO         1761    i.GPIO_WriteBit     stm32f4xx_gpio.o
    0x0800234a   0x0800234a   0x0000002e   Code   RO         5343    i.Get_Adc_Average   mq2.o
    0x08002378   0x08002378   0x00000030   Code   RO         5344    i.Get_Adc_Data      mq2.o
    0x080023a8   0x080023a8   0x0000000c   Code   RO         5498    i.HVAC_Off          apps.o
    0x080023b4   0x080023b4   0x0000000c   Code   RO         5499    i.HVAC_On           apps.o
    0x080023c0   0x080023c0   0x00000004   Code   RO         5834    i.HardFault_Handler  stm32f4xx_it.o
    0x080023c4   0x080023c4   0x0000000c   Code   RO         5500    i.InDoor_Off        apps.o
    0x080023d0   0x080023d0   0x0000000c   Code   RO         5501    i.InDoor_On         apps.o
    0x080023dc   0x080023dc   0x00000088   Code   RO         4959    i.JudgeStr          as608.o
    0x08002464   0x08002464   0x00000048   Code   RO         4922    i.Key_Init          key.o
    0x080024ac   0x080024ac   0x000001c8   Code   RO         4923    i.Key_scan          key.o
    0x08002674   0x08002674   0x00000010   Code   RO         5381    i.LightSensor_Get   lightsensor.o
    0x08002684   0x08002684   0x00000028   Code   RO         5382    i.LightSensor_Init  lightsensor.o
    0x080026ac   0x080026ac   0x0000001c   Code   RO         4960    i.MYUSART_SendData  as608.o
    0x080026c8   0x080026c8   0x0000012c   Code   RO         5681    i.Main_Window       main.o
    0x080027f4   0x080027f4   0x00000004   Code   RO         5835    i.MemManage_Handler  stm32f4xx_it.o
    0x080027f8   0x080027f8   0x00000038   Code   RO         5414    i.Motor_Init        motor.o
    0x08002830   0x08002830   0x00000040   Code   RO         5415    i.Motor_SetSpeed    motor.o
    0x08002870   0x08002870   0x00000002   Code   RO         5836    i.NMI_Handler       stm32f4xx_it.o
    0x08002872   0x08002872   0x00000002   PAD
    0x08002874   0x08002874   0x00000078   Code   RO            4    i.NVIC_Init         misc.o
    0x080028ec   0x080028ec   0x00000014   Code   RO            5    i.NVIC_PriorityGroupConfig  misc.o
    0x08002900   0x08002900   0x0000002a   Code   RO         4784    i.OLED_Clear        oled.o
    0x0800292a   0x0800292a   0x00000002   PAD
    0x0800292c   0x0800292c   0x00000040   Code   RO         4785    i.OLED_I2C_Init     oled.o
    0x0800296c   0x0800296c   0x00000036   Code   RO         4786    i.OLED_I2C_SendByte  oled.o
    0x080029a2   0x080029a2   0x0000001c   Code   RO         4787    i.OLED_I2C_Start    oled.o
    0x080029be   0x080029be   0x00000016   Code   RO         4788    i.OLED_I2C_Stop     oled.o
    0x080029d4   0x080029d4   0x000000ae   Code   RO         4789    i.OLED_Init         oled.o
    0x08002a82   0x08002a82   0x00000014   Code   RO         4790    i.OLED_Pow          oled.o
    0x08002a96   0x08002a96   0x00000022   Code   RO         4791    i.OLED_SetCursor    oled.o
    0x08002ab8   0x08002ab8   0x00000074   Code   RO         4793    i.OLED_ShowChar     oled.o
    0x08002b2c   0x08002b2c   0x00000044   Code   RO         4795    i.OLED_ShowNum      oled.o
    0x08002b70   0x08002b70   0x00000028   Code   RO         4797    i.OLED_ShowString   oled.o
    0x08002b98   0x08002b98   0x0000001c   Code   RO         4798    i.OLED_W_SCL        oled.o
    0x08002bb4   0x08002bb4   0x0000001c   Code   RO         4799    i.OLED_W_SDA        oled.o
    0x08002bd0   0x08002bd0   0x00000020   Code   RO         4800    i.OLED_WriteCommand  oled.o
    0x08002bf0   0x08002bf0   0x00000020   Code   RO         4801    i.OLED_WriteData    oled.o
    0x08002c10   0x08002c10   0x0000000c   Code   RO         5502    i.OutDoor_Off       apps.o
    0x08002c1c   0x08002c1c   0x0000000c   Code   RO         5503    i.OutDoor_On        apps.o
    0x08002c28   0x08002c28   0x0000006c   Code   RO         4961    i.PS_DeletChar      as608.o
    0x08002c94   0x08002c94   0x0000003a   Code   RO         4962    i.PS_Empty          as608.o
    0x08002cce   0x08002cce   0x00000046   Code   RO         4963    i.PS_GenChar        as608.o
    0x08002d14   0x08002d14   0x0000003a   Code   RO         4964    i.PS_GetImage       as608.o
    0x08002d4e   0x08002d4e   0x00000002   PAD
    0x08002d50   0x08002d50   0x00000080   Code   RO         4965    i.PS_HandShake      as608.o
    0x08002dd0   0x08002dd0   0x00000090   Code   RO         4966    i.PS_HighSpeedSearch  as608.o
    0x08002e60   0x08002e60   0x0000003a   Code   RO         4967    i.PS_Match          as608.o
    0x08002e9a   0x08002e9a   0x00000002   PAD
    0x08002e9c   0x08002e9c   0x000000f0   Code   RO         4969    i.PS_ReadSysPara    as608.o
    0x08002f8c   0x08002f8c   0x0000003a   Code   RO         4970    i.PS_RegModel       as608.o
    0x08002fc6   0x08002fc6   0x00000060   Code   RO         4973    i.PS_StoreChar      as608.o
    0x08003026   0x08003026   0x00000002   PAD
    0x08003028   0x08003028   0x00000088   Code   RO         4974    i.PS_ValidTempleteNum  as608.o
    0x080030b0   0x080030b0   0x000000a4   Code   RO         5224    i.PWM_Init          pwm.o
    0x08003154   0x08003154   0x00000010   Code   RO         5225    i.PWM_SetCompare3   pwm.o
    0x08003164   0x08003164   0x000001b0   Code   RO         5682    i.PassCon_Window    main.o
    0x08003314   0x08003314   0x0000016c   Code   RO         5683    i.Pass_Window       main.o
    0x08003480   0x08003480   0x00000002   Code   RO         5837    i.PendSV_Handler    stm32f4xx_it.o
    0x08003482   0x08003482   0x00000002   PAD
    0x08003484   0x08003484   0x00000020   Code   RO         2489    i.RCC_AHB1PeriphClockCmd  stm32f4xx_rcc.o
    0x080034a4   0x080034a4   0x00000020   Code   RO         2498    i.RCC_APB1PeriphClockCmd  stm32f4xx_rcc.o
    0x080034c4   0x080034c4   0x00000020   Code   RO         2501    i.RCC_APB2PeriphClockCmd  stm32f4xx_rcc.o
    0x080034e4   0x080034e4   0x000000e8   Code   RO         2510    i.RCC_GetClocksFreq  stm32f4xx_rcc.o
    0x080035cc   0x080035cc   0x00000010   Code   RO         5226    i.Rain_Get          pwm.o
    0x080035dc   0x080035dc   0x00000002   Code   RO         5838    i.SVC_Handler       stm32f4xx_it.o
    0x080035de   0x080035de   0x00000002   PAD
    0x080035e0   0x080035e0   0x00000034   Code   RO         4977    i.SendAddr          as608.o
    0x08003614   0x08003614   0x00000012   Code   RO         4978    i.SendCheck         as608.o
    0x08003626   0x08003626   0x0000000c   Code   RO         4979    i.SendFlag          as608.o
    0x08003632   0x08003632   0x00000010   Code   RO         4980    i.SendHead          as608.o
    0x08003642   0x08003642   0x00000014   Code   RO         4981    i.SendLength        as608.o
    0x08003656   0x08003656   0x0000000c   Code   RO         4982    i.Sendcmd           as608.o
    0x08003662   0x08003662   0x00000002   PAD
    0x08003664   0x08003664   0x000000ec   Code   RO         4724    i.SetSysClock       system_stm32f4xx.o
    0x08003750   0x08003750   0x00000020   Code   RO         4983    i.ShowErrMessage    as608.o
    0x08003770   0x08003770   0x00000028   Code   RO            8    i.SysTick_CLKSourceConfig  misc.o
    0x08003798   0x08003798   0x00000068   Code   RO         4726    i.SystemInit        system_stm32f4xx.o
    0x08003800   0x08003800   0x000000ac   Code   RO         5227    i.TIM3_PWM_Init     pwm.o
    0x080038ac   0x080038ac   0x00000250   Code   RO         5684    i.TIM5_IRQHandler   main.o
    0x08003afc   0x08003afc   0x0000005c   Code   RO         5279    i.TIM5_Init         timer.o
    0x08003b58   0x08003b58   0x00000034   Code   RO         4984    i.TIM7_IRQHandler   as608.o
    0x08003b8c   0x08003b8c   0x0000005c   Code   RO         4985    i.TIM7_Int_Init     as608.o
    0x08003be8   0x08003be8   0x00000018   Code   RO         3888    i.TIM_ARRPreloadConfig  stm32f4xx_tim.o
    0x08003c00   0x08003c00   0x00000006   Code   RO         3895    i.TIM_ClearITPendingBit  stm32f4xx_tim.o
    0x08003c06   0x08003c06   0x00000018   Code   RO         3900    i.TIM_Cmd           stm32f4xx_tim.o
    0x08003c1e   0x08003c1e   0x00000022   Code   RO         3921    i.TIM_GetITStatus   stm32f4xx_tim.o
    0x08003c40   0x08003c40   0x00000012   Code   RO         3925    i.TIM_ITConfig      stm32f4xx_tim.o
    0x08003c52   0x08003c52   0x0000000c   Code   RO         3927    i.TIM_InternalClockConfig  stm32f4xx_tim.o
    0x08003c5e   0x08003c5e   0x00000002   PAD
    0x08003c60   0x08003c60   0x0000007c   Code   RO         3929    i.TIM_OC1Init       stm32f4xx_tim.o
    0x08003cdc   0x08003cdc   0x000000a4   Code   RO         3934    i.TIM_OC2Init       stm32f4xx_tim.o
    0x08003d80   0x08003d80   0x000000a0   Code   RO         3939    i.TIM_OC3Init       stm32f4xx_tim.o
    0x08003e20   0x08003e20   0x00000014   Code   RO         3947    i.TIM_OCStructInit  stm32f4xx_tim.o
    0x08003e34   0x08003e34   0x00000004   Code   RO         3962    i.TIM_SetCompare1   stm32f4xx_tim.o
    0x08003e38   0x08003e38   0x00000004   Code   RO         3963    i.TIM_SetCompare2   stm32f4xx_tim.o
    0x08003e3c   0x08003e3c   0x00000004   Code   RO         3964    i.TIM_SetCompare3   stm32f4xx_tim.o
    0x08003e40   0x08003e40   0x00000004   Code   RO         3966    i.TIM_SetCounter    stm32f4xx_tim.o
    0x08003e44   0x08003e44   0x00000084   Code   RO         3972    i.TIM_TimeBaseInit  stm32f4xx_tim.o
    0x08003ec8   0x08003ec8   0x00000088   Code   RO         5620    i.USART1_IRQHandler  usart.o
    0x08003f50   0x08003f50   0x00000070   Code   RO         4986    i.USART3_IRQHandler  as608.o
    0x08003fc0   0x08003fc0   0x000000c4   Code   RO         4987    i.USART3_Init       as608.o
    0x08004084   0x08004084   0x00000018   Code   RO         4457    i.USART_Cmd         stm32f4xx_usart.o
    0x0800409c   0x0800409c   0x00000054   Code   RO         4461    i.USART_GetITStatus  stm32f4xx_usart.o
    0x080040f0   0x080040f0   0x0000004a   Code   RO         4463    i.USART_ITConfig    stm32f4xx_usart.o
    0x0800413a   0x0800413a   0x00000002   PAD
    0x0800413c   0x0800413c   0x000000d4   Code   RO         4464    i.USART_Init        stm32f4xx_usart.o
    0x08004210   0x08004210   0x0000000a   Code   RO         4471    i.USART_ReceiveData  stm32f4xx_usart.o
    0x0800421a   0x0800421a   0x00000004   Code   RO         5839    i.UsageFault_Handler  stm32f4xx_it.o
    0x0800421e   0x0800421e   0x00000002   PAD
    0x08004220   0x08004220   0x00000030   Code   RO         5468    i.Voice_Init        voice.o
    0x08004250   0x08004250   0x0000000e   Code   RO         5945    i._is_digit         c_w.l(__printf_wp.o)
    0x0800425e   0x0800425e   0x00000004   Code   RO         5621    i._sys_exit         usart.o
    0x08004262   0x08004262   0x00000002   PAD
    0x08004264   0x08004264   0x00000028   Code   RO         5306    i.fmq               fmq.o
    0x0800428c   0x0800428c   0x00000034   Code   RO         5307    i.fmq_Init          fmq.o
    0x080042c0   0x080042c0   0x0000001c   Code   RO         5622    i.fputc             usart.o
    0x080042dc   0x080042dc   0x000000c0   Code   RO         5685    i.main              main.o
    0x0800439c   0x0800439c   0x000000dc   Code   RO         5686    i.press_FR          main.o
    0x08004478   0x08004478   0x000000b0   Code   RO         5623    i.uart_init         usart.o
    0x08004528   0x08004528   0x0000000a   Code   RO         6175    x$fpl$fpinit        fz_wm.l(fpinit.o)
    0x08004532   0x08004532   0x000005f0   Data   RO         4802    .constdata          oled.o
    0x08004b22   0x08004b22   0x00000028   Data   RO         5933    .constdata          c_w.l(_printf_hex_int_ll_ptr.o)
    0x08004b4a   0x08004b4a   0x00000011   Data   RO         5953    .constdata          c_w.l(__printf_flags_ss_wp.o)
    0x08004b5b   0x08004b5b   0x00000001   PAD
    0x08004b5c   0x08004b5c   0x0000004e   Data   RO         5688    .conststring        main.o
    0x08004baa   0x08004baa   0x00000002   PAD
    0x08004bac   0x08004bac   0x00000020   Data   RO         6241    Region$$Table       anon$$obj.o


    Execution Region RW_IRAM2 (Exec base: 0x10000000, Load base: 0x08004d5c, Size: 0x00000000, Max: 0x00010000, ABSOLUTE)

    **** No section assigned to this execution region ****


    Execution Region RW_IRAM1 (Exec base: 0x20000000, Load base: 0x08004bcc, Size: 0x00000e40, Max: 0x00020000, ABSOLUTE, COMPRESSED[0x00000190])

    Exec Addr    Load Addr    Size         Type   Attr      Idx    E Section Name        Object

    0x20000000   COMPRESSED   0x00000010   Data   RW         2542    .data               stm32f4xx_rcc.o
    0x20000010   COMPRESSED   0x00000008   Data   RW         4990    .data               as608.o
    0x20000018   COMPRESSED   0x00000006   Data   RW         5178    .data               dht11.o
    0x2000001e   COMPRESSED   0x00000004   Data   RW         5574    .data               delay.o
    0x20000022   COMPRESSED   0x00000002   PAD
    0x20000024   COMPRESSED   0x00000006   Data   RW         5625    .data               usart.o
    0x2000002a   COMPRESSED   0x00000002   PAD
    0x2000002c   COMPRESSED   0x0000022c   Data   RW         5689    .data               main.o
    0x20000258        -       0x000004b0   Zero   RW         4989    .bss                as608.o
    0x20000708        -       0x000000c8   Zero   RW         5624    .bss                usart.o
    0x200007d0        -       0x0000000c   Zero   RW         5687    .bss                main.o
    0x200007dc        -       0x00000060   Zero   RW         6112    .bss                c_w.l(libspace.o)
    0x2000083c   COMPRESSED   0x00000004   PAD
    0x20000840        -       0x00000200   Zero   RW         4715    HEAP                startup_stm32f40xx.o
    0x20000a40        -       0x00000400   Zero   RW         4714    STACK               startup_stm32f40xx.o


==============================================================================

Image component sizes


      Code (inc. data)   RO Data    RW Data    ZI Data      Debug   Object Name

       136         36          0          0          0       3864   apps.o
      2556        710          0          8       1200      15679   as608.o
       268         16          0          4          0       2315   delay.o
       404         28          0          6          0       2893   dht11.o
        92         14          0          0          0        961   fmq.o
       528         14          0          0          0       1362   key.o
        56         10          0          0          0       1009   lightsensor.o
      6892       1396         78        556         12      13599   main.o
       180         24          0          0          0     306593   misc.o
       152         12          0          0          0       2399   motor.o
       246         12          0          0          0       1832   mq2.o
       782         18       1520          0          0       8775   oled.o
       416         28          0          0          0       3279   pwm.o
        64         26        392          0       1536        804   startup_stm32f40xx.o
       374         24          0          0          0      20702   stm32f4xx_adc.o
         0          0          0          0          0      15348   stm32f4xx_dfsdm.o
       254          0          0          0          0      10915   stm32f4xx_gpio.o
        24          0          0          0          0       3500   stm32f4xx_it.o
       328         36          0         16          0       4459   stm32f4xx_rcc.o
       734         58          0          0          0      28887   stm32f4xx_tim.o
       404          8          0          0          0      10030   stm32f4xx_usart.o
       340         32          0          0          0       1457   system_stm32f4xx.o
        92          6          0          0          0        648   timer.o
       344         30          0          6        200       3980   usart.o
        48          4          0          0          0        493   voice.o

    ----------------------------------------------------------------------
     15746       2542       2024        600       2948     465783   Object Totals
         0          0         32          0          0          0   (incl. Generated)
        32          0          2          4          0          0   (incl. Padding)

    ----------------------------------------------------------------------

      Code (inc. data)   RO Data    RW Data    ZI Data      Debug   Library Member Name

        24          4          0          0          0         84   __2printf.o
        90          0          0          0          0          0   __dczerorl2.o
         8          0          0          0          0         68   __main.o
       392          4         17          0          0         92   __printf_flags_ss_wp.o
        14          0          0          0          0         68   __printf_wp.o
         0          0          0          0          0          0   __rtentry.o
        12          0          0          0          0          0   __rtentry2.o
         6          0          0          0          0          0   __rtentry4.o
        52          8          0          0          0          0   __scatter.o
        28          0          0          0          0          0   __scatter_zi.o
        44          0          0          0          0        108   _printf_char.o
        48          6          0          0          0         96   _printf_char_common.o
        36          4          0          0          0         80   _printf_char_file.o
         6          0          0          0          0          0   _printf_d.o
       120         16          0          0          0         92   _printf_dec.o
       148          4         40          0          0        160   _printf_hex_int_ll_ptr.o
       178          0          0          0          0         88   _printf_intcommon.o
         0          0          0          0          0          0   _printf_percent.o
         4          0          0          0          0          0   _printf_percent_end.o
         6          0          0          0          0          0   _printf_s.o
        82          0          0          0          0         80   _printf_str.o
         6          0          0          0          0          0   _printf_x.o
        18          0          0          0          0         80   exit.o
         8          0          0          0          0         68   ferror.o
         6          0          0          0          0        152   heapauxi.o
         2          0          0          0          0          0   libinit.o
         6          0          0          0          0          0   libinit2.o
         2          0          0          0          0          0   libshutdown.o
         2          0          0          0          0          0   libshutdown2.o
         8          4          0          0         96         68   libspace.o
        78          0          0          0          0         80   rt_memclr_w.o
         2          0          0          0          0          0   rtexit.o
        10          0          0          0          0          0   rtexit2.o
        36          0          0          0          0         80   strstr.o
        74          0          0          0          0         80   sys_stackheap_outer.o
         2          0          0          0          0         68   use_no_semi.o
         2          0          0          0          0         68   use_no_semi_2.o
        10          0          0          0          0        116   fpinit.o

    ----------------------------------------------------------------------
      1576         50         58          0        100       1876   Library Totals
         6          0          1          0          4          0   (incl. Padding)

    ----------------------------------------------------------------------

      Code (inc. data)   RO Data    RW Data    ZI Data      Debug   Library Name

      1560         50         57          0         96       1760   c_w.l
        10          0          0          0          0        116   fz_wm.l

    ----------------------------------------------------------------------
      1576         50         58          0        100       1876   Library Totals

    ----------------------------------------------------------------------

==============================================================================


      Code (inc. data)   RO Data    RW Data    ZI Data      Debug   

     17322       2592       2082        600       3048     452827   Grand Totals
     17322       2592       2082        400       3048     452827   ELF Image Totals (compressed)
     17322       2592       2082        400          0          0   ROM Totals

==============================================================================

    Total RO  Size (Code + RO Data)                19404 (  18.95kB)
    Total RW  Size (RW Data + ZI Data)              3648 (   3.56kB)
    Total ROM Size (Code + RO Data + RW Data)      19804 (  19.34kB)

==============================================================================

