<html>
<body>
<pre>
<h1>礦ision Build Log</h1>
<h2>Project:</h2>
E:\feiyuwork\STM32F103C8T6\IKM-C8T6开发板配套资料-V1.0\第四部分：传感器实验程序\实验1 - 光敏传感器\PhotoSensor\Project\MDK-ARM\PhotoSensor.uvproj
Project File Date:  04/25/2015

<h2>Output:</h2>
Rebuild target 'PHOTO'
compiling main.c...
compiling stm32f10x_it.c...
compiling delay.c...
compiling misc.c...
compiling stm32f10x_dbgmcu.c...
compiling stm32f10x_exti.c...
compiling stm32f10x_fsmc.c...
compiling stm32f10x_gpio.c...
compiling stm32f10x_pwr.c...
compiling stm32f10x_sdio.c...
compiling stm32f10x_flash.c...
compiling stm32f10x_rcc.c...
compiling core_cm3.c...
compiling system_stm32f10x.c...
assembling startup_stm32f10x_hd.s...
linking...
Program Size: Code=2856 RO-data=336 RW-data=40 ZI-data=1632  
FromELF: creating hex file...
".\Obj\GPIO_KEY.axf" - 0 Errors, 0 Warning(s).
Load "E:\\feiyuwork\\STM32F103C8T6\\IKM-C8T6开发板配套资料-V1.0\\第四部分：传感器实验程序\\实验1 - 光敏传感器\\PhotoSensor\\Project\\MDK-ARM\\Obj\\PHOTO.axf" 
_____^
*** error 56: cannot open file
Rebuild target 'PHOTO'
compiling main.c...
compiling stm32f10x_it.c...
compiling delay.c...
compiling misc.c...
compiling stm32f10x_dbgmcu.c...
compiling stm32f10x_exti.c...
compiling stm32f10x_fsmc.c...
compiling stm32f10x_gpio.c...
compiling stm32f10x_pwr.c...
compiling stm32f10x_sdio.c...
compiling stm32f10x_flash.c...
compiling stm32f10x_rcc.c...
compiling core_cm3.c...
compiling system_stm32f10x.c...
assembling startup_stm32f10x_hd.s...
linking...
Program Size: Code=2856 RO-data=336 RW-data=40 ZI-data=1632  
FromELF: creating hex file...
".\Obj\PHOTO.axf" - 0 Errors, 0 Warning(s).
Load "E:\\feiyuwork\\STM32F103C8T6\\IKM-C8T6开发板配套资料-V1.0\\第四部分：传感器实验程序\\实验1 - 光敏传感器\\PhotoSensor\\Project\\MDK-ARM\\Obj\\PHOTO.axf" 
Set JLink Project File to "E:\feiyuwork\STM32F103C8T6\IKM-C8T6开发板配套资料-V1.0\第四部分：传感器实验程序\实验1 - 光敏传感器\PhotoSensor\Project\MDK-ARM\JLinkSettings.ini"
* JLink Info: Device "STM32F103C8" selected (64 KB flash, 20 KB RAM).
 
JLink info:
------------
DLL: V4.68a, compiled Apr 12 2013 13:26:50
Firmware: J-Link ARM V8 compiled Nov 14 2012 22:34:52
Hardware: V8.00
S/N : 99999993 
Feature(s) : RDI,FlashDL,FlashBP,JFlash,GDBFULL 
 
* JLink Info: TotalIRLen = 9, IRPrint = 0x0011
* JLink Info: TotalIRLen = 9, IRPrint = 0x0011
* JLink Info: Found Cortex-M3 r1p1, Little endian.
* JLink Info: TPIU fitted.
* JLink Info: FPUnit: 6 code (BP) slots and 2 literal slots
ROMTableAddr = 0xE00FF003
* JLink Info: Found Cortex-M3 r1p1, Little endian.
* JLink Info: TPIU fitted.
* JLink Info: FPUnit: 6 code (BP) slots and 2 literal slots
 
Target info:
------------
Device: STM32F103C8
VTarget = 3.313V
State of Pins: 
TCK: 1, TDI: 0, TDO: 1, TMS: 0, TRES: 1, TRST: 1
Hardware-Breakpoints: 6
Software-Breakpoints: 8192
Watchpoints:          4
JTAG speed: 2000 kHz
 
Erase Done.
Programming Done.
Verify OK.
Build target 'PHOTO'
compiling main.c...
linking...
Program Size: Code=2856 RO-data=336 RW-data=40 ZI-data=1632  
FromELF: creating hex file...
".\Obj\PHOTO.axf" - 0 Errors, 0 Warning(s).
Load "E:\\feiyuwork\\STM32F103C8T6\\IKM-C8T6开发板配套资料-V1.0\\第四部分：传感器实验程序\\实验1 - 光敏传感器\\PhotoSensor\\Project\\MDK-ARM\\Obj\\PHOTO.axf" 
Set JLink Project File to "E:\feiyuwork\STM32F103C8T6\IKM-C8T6开发板配套资料-V1.0\第四部分：传感器实验程序\实验1 - 光敏传感器\PhotoSensor\Project\MDK-ARM\JLinkSettings.ini"
* JLink Info: Device "STM32F103C8" selected (64 KB flash, 20 KB RAM).
 
JLink info:
------------
DLL: V4.68a, compiled Apr 12 2013 13:26:50
Firmware: J-Link ARM V8 compiled Nov 14 2012 22:34:52
Hardware: V8.00
S/N : 99999993 
Feature(s) : RDI,FlashDL,FlashBP,JFlash,GDBFULL 
 
* JLink Info: TotalIRLen = 9, IRPrint = 0x0011
* JLink Info: TotalIRLen = 9, IRPrint = 0x0011
* JLink Info: Found Cortex-M3 r1p1, Little endian.
* JLink Info: TPIU fitted.
* JLink Info: FPUnit: 6 code (BP) slots and 2 literal slots
ROMTableAddr = 0xE00FF003
* JLink Info: Found Cortex-M3 r1p1, Little endian.
* JLink Info: TPIU fitted.
* JLink Info: FPUnit: 6 code (BP) slots and 2 literal slots
 
Target info:
------------
Device: STM32F103C8
VTarget = 3.313V
State of Pins: 
TCK: 1, TDI: 0, TDO: 1, TMS: 0, TRES: 1, TRST: 1
Hardware-Breakpoints: 6
Software-Breakpoints: 8192
Watchpoints:          4
JTAG speed: 2000 kHz
 
Erase Done.
Programming Done.
Verify OK.
Rebuild target 'PHOTO'
compiling main.c...
compiling stm32f10x_it.c...
compiling delay.c...
compiling misc.c...
compiling stm32f10x_dbgmcu.c...
compiling stm32f10x_exti.c...
compiling stm32f10x_fsmc.c...
compiling stm32f10x_gpio.c...
compiling stm32f10x_pwr.c...
compiling stm32f10x_sdio.c...
compiling stm32f10x_flash.c...
compiling stm32f10x_rcc.c...
compiling core_cm3.c...
compiling system_stm32f10x.c...
assembling startup_stm32f10x_hd.s...
linking...
Program Size: Code=2856 RO-data=336 RW-data=40 ZI-data=1632  
FromELF: creating hex file...
".\Obj\PHOTO.axf" - 0 Errors, 0 Warning(s).
