Component: ARM Compiler 5.06 update 5 (build 528) Tool: armlink [4d35e2]

==============================================================================

Section Cross References

    main.o(i.main) refers to sys.o(i.Cache_Enable) for Cache_Enable
    main.o(i.main) refers to stm32h7xx_hal.o(i.HAL_Init) for HAL_Init
    main.o(i.main) refers to sys.o(i.Stm32_Clock_Init) for Stm32_Clock_Init
    main.o(i.main) refers to delay.o(i.delay_init) for delay_init
    main.o(i.main) refers to led.o(i.LED_Init) for LED_Init
    main.o(i.main) refers to key.o(i.KEY_Init) for KEY_Init
    main.o(i.main) refers to mpu.o(i.MPU_Memory_Protection) for MPU_Memory_Protection
    main.o(i.main) refers to lcd.o(i.LCD_Init) for LCD_Init
    main.o(i.main) refers to lcd.o(i.LCD_Clear) for LCD_Clear
    main.o(i.main) refers to text.o(i.Draw_Font16B) for Draw_Font16B
    main.o(i.main) refers to delay.o(i.delay_ms) for delay_ms
    main.o(i.main) refers to lcd.o(i.LCD_Fill) for LCD_Fill
    main.o(i.main) refers to stm32h7xx_hal_gpio.o(i.HAL_GPIO_TogglePin) for HAL_GPIO_TogglePin
    main.o(i.main) refers to ov5640.o(i.OV5640_Init) for OV5640_Init
    main.o(i.main) refers to printf8.o(i.__0sprintf$8) for __2sprintf
    main.o(i.main) refers to key.o(i.KEY_Scan) for KEY_Scan
    main.o(i.main) refers to ov_frame.o(i.RGB565_mode) for RGB565_mode
    main.o(i.main) refers to ov_frame.o(i.JPEG_mode) for JPEG_mode
    main.o(i.main) refers to ov5640.o(.data) for Camera_ID
    main.o(i.main) refers to main.o(.bss) for .bss
    main.o(i.main) refers to ov_frame.o(.data) for OV_mode
    main.o(i.main) refers to main.o(.data) for .data
    stm32h7xx_it.o(i.SysTick_Handler) refers to stm32h7xx_hal.o(i.HAL_IncTick) for HAL_IncTick
    system_stm32h7xx.o(i.SystemCoreClockUpdate) refers to system_stm32h7xx.o(.data) for .data
    system_stm32h7xx.o(i.SystemCoreClockUpdate) refers to system_stm32h7xx.o(.constdata) for .constdata
    startup_stm32h743xx.o(RESET) refers to startup_stm32h743xx.o(STACK) for __initial_sp
    startup_stm32h743xx.o(RESET) refers to startup_stm32h743xx.o(.text) for Reset_Handler
    startup_stm32h743xx.o(RESET) refers to stm32h7xx_it.o(i.NMI_Handler) for NMI_Handler
    startup_stm32h743xx.o(RESET) refers to stm32h7xx_it.o(i.HardFault_Handler) for HardFault_Handler
    startup_stm32h743xx.o(RESET) refers to mpu.o(i.MemManage_Handler) for MemManage_Handler
    startup_stm32h743xx.o(RESET) refers to stm32h7xx_it.o(i.BusFault_Handler) for BusFault_Handler
    startup_stm32h743xx.o(RESET) refers to stm32h7xx_it.o(i.UsageFault_Handler) for UsageFault_Handler
    startup_stm32h743xx.o(RESET) refers to stm32h7xx_it.o(i.SVC_Handler) for SVC_Handler
    startup_stm32h743xx.o(RESET) refers to stm32h7xx_it.o(i.DebugMon_Handler) for DebugMon_Handler
    startup_stm32h743xx.o(RESET) refers to stm32h7xx_it.o(i.PendSV_Handler) for PendSV_Handler
    startup_stm32h743xx.o(RESET) refers to stm32h7xx_it.o(i.SysTick_Handler) for SysTick_Handler
    startup_stm32h743xx.o(RESET) refers to dcmi.o(i.DMA1_Stream1_IRQHandler) for DMA1_Stream1_IRQHandler
    startup_stm32h743xx.o(RESET) refers to timer.o(i.TIM3_IRQHandler) for TIM3_IRQHandler
    startup_stm32h743xx.o(RESET) refers to usart.o(i.USART1_IRQHandler) for USART1_IRQHandler
    startup_stm32h743xx.o(RESET) refers to dcmi.o(i.DCMI_IRQHandler) for DCMI_IRQHandler
    startup_stm32h743xx.o(.text) refers to system_stm32h7xx.o(i.SystemInit) for SystemInit
    startup_stm32h743xx.o(.text) refers to entry.o(.ARM.Collect$$$$00000000) for __main
    delay.o(i.delay_init) refers to stm32h7xx_hal_cortex.o(i.HAL_SYSTICK_CLKSourceConfig) for HAL_SYSTICK_CLKSourceConfig
    delay.o(i.delay_init) refers to delay.o(.data) for .data
    delay.o(i.delay_ms) refers to delay.o(i.delay_us) for delay_us
    delay.o(i.delay_us) refers to delay.o(.data) for .data
    sys.o(i.Stm32_Clock_Init) refers to stm32h7xx_hal_rcc.o(i.HAL_RCC_OscConfig) for HAL_RCC_OscConfig
    sys.o(i.Stm32_Clock_Init) refers to stm32h7xx_hal_rcc.o(i.HAL_RCC_ClockConfig) for HAL_RCC_ClockConfig
    sys.o(i.Stm32_Clock_Init) refers to stm32h7xx_hal.o(i.HAL_EnableCompensationCell) for HAL_EnableCompensationCell
    usart.o(i.HAL_UART_MspInit) refers to stm32h7xx_hal_gpio.o(i.HAL_GPIO_Init) for HAL_GPIO_Init
    usart.o(i.HAL_UART_MspInit) refers to stm32h7xx_hal_cortex.o(i.HAL_NVIC_EnableIRQ) for HAL_NVIC_EnableIRQ
    usart.o(i.HAL_UART_MspInit) refers to stm32h7xx_hal_cortex.o(i.HAL_NVIC_SetPriority) for HAL_NVIC_SetPriority
    usart.o(i.HAL_UART_RxCpltCallback) refers to usart.o(.data) for .data
    usart.o(i.HAL_UART_RxCpltCallback) refers to usart.o(.bss) for .bss
    usart.o(i.USART1_IRQHandler) refers to stm32h7xx_hal_uart.o(i.HAL_UART_IRQHandler) for HAL_UART_IRQHandler
    usart.o(i.USART1_IRQHandler) refers to stm32h7xx_hal_uart.o(i.HAL_UART_GetState) for HAL_UART_GetState
    usart.o(i.USART1_IRQHandler) refers to stm32h7xx_hal_uart.o(i.HAL_UART_Receive_IT) for HAL_UART_Receive_IT
[...]
    i.LCD_Clear                              0x08002038   Section        0  lcd.o(i.LCD_Clear)
    i.LCD_Fast_DrawPoint                     0x08002078   Section        0  lcd.o(i.LCD_Fast_DrawPoint)
    i.LCD_GPIO_Init                          0x080020b0   Section        0  lcd.o(i.LCD_GPIO_Init)
    i.LCD_Init                               0x08002124   Section        0  lcd.o(i.LCD_Init)
    i.LCD_SetCursor                          0x080022c8   Section        0  lcd.o(i.LCD_SetCursor)
    i.LCD_Set_Window                         0x080022f0   Section        0  lcd.o(i.LCD_Set_Window)
    i.LCD_ShowChar                           0x08002334   Section        0  lcd.o(i.LCD_ShowChar)
    i.LCD_WR_DATA16                          0x08002400   Section        0  lcd.o(i.LCD_WR_DATA16)
    i.LCD_WR_REG                             0x0800243c   Section        0  lcd.o(i.LCD_WR_REG)
    i.LCD_WriteReg                           0x08002474   Section        0  lcd.o(i.LCD_WriteReg)
    i.MPU_Memory_Protection                  0x08002486   Section        0  mpu.o(i.MPU_Memory_Protection)
    i.MemManage_Handler                      0x080024d8   Section        0  mpu.o(i.MemManage_Handler)
    i.OV5640_Brightness                      0x08002550   Section        0  ov5640.o(i.OV5640_Brightness)
    i.OV5640_Color_Saturation                0x080025a0   Section        0  ov5640.o(i.OV5640_Color_Saturation)
    i.OV5640_Contrast                        0x0800261c   Section        0  ov5640.o(i.OV5640_Contrast)
    i.OV5640_Flash_Ctrl                      0x08002684   Section        0  ov5640.o(i.OV5640_Flash_Ctrl)
    i.OV5640_Focus_Init                      0x0800269c   Section        0  ov5640.o(i.OV5640_Focus_Init)
    i.OV5640_Light_Mode                      0x08002754   Section        0  ov5640.o(i.OV5640_Light_Mode)
    i.OV5640_RGB565_Mode                     0x08002798   Section        0  ov5640.o(i.OV5640_RGB565_Mode)
    i.OV5640_WR_Reg                          0x080027bc   Section        0  ov5640.o(i.OV5640_WR_Reg)
    i.PendSV_Handler                         0x080027f8   Section        0  stm32h7xx_it.o(i.PendSV_Handler)
    i.RCCEx_PLL3_Config                      0x080027fc   Section        0  stm32h7xx_hal_rcc_ex.o(i.RCCEx_PLL3_Config)
    RCCEx_PLL3_Config                        0x080027fd   Thumb Code   234  stm32h7xx_hal_rcc_ex.o(i.RCCEx_PLL3_Config)
    i.RGB565_mode                            0x080028ec   Section        0  ov_frame.o(i.RGB565_mode)
    i.SCCB_RD_Byte                           0x08002a78   Section        0  sccb.o(i.SCCB_RD_Byte)
    i.SPI2_Init                              0x08002ad4   Section        0  spi.o(i.SPI2_Init)
    i.SPI2_ReadWriteByte                     0x08002b30   Section        0  spi.o(i.SPI2_ReadWriteByte)
    i.SPI2_SetSpeed                          0x08002b50   Section        0  spi.o(i.SPI2_SetSpeed)
    i.Stm32_Clock_Init                       0x08002b80   Section        0  sys.o(i.Stm32_Clock_Init)
    i.SystemInit                             0x08002c28   Section        0  system_stm32h7xx.o(i.SystemInit)
    i.TIM3_IRQHandler                        0x08002cac   Section        0  timer.o(i.TIM3_IRQHandler)
    i.UART_AdvFeatureConfig                  0x08002cb8   Section        0  stm32h7xx_hal_uart.o(i.UART_AdvFeatureConfig)
    i.UART_DMAAbortOnError                   0x08002d80   Section        0  stm32h7xx_hal_uart.o(i.UART_DMAAbortOnError)
    UART_DMAAbortOnError                     0x08002d81   Thumb Code    20  stm32h7xx_hal_uart.o(i.UART_DMAAbortOnError)
    i.UART_Receive_IT                        0x08002d94   Section        0  stm32h7xx_hal_uart.o(i.UART_Receive_IT)
    UART_Receive_IT                          0x08002d95   Thumb Code   118  stm32h7xx_hal_uart.o(i.UART_Receive_IT)
    i.UsageFault_Handler                     0x08002e0a   Section        0  stm32h7xx_it.o(i.UsageFault_Handler)
    i.__NVIC_SetPriority                     0x08002e0c   Section        0  stm32h7xx_hal_cortex.o(i.__NVIC_SetPriority)
    __NVIC_SetPriority                       0x08002e0d   Thumb Code    32  stm32h7xx_hal_cortex.o(i.__NVIC_SetPriority)
    i.__scatterload_copy                     0x08002e2c   Section       14  handlers.o(i.__scatterload_copy)
    i.__scatterload_null                     0x08002e3a   Section        2  handlers.o(i.__scatterload_null)
    i.__scatterload_zeroinit                 0x08002e3c   Section       14  handlers.o(i.__scatterload_zeroinit)
    i._printf_core                           0x08002e4c   Section        0  printf8.o(i._printf_core)
    _printf_core                             0x08002e4d   Thumb Code   996  printf8.o(i._printf_core)
    i._printf_post_padding                   0x0800325c   Section        0  printf8.o(i._printf_post_padding)
    _printf_post_padding                     0x0800325d   Thumb Code    36  printf8.o(i._printf_post_padding)
    i._printf_pre_padding                    0x08003280   Section        0  printf8.o(i._printf_pre_padding)
    _printf_pre_padding                      0x08003281   Thumb Code    46  printf8.o(i._printf_pre_padding)
    i._sputc                                 0x080032ae   Section        0  printf8.o(i._sputc)
    _sputc                                   0x080032af   Thumb Code    10  printf8.o(i._sputc)
    i.delay_ms                               0x080032b8   Section        0  delay.o(i.delay_ms)
    i.delay_us                               0x080032d4   Section        0  delay.o(i.delay_us)
    i.rgblcd_dcmi_rx_callback                0x08003308   Section        0  ov_frame.o(i.rgblcd_dcmi_rx_callback)
    .constdata                               0x08003354   Section     1520  font.o(.constdata)
    .constdata                               0x08003944   Section     3420  font.o(.constdata)
    .constdata                               0x080046a0   Section      740  font.o(.constdata)
    .conststring                             0x08004984   Section       85  ov_frame.o(.conststring)
    .text                                    0x08100000   Section        0  llshl.o(.text)
    i.BusFault_Handler                       0x0810001e   Section        0  stm32h7xx_it.o(i.BusFault_Handler)
    i.Copy_HZK16                             0x08100020   Section        0  text.o(i.Copy_HZK16)
    i.Copy_HZK24                             0x08100060   Section        0  text.o(i.Copy_HZK24)
    i.Copy_RAM_Data                          0x081000a4   Section        0  ov_frame.o(i.Copy_RAM_Data)
    Copy_RAM_Data                            0x081000a5   Thumb Code    24  ov_frame.o(i.Copy_RAM_Data)
    i.DCMI_DMAError                          0x081000bc   Section        0  stm32h7xx_hal_dcmi.o(i.DCMI_DMAError)
    DCMI_DMAError                            0x081000bd   Thumb Code    32  stm32h7xx_hal_dcmi.o(i.DCMI_DMAError)
    i.DCMI_DMA_Init                          0x081000dc   Section        0  dcmi.o(i.DCMI_DMA_Init)
    i.DCMI_IRQHandler                        0x081001c0   Section        0  dcmi.o(i.DCMI_IRQHandler)
    i.DCMI_Start                             0x081001cc   Section        0  dcmi.o(i.DCMI_Start)
    i.DMA_CheckFifoParam                     0x081001f4   Section        0  stm32h7xx_hal_dma.o(i.DMA_CheckFifoParam)
    DMA_CheckFifoParam                       0x081001f5   Thumb Code    84  stm32h7xx_hal_dma.o(i.DMA_CheckFifoParam)
    i.DMA_MultiBufferSetConfig               0x08100248   Section        0  stm32h7xx_hal_dma_ex.o(i.DMA_MultiBufferSetConfig)
    DMA_MultiBufferSetConfig                 0x08100249   Thumb Code    30  stm32h7xx_hal_dma_ex.o(i.DMA_MultiBufferSetConfig)
    i.DMA_SetConfig                          0x08100268   Section        0  stm32h7xx_hal_dma.o(i.DMA_SetConfig)
    DMA_SetConfig                            0x08100269   Thumb Code   106  stm32h7xx_hal_dma.o(i.DMA_SetConfig)
    i.DebugMon_Handler                       0x081002e0   Section        0  stm32h7xx_it.o(i.DebugMon_Handler)
    i.Draw_Font16B                           0x081002e4   Section        0  text.o(i.Draw_Font16B)
    i.Get_HzMat                              0x08100310   Section        0  text.o(i.Get_HzMat)
    i.HAL_DCMI_ErrorCallback                 0x08100362   Section        0  stm32h7xx_hal_dcmi.o(i.HAL_DCMI_ErrorCallback)
    i.HAL_DCMI_Init                          0x08100364   Section        0  stm32h7xx_hal_dcmi.o(i.HAL_DCMI_Init)
    i.HAL_DCMI_VsyncEventCallback            0x0810041c   Section        0  stm32h7xx_hal_dcmi.o(i.HAL_DCMI_VsyncEventCallback)
    i.HAL_DMAEx_MultiBufferStart             0x08100420   Section        0  stm32h7xx_hal_dma_ex.o(i.HAL_DMAEx_MultiBufferStart)
    i.HAL_DMA_Abort_IT                       0x081004d0   Section        0  stm32h7xx_hal_dma.o(i.HAL_DMA_Abort_IT)
    i.HAL_DMA_DeInit                         0x08100564   Section        0  stm32h7xx_hal_dma.o(i.HAL_DMA_DeInit)
    i.HAL_DMA_Init                           0x0810062c   Section        0  stm32h7xx_hal_dma.o(i.HAL_DMA_Init)
    i.HAL_DMA_Start                          0x081007c0   Section        0  stm32h7xx_hal_dma.o(i.HAL_DMA_Start)
    i.HAL_GPIO_WritePin                      0x08100826   Section        0  stm32h7xx_hal_gpio.o(i.HAL_GPIO_WritePin)
    i.HAL_IncTick                            0x08100830   Section        0  stm32h7xx_hal.o(i.HAL_IncTick)
    i.HAL_MPU_Enable                         0x08100840   Section        0  stm32h7xx_hal_cortex.o(i.HAL_MPU_Enable)
    i.HAL_MspInit                            0x08100864   Section        0  stm32h7xx_hal_msp.o(i.HAL_MspInit)
    i.HAL_NVIC_EnableIRQ                     0x08100866   Section        0  stm32h7xx_hal_cortex.o(i.HAL_NVIC_EnableIRQ)
    i.HAL_RCCEx_GetD1SysClockFreq            0x08100880   Section        0  stm32h7xx_hal_rcc_ex.o(i.HAL_RCCEx_GetD1SysClockFreq)
    i.HAL_RCCEx_GetPLL3ClockFreq             0x081008b4   Section        0  stm32h7xx_hal_rcc_ex.o(i.HAL_RCCEx_GetPLL3ClockFreq)
    i.HAL_RCC_GetPCLK1Freq                   0x081009b0   Section        0  stm32h7xx_hal_rcc.o(i.HAL_RCC_GetPCLK1Freq)
    i.HAL_RCC_GetPCLK2Freq                   0x081009dc   Section        0  stm32h7xx_hal_rcc.o(i.HAL_RCC_GetPCLK2Freq)
    i.HAL_SPI_Init                           0x08100a08   Section        0  stm32h7xx_hal_spi.o(i.HAL_SPI_Init)
    i.HAL_SPI_TransmitReceive                0x08100be8   Section        0  stm32h7xx_hal_spi.o(i.HAL_SPI_TransmitReceive)
    i.HAL_TIMEx_BreakCallback                0x08100f00   Section        0  stm32h7xx_hal_tim_ex.o(i.HAL_TIMEx_BreakCallback)
    i.HAL_TIM_IC_CaptureCallback             0x08100f02   Section        0  stm32h7xx_hal_tim.o(i.HAL_TIM_IC_CaptureCallback)
    i.HAL_TIM_PWM_PulseFinishedCallback      0x08100f04   Section        0  stm32h7xx_hal_tim.o(i.HAL_TIM_PWM_PulseFinishedCallback)
    i.HAL_UART_IRQHandler                    0x08100f08   Section        0  stm32h7xx_hal_uart.o(i.HAL_UART_IRQHandler)
    i.HAL_UART_RxCpltCallback                0x08101088   Section        0  usart.o(i.HAL_UART_RxCpltCallback)
    i.HAL_UART_TxCpltCallback                0x081010e0   Section        0  stm32h7xx_hal_uart.o(i.HAL_UART_TxCpltCallback)
    i.JPEG_mode                              0x081010e4   Section        0  ov_frame.o(i.JPEG_mode)
    i.KEY_Init                               0x08101300   Section        0  key.o(i.KEY_Init)
    i.KEY_Scan                               0x08101360   Section        0  key.o(i.KEY_Scan)
    i.LCD_Display_Dir                        0x081013e4   Section        0  lcd.o(i.LCD_Display_Dir)
    i.LCD_Fill                               0x0810145c   Section        0  lcd.o(i.LCD_Fill)
    i.LCD_HardwareRest                       0x081014a4   Section        0  lcd.o(i.LCD_HardwareRest)
    i.LCD_Scan_Dir                           0x081014d4   Section        0  lcd.o(i.LCD_Scan_Dir)
    i.LCD_SoftRest                           0x081014f6   Section        0  lcd.o(i.LCD_SoftRest)
    i.LCD_WR_DATA8                           0x08101508   Section        0  lcd.o(i.LCD_WR_DATA8)
    i.LCD_WriteRAM_Prepare                   0x08101540   Section        0  lcd.o(i.LCD_WriteRAM_Prepare)
    i.LED_Init                               0x0810154c   Section        0  led.o(i.LED_Init)
    i.MPU_Set_Protection                     0x08101590   Section        0  mpu.o(i.MPU_Set_Protection)
    i.NMI_Handler                            0x081015e8   Section        0  stm32h7xx_it.o(i.NMI_Handler)
    i.OV5640_Focus_Constant                  0x081015ea   Section        0  ov5640.o(i.OV5640_Focus_Constant)
    i.OV5640_Focus_Single                    0x0810165c   Section        0  ov5640.o(i.OV5640_Focus_Single)
    i.OV5640_Init                            0x08101694   Section        0  ov5640.o(i.OV5640_Init)
    i.OV5640_JPEG_Mode                       0x081017a8   Section        0  ov5640.o(i.OV5640_JPEG_Mode)
    i.OV5640_OutSize_Set                     0x081017cc   Section        0  ov5640.o(i.OV5640_OutSize_Set)
    i.OV5640_PWDN_Set                        0x0810184c   Section        0  ov5640.o(i.OV5640_PWDN_Set)
    i.OV5640_RD_Reg                          0x08101864   Section        0  ov5640.o(i.OV5640_RD_Reg)
    i.OV5640_Sharpness                       0x0810189e   Section        0  ov5640.o(i.OV5640_Sharpness)
    i.RCCEx_PLL2_Config                      0x08101910   Section        0  stm32h7xx_hal_rcc_ex.o(i.RCCEx_PLL2_Config)
    RCCEx_PLL2_Config                        0x08101911   Thumb Code   234  stm32h7xx_hal_rcc_ex.o(i.RCCEx_PLL2_Config)
    i.RGB_Refresh_LCD                        0x08101a00   Section        0  ov_frame.o(i.RGB_Refresh_LCD)
    RGB_Refresh_LCD                          0x08101a01   Thumb Code   152  ov_frame.o(i.RGB_Refresh_LCD)
    i.SCCB_Init                              0x08101aa4   Section        0  sccb.o(i.SCCB_Init)
    i.SCCB_No_Ack                            0x08101ae0   Section        0  sccb.o(i.SCCB_No_Ack)
    i.SCCB_SDA_IN                            0x08101b30   Section        0  sccb.o(i.SCCB_SDA_IN)
    i.SCCB_SDA_OUT                           0x08101b58   Section        0  sccb.o(i.SCCB_SDA_OUT)
    i.SCCB_Start                             0x08101b7c   Section        0  sccb.o(i.SCCB_Start)
    i.SCCB_Stop                              0x08101bc0   Section        0  sccb.o(i.SCCB_Stop)
    i.SCCB_WR_Byte                           0x08101c00   Section        0  sccb.o(i.SCCB_WR_Byte)
    i.SPI_CloseTransfer                      0x08101c94   Section        0  stm32h7xx_hal_spi.o(i.SPI_CloseTransfer)
    SPI_CloseTransfer                        0x08101c95   Thumb Code   222  stm32h7xx_hal_spi.o(i.SPI_CloseTransfer)
    i.SPI_WaitOnFlagUntilTimeout             0x08101d72   Section        0  stm32h7xx_hal_spi.o(i.SPI_WaitOnFlagUntilTimeout)
    SPI_WaitOnFlagUntilTimeout               0x08101d73   Thumb Code    64  stm32h7xx_hal_spi.o(i.SPI_WaitOnFlagUntilTimeout)
    i.SVC_Handler                            0x08101db2   Section        0  stm32h7xx_it.o(i.SVC_Handler)
    i.Show_Font                              0x08101db4   Section        0  text.o(i.Show_Font)
    i.Show_Str                               0x08101e4c   Section        0  text.o(i.Show_Str)
    i.SysTick_Handler                        0x08101f02   Section        0  stm32h7xx_it.o(i.SysTick_Handler)
    i.UART_CheckIdleState                    0x08101f06   Section        0  stm32h7xx_hal_uart.o(i.UART_CheckIdleState)
    i.UART_EndRxTransfer                     0x08101f62   Section        0  stm32h7xx_hal_uart.o(i.UART_EndRxTransfer)
    UART_EndRxTransfer                       0x08101f63   Thumb Code    28  stm32h7xx_hal_uart.o(i.UART_EndRxTransfer)
    i.UART_SetConfig                         0x08101f80   Section        0  stm32h7xx_hal_uart.o(i.UART_SetConfig)
    i.UART_Transmit_IT                       0x08102428   Section        0  stm32h7xx_hal_uart.o(i.UART_Transmit_IT)
    UART_Transmit_IT                         0x08102429   Thumb Code   116  stm32h7xx_hal_uart.o(i.UART_Transmit_IT)
    i.UART_WaitOnFlagUntilTimeout            0x0810249c   Section        0  stm32h7xx_hal_uart.o(i.UART_WaitOnFlagUntilTimeout)
    i.USART1_IRQHandler                      0x08102500   Section        0  usart.o(i.USART1_IRQHandler)
    i.__0printf$8                            0x08102544   Section        0  printf8.o(i.__0printf$8)
    i.__0sprintf$8                           0x08102564   Section        0  printf8.o(i.__0sprintf$8)
    i.delay_init                             0x0810258c   Section        0  delay.o(i.delay_init)
    i.fputc                                  0x081025a0   Section        0  usart.o(i.fputc)
    i.jpeg_data_process                      0x081025b4   Section        0  ov_frame.o(i.jpeg_data_process)
    i.main                                   0x08102610   Section        0  main.o(i.main)
    i.uart_init                              0x081027d0   Section        0  usart.o(i.uart_init)
    .constdata                               0x08102808   Section       16  system_stm32h7xx.o(.constdata)
    .constdata                               0x08102818   Section        8  stm32h7xx_hal_dma.o(.constdata)
    flagBitshiftOffset                       0x08102818   Data           8  stm32h7xx_hal_dma.o(.constdata)
    .constdata                               0x08102820   Section       24  stm32h7xx_hal_uart.o(.constdata)
    UARTPrescTable                           0x08102820   Data          24  stm32h7xx_hal_uart.o(.constdata)
    .constdata                               0x08102838   Section     5389  ov5640.o(.constdata)
    OV5640_EXPOSURE_TBL                      0x08103cb9   Data          42  ov5640.o(.constdata)
    OV5640_LIGHTMODE_TBL                     0x08103ce3   Data          35  ov5640.o(.constdata)
    OV5640_SATURATION_TBL                    0x08103d06   Data          42  ov5640.o(.constdata)
    OV5640_EFFECTS_TBL                       0x08103d30   Data          21  ov5640.o(.constdata)
    .constdata                               0x08103d46   Section       48  ov_frame.o(.constdata)
    .constdata                               0x08103d76   Section     1140  font.o(.constdata)
    .constdata                               0x081041ea   Section     2006  font.o(.constdata)
    .data                                    0x24000000   Section        2  main.o(.data)
    .data                                    0x24000004   Section        4  system_stm32h7xx.o(.data)
    .data                                    0x24000008   Section        4  system_stm32h7xx.o(.data)
    .data                                    0x2400000c   Section        4  delay.o(.data)
    fac_us                                   0x2400000c   Data           4  delay.o(.data)
    .data                                    0x24000010   Section        4  usart.o(.data)
    .data                                    0x24000014   Section        4  usart.o(.data)
    .data                                    0x24000018   Section       12  stm32h7xx_hal.o(.data)
    uwTickFreq                               0x24000018   Data           1  stm32h7xx_hal.o(.data)
    uwTickPrio                               0x2400001c   Data           4  stm32h7xx_hal.o(.data)
    uwTick                                   0x24000020   Data           4  stm32h7xx_hal.o(.data)
    .data                                    0x24000024   Section        1  key.o(.data)
    key_up                                   0x24000024   Data           1  key.o(.data)
    .data                                    0x24000028   Section        8  dcmi.o(.data)
    .data                                    0x24000030   Section        2  ov5640.o(.data)
    .data                                    0x24000034   Section       68  ov_frame.o(.data)
    .data                                    0x24000078   Section        4  lcd.o(.data)
    .bss                                     0x2400007c   Section       32  main.o(.bss)
    .bss                                     0x2400009c   Section      328  usart.o(.bss)
    .bss                                     0x240001e4   Section      200  dcmi.o(.bss)
    .bss                                     0x240002ac   Section       64  timer.o(.bss)
    .bss                                     0x240002ec   Section    232832  ov_frame.o(.bss)
    .bss                                     0x2403906c   Section      136  spi.o(.bss)
    .bss                                     0x240390f4   Section       14  lcd.o(.bss)
    STACK                                    0x24039108   Section     1024  startup_stm32h743xx.o(STACK)

    Global Symbols

    Symbol Name                              Value     Ov Type        Size  Object(Section)

    BuildAttributes$$THM_ISAv4$E$P$D$K$B$S$7EM$VFPv5_D16$PE$PLD8$A:L22UL41UL21$X:L11$S22US41US21$IEEE1$IW$USESV6$~STKCKD$USESV7$~SHL$OSPACE$ROPI$EBA8$MICROLIB$REQ8$PRES8$EABIv2 0x00000000   Number         0  anon$$obj.o ABSOLUTE
    __ARM_use_no_argv                        0x00000000   Number         0  main.o ABSOLUTE
    _printf_a                                0x00000000   Number         0  stubs.o ABSOLUTE
    _printf_c                                0x00000000   Number         0  stubs.o ABSOLUTE
    _printf_charcount                        0x00000000   Number         0  stubs.o ABSOLUTE
    _printf_d                                0x00000000   Number         0  stubs.o ABSOLUTE
    _printf_e                                0x00000000   Number         0  stubs.o ABSOLUTE
    _printf_f                                0x00000000   Number         0  stubs.o ABSOLUTE
    _printf_flags                            0x00000000   Number         0  stubs.o ABSOLUTE
    _printf_fp_dec                           0x00000000   Number         0  stubs.o ABSOLUTE
    _printf_fp_hex                           0x00000000   Number         0  stubs.o ABSOLUTE
    _printf_g                                0x00000000   Number         0  stubs.o ABSOLUTE
    _printf_i                                0x00000000   Number         0  stubs.o ABSOLUTE
    _printf_int_dec                          0x00000000   Number         0  stubs.o ABSOLUTE
    _printf_l                                0x00000000   Number         0  stubs.o ABSOLUTE
    _printf_lc                               0x00000000   Number         0  stubs.o ABSOLUTE
    _printf_ll                               0x00000000   Number         0  stubs.o ABSOLUTE
    _printf_lld                              0x00000000   Number         0  stubs.o ABSOLUTE
    _printf_lli                              0x00000000   Number         0  stubs.o ABSOLUTE
    _printf_llo                              0x00000000   Number         0  stubs.o ABSOLUTE
    _printf_llu                              0x00000000   Number         0  stubs.o ABSOLUTE
    _printf_llx                              0x00000000   Number         0  stubs.o ABSOLUTE
    _printf_longlong_dec                     0x00000000   Number         0  stubs.o ABSOLUTE
    _printf_longlong_hex                     0x00000000   Number         0  stubs.o ABSOLUTE
    _printf_longlong_oct                     0x00000000   Number         0  stubs.o ABSOLUTE
    _printf_ls                               0x00000000   Number         0  stubs.o ABSOLUTE
    _printf_mbtowc                           0x00000000   Number         0  stubs.o ABSOLUTE
    _printf_n                                0x00000000   Number         0  stubs.o ABSOLUTE
    _printf_o                                0x00000000   Number         0  stubs.o ABSOLUTE
    _printf_p                                0x00000000   Number         0  stubs.o ABSOLUTE
    _printf_percent                          0x00000000   Number         0  stubs.o ABSOLUTE
    _printf_pre_padding                      0x00000000   Number         0  stubs.o ABSOLUTE
    _printf_return_value                     0x00000000   Number         0  stubs.o ABSOLUTE
    _printf_s                                0x00000000   Number         0  stubs.o ABSOLUTE
    _printf_sizespec                         0x00000000   Number         0  stubs.o ABSOLUTE
    _printf_str                              0x00000000   Number         0  stubs.o ABSOLUTE
    _printf_truncate_signed                  0x00000000   Number         0  stubs.o ABSOLUTE
    _printf_truncate_unsigned                0x00000000   Number         0  stubs.o ABSOLUTE
    _printf_u                                0x00000000   Number         0  stubs.o ABSOLUTE
    _printf_wc                               0x00000000   Number         0  stubs.o ABSOLUTE
    _printf_wctomb                           0x00000000   Number         0  stubs.o ABSOLUTE
    _printf_widthprec                        0x00000000   Number         0  stubs.o ABSOLUTE
    _printf_x                                0x00000000   Number         0  stubs.o ABSOLUTE
    __cpp_initialize__aeabi_                  - Undefined Weak Reference
    __cxa_finalize                            - Undefined Weak Reference
    __decompress                              - Undefined Weak Reference
    _clock_init                               - Undefined Weak Reference
    _microlib_exit                            - Undefined Weak Reference
    __Vectors_Size                           0x00000298   Number         0  startup_stm32h743xx.o ABSOLUTE
    __Vectors                                0x08000000   Data           4  startup_stm32h743xx.o(RESET)
    __Vectors_End                            0x08000298   Data           0  startup_stm32h743xx.o(RESET)
    __main                                   0x08000299   Thumb Code     0  entry.o(.ARM.Collect$$$$00000000)
    _main_stk                                0x08000299   Thumb Code     0  entry2.o(.ARM.Collect$$$$00000001)
    _main_scatterload                        0x0800029d   Thumb Code     0  entry5.o(.ARM.Collect$$$$00000004)
    __main_after_scatterload                 0x080002a1   Thumb Code     0  entry5.o(.ARM.Collect$$$$00000004)
    _main_clock                              0x080002a1   Thumb Code     0  entry7b.o(.ARM.Collect$$$$00000008)
    _main_cpp_init                           0x080002a1   Thumb Code     0  entry8b.o(.ARM.Collect$$$$0000000A)
    _main_init                               0x080002a1   Thumb Code     0  entry9a.o(.ARM.Collect$$$$0000000B)
    __rt_final_cpp                           0x080002a9   Thumb Code     0  entry10a.o(.ARM.Collect$$$$0000000D)
    __rt_final_exit                          0x080002a9   Thumb Code     0  entry11a.o(.ARM.Collect$$$$0000000F)
    Reset_Handler                            0x080002ad   Thumb Code     8  startup_stm32h743xx.o(.text)
    ADC3_IRQHandler                          0x080002c7   Thumb Code     0  startup_stm32h743xx.o(.text)
    ADC_IRQHandler                           0x080002c7   Thumb Code     0  startup_stm32h743xx.o(.text)
    BDMA_Channel0_IRQHandler                 0x080002c7   Thumb Code     0  startup_stm32h743xx.o(.text)
    BDMA_Channel1_IRQHandler                 0x080002c7   Thumb Code     0  startup_stm32h743xx.o(.text)
    BDMA_Channel2_IRQHandler                 0x080002c7   Thumb Code     0  startup_stm32h743xx.o(.text)
    BDMA_Channel3_IRQHandler                 0x080002c7   Thumb Code     0  startup_stm32h743xx.o(.text)
    BDMA_Channel4_IRQHandler                 0x080002c7   Thumb Code     0  startup_stm32h743xx.o(.text)
    BDMA_Channel5_IRQHandler                 0x080002c7   Thumb Code     0  startup_stm32h743xx.o(.text)
    BDMA_Channel6_IRQHandler                 0x080002c7   Thumb Code     0  startup_stm32h743xx.o(.text)
    BDMA_Channel7_IRQHandler                 0x080002c7   Thumb Code     0  startup_stm32h743xx.o(.text)
    CEC_IRQHandler                           0x080002c7   Thumb Code     0  startup_stm32h743xx.o(.text)
    COMP1_IRQHandler                         0x080002c7   Thumb Code     0  startup_stm32h743xx.o(.text)
    CRS_IRQHandler                           0x080002c7   Thumb Code     0  startup_stm32h743xx.o(.text)
    DFSDM1_FLT0_IRQHandler                   0x080002c7   Thumb Code     0  startup_stm32h743xx.o(.text)
    DFSDM1_FLT1_IRQHandler                   0x080002c7   Thumb Code     0  startup_stm32h743xx.o(.text)
    DFSDM1_FLT2_IRQHandler                   0x080002c7   Thumb Code     0  startup_stm32h743xx.o(.text)
    DFSDM1_FLT3_IRQHandler                   0x080002c7   Thumb Code     0  startup_stm32h743xx.o(.text)
    DMA1_Stream0_IRQHandler                  0x080002c7   Thumb Code     0  startup_stm32h743xx.o(.text)
    DMA1_Stream2_IRQHandler                  0x080002c7   Thumb Code     0  startup_stm32h743xx.o(.text)
    DMA1_Stream3_IRQHandler                  0x080002c7   Thumb Code     0  startup_stm32h743xx.o(.text)
    DMA1_Stream4_IRQHandler                  0x080002c7   Thumb Code     0  startup_stm32h743xx.o(.text)
    DMA1_Stream5_IRQHandler                  0x080002c7   Thumb Code     0  startup_stm32h743xx.o(.text)
    DMA1_Stream6_IRQHandler                  0x080002c7   Thumb Code     0  startup_stm32h743xx.o(.text)
    DMA1_Stream7_IRQHandler                  0x080002c7   Thumb Code     0  startup_stm32h743xx.o(.text)
    DMA2D_IRQHandler                         0x080002c7   Thumb Code     0  startup_stm32h743xx.o(.text)
    DMA2_Stream0_IRQHandler                  0x080002c7   Thumb Code     0  startup_stm32h743xx.o(.text)
    DMA2_Stream1_IRQHandler                  0x080002c7   Thumb Code     0  startup_stm32h743xx.o(.text)
    DMA2_Stream2_IRQHandler                  0x080002c7   Thumb Code     0  startup_stm32h743xx.o(.text)
    DMA2_Stream3_IRQHandler                  0x080002c7   Thumb Code     0  startup_stm32h743xx.o(.text)
    DMA2_Stream4_IRQHandler                  0x080002c7   Thumb Code     0  startup_stm32h743xx.o(.text)
    DMA2_Stream5_IRQHandler                  0x080002c7   Thumb Code     0  startup_stm32h743xx.o(.text)
    DMA2_Stream6_IRQHandler                  0x080002c7   Thumb Code     0  startup_stm32h743xx.o(.text)
    DMA2_Stream7_IRQHandler                  0x080002c7   Thumb Code     0  startup_stm32h743xx.o(.text)
    DMAMUX1_OVR_IRQHandler                   0x080002c7   Thumb Code     0  startup_stm32h743xx.o(.text)
    DMAMUX2_OVR_IRQHandler                   0x080002c7   Thumb Code     0  startup_stm32h743xx.o(.text)
    ETH_IRQHandler                           0x080002c7   Thumb Code     0  startup_stm32h743xx.o(.text)
    ETH_WKUP_IRQHandler                      0x080002c7   Thumb Code     0  startup_stm32h743xx.o(.text)
    EXTI0_IRQHandler                         0x080002c7   Thumb Code     0  startup_stm32h743xx.o(.text)
    EXTI15_10_IRQHandler                     0x080002c7   Thumb Code     0  startup_stm32h743xx.o(.text)
    EXTI1_IRQHandler                         0x080002c7   Thumb Code     0  startup_stm32h743xx.o(.text)
    EXTI2_IRQHandler                         0x080002c7   Thumb Code     0  startup_stm32h743xx.o(.text)
    EXTI3_IRQHandler                         0x080002c7   Thumb Code     0  startup_stm32h743xx.o(.text)
    EXTI4_IRQHandler                         0x080002c7   Thumb Code     0  startup_stm32h743xx.o(.text)
    EXTI9_5_IRQHandler                       0x080002c7   Thumb Code     0  startup_stm32h743xx.o(.text)
    FDCAN1_IT0_IRQHandler                    0x080002c7   Thumb Code     0  startup_stm32h743xx.o(.text)
    FDCAN1_IT1_IRQHandler                    0x080002c7   Thumb Code     0  startup_stm32h743xx.o(.text)
    FDCAN2_IT0_IRQHandler                    0x080002c7   Thumb Code     0  startup_stm32h743xx.o(.text)
    FDCAN2_IT1_IRQHandler                    0x080002c7   Thumb Code     0  startup_stm32h743xx.o(.text)
    FDCAN_CAL_IRQHandler                     0x080002c7   Thumb Code     0  startup_stm32h743xx.o(.text)
    FLASH_IRQHandler                         0x080002c7   Thumb Code     0  startup_stm32h743xx.o(.text)
    FMC_IRQHandler                           0x080002c7   Thumb Code     0  startup_stm32h743xx.o(.text)
    FPU_IRQHandler                           0x080002c7   Thumb Code     0  startup_stm32h743xx.o(.text)
    HRTIM1_FLT_IRQHandler                    0x080002c7   Thumb Code     0  startup_stm32h743xx.o(.text)
    HRTIM1_Master_IRQHandler                 0x080002c7   Thumb Code     0  startup_stm32h743xx.o(.text)
    HRTIM1_TIMA_IRQHandler                   0x080002c7   Thumb Code     0  startup_stm32h743xx.o(.text)
    HRTIM1_TIMB_IRQHandler                   0x080002c7   Thumb Code     0  startup_stm32h743xx.o(.text)
    HRTIM1_TIMC_IRQHandler                   0x080002c7   Thumb Code     0  startup_stm32h743xx.o(.text)
    HRTIM1_TIMD_IRQHandler                   0x080002c7   Thumb Code     0  startup_stm32h743xx.o(.text)
    HRTIM1_TIME_IRQHandler                   0x080002c7   Thumb Code     0  startup_stm32h743xx.o(.text)
    HSEM1_IRQHandler                         0x080002c7   Thumb Code     0  startup_stm32h743xx.o(.text)
    I2C1_ER_IRQHandler                       0x080002c7   Thumb Code     0  startup_stm32h743xx.o(.text)
    I2C1_EV_IRQHandler                       0x080002c7   Thumb Code     0  startup_stm32h743xx.o(.text)
    I2C2_ER_IRQHandler                       0x080002c7   Thumb Code     0  startup_stm32h743xx.o(.text)
    I2C2_EV_IRQHandler                       0x080002c7   Thumb Code     0  startup_stm32h743xx.o(.text)
    I2C3_ER_IRQHandler                       0x080002c7   Thumb Code     0  startup_stm32h743xx.o(.text)
    I2C3_EV_IRQHandler                       0x080002c7   Thumb Code     0  startup_stm32h743xx.o(.text)
    I2C4_ER_IRQHandler                       0x080002c7   Thumb Code     0  startup_stm32h743xx.o(.text)
    I2C4_EV_IRQHandler                       0x080002c7   Thumb Code     0  startup_stm32h743xx.o(.text)
    JPEG_IRQHandler                          0x080002c7   Thumb Code     0  startup_stm32h743xx.o(.text)
    LPTIM1_IRQHandler                        0x080002c7   Thumb Code     0  startup_stm32h743xx.o(.text)
    LPTIM2_IRQHandler                        0x080002c7   Thumb Code     0  startup_stm32h743xx.o(.text)
    LPTIM3_IRQHandler                        0x080002c7   Thumb Code     0  startup_stm32h743xx.o(.text)
    LPTIM4_IRQHandler                        0x080002c7   Thumb Code     0  startup_stm32h743xx.o(.text)
    LPTIM5_IRQHandler                        0x080002c7   Thumb Code     0  startup_stm32h743xx.o(.text)
    LPUART1_IRQHandler                       0x080002c7   Thumb Code     0  startup_stm32h743xx.o(.text)
    LTDC_ER_IRQHandler                       0x080002c7   Thumb Code     0  startup_stm32h743xx.o(.text)
    LTDC_IRQHandler                          0x080002c7   Thumb Code     0  startup_stm32h743xx.o(.text)
    MDIOS_IRQHandler                         0x080002c7   Thumb Code     0  startup_stm32h743xx.o(.text)
    MDIOS_WKUP_IRQHandler                    0x080002c7   Thumb Code     0  startup_stm32h743xx.o(.text)
    MDMA_IRQHandler                          0x080002c7   Thumb Code     0  startup_stm32h743xx.o(.text)
    OTG_FS_EP1_IN_IRQHandler                 0x080002c7   Thumb Code     0  startup_stm32h743xx.o(.text)
    OTG_FS_EP1_OUT_IRQHandler                0x080002c7   Thumb Code     0  startup_stm32h743xx.o(.text)
    OTG_FS_IRQHandler                        0x080002c7   Thumb Code     0  startup_stm32h743xx.o(.text)
    OTG_FS_WKUP_IRQHandler                   0x080002c7   Thumb Code     0  startup_stm32h743xx.o(.text)
    OTG_HS_EP1_IN_IRQHandler                 0x080002c7   Thumb Code     0  startup_stm32h743xx.o(.text)
    OTG_HS_EP1_OUT_IRQHandler                0x080002c7   Thumb Code     0  startup_stm32h743xx.o(.text)
    OTG_HS_IRQHandler                        0x080002c7   Thumb Code     0  startup_stm32h743xx.o(.text)
    OTG_HS_WKUP_IRQHandler                   0x080002c7   Thumb Code     0  startup_stm32h743xx.o(.text)
    PVD_AVD_IRQHandler                       0x080002c7   Thumb Code     0  startup_stm32h743xx.o(.text)
    QUADSPI_IRQHandler                       0x080002c7   Thumb Code     0  startup_stm32h743xx.o(.text)
    RCC_IRQHandler                           0x080002c7   Thumb Code     0  startup_stm32h743xx.o(.text)
    RNG_IRQHandler                           0x080002c7   Thumb Code     0  startup_stm32h743xx.o(.text)
    RTC_Alarm_IRQHandler                     0x080002c7   Thumb Code     0  startup_stm32h743xx.o(.text)
    RTC_WKUP_IRQHandler                      0x080002c7   Thumb Code     0  startup_stm32h743xx.o(.text)
    SAI1_IRQHandler                          0x080002c7   Thumb Code     0  startup_stm32h743xx.o(.text)
    SAI2_IRQHandler                          0x080002c7   Thumb Code     0  startup_stm32h743xx.o(.text)
    SAI3_IRQHandler                          0x080002c7   Thumb Code     0  startup_stm32h743xx.o(.text)
    SAI4_IRQHandler                          0x080002c7   Thumb Code     0  startup_stm32h743xx.o(.text)
    SDMMC1_IRQHandler                        0x080002c7   Thumb Code     0  startup_stm32h743xx.o(.text)
    SDMMC2_IRQHandler                        0x080002c7   Thumb Code     0  startup_stm32h743xx.o(.text)
    SPDIF_RX_IRQHandler                      0x080002c7   Thumb Code     0  startup_stm32h743xx.o(.text)
    SPI1_IRQHandler                          0x080002c7   Thumb Code     0  startup_stm32h743xx.o(.text)
    SPI2_IRQHandler                          0x080002c7   Thumb Code     0  startup_stm32h743xx.o(.text)
    SPI3_IRQHandler                          0x080002c7   Thumb Code     0  startup_stm32h743xx.o(.text)
    SPI4_IRQHandler                          0x080002c7   Thumb Code     0  startup_stm32h743xx.o(.text)
    SPI5_IRQHandler                          0x080002c7   Thumb Code     0  startup_stm32h743xx.o(.text)
    SPI6_IRQHandler                          0x080002c7   Thumb Code     0  startup_stm32h743xx.o(.text)
    SWPMI1_IRQHandler                        0x080002c7   Thumb Code     0  startup_stm32h743xx.o(.text)
    TAMP_STAMP_IRQHandler                    0x080002c7   Thumb Code     0  startup_stm32h743xx.o(.text)
    TIM15_IRQHandler                         0x080002c7   Thumb Code     0  startup_stm32h743xx.o(.text)
    TIM16_IRQHandler                         0x080002c7   Thumb Code     0  startup_stm32h743xx.o(.text)
    TIM17_IRQHandler                         0x080002c7   Thumb Code     0  startup_stm32h743xx.o(.text)
    TIM1_BRK_IRQHandler                      0x080002c7   Thumb Code     0  startup_stm32h743xx.o(.text)
    TIM1_CC_IRQHandler                       0x080002c7   Thumb Code     0  startup_stm32h743xx.o(.text)
    TIM1_TRG_COM_IRQHandler                  0x080002c7   Thumb Code     0  startup_stm32h743xx.o(.text)
    TIM1_UP_IRQHandler                       0x080002c7   Thumb Code     0  startup_stm32h743xx.o(.text)
    TIM2_IRQHandler                          0x080002c7   Thumb Code     0  startup_stm32h743xx.o(.text)
    TIM4_IRQHandler                          0x080002c7   Thumb Code     0  startup_stm32h743xx.o(.text)
    TIM5_IRQHandler                          0x080002c7   Thumb Code     0  startup_stm32h743xx.o(.text)
    TIM6_DAC_IRQHandler                      0x080002c7   Thumb Code     0  startup_stm32h743xx.o(.text)
    TIM7_IRQHandler                          0x080002c7   Thumb Code     0  startup_stm32h743xx.o(.text)
    TIM8_BRK_TIM12_IRQHandler                0x080002c7   Thumb Code     0  startup_stm32h743xx.o(.text)
    TIM8_CC_IRQHandler                       0x080002c7   Thumb Code     0  startup_stm32h743xx.o(.text)
    TIM8_TRG_COM_TIM14_IRQHandler            0x080002c7   Thumb Code     0  startup_stm32h743xx.o(.text)
    TIM8_UP_TIM13_IRQHandler                 0x080002c7   Thumb Code     0  startup_stm32h743xx.o(.text)
    UART4_IRQHandler                         0x080002c7   Thumb Code     0  startup_stm32h743xx.o(.text)
    UART5_IRQHandler                         0x080002c7   Thumb Code     0  startup_stm32h743xx.o(.text)
    UART7_IRQHandler                         0x080002c7   Thumb Code     0  startup_stm32h743xx.o(.text)
    UART8_IRQHandler                         0x080002c7   Thumb Code     0  startup_stm32h743xx.o(.text)
    USART2_IRQHandler                        0x080002c7   Thumb Code     0  startup_stm32h743xx.o(.text)
    USART3_IRQHandler                        0x080002c7   Thumb Code     0  startup_stm32h743xx.o(.text)
    USART6_IRQHandler                        0x080002c7   Thumb Code     0  startup_stm32h743xx.o(.text)
    WAKEUP_PIN_IRQHandler                    0x080002c7   Thumb Code     0  startup_stm32h743xx.o(.text)
    WWDG_IRQHandler                          0x080002c7   Thumb Code     0  startup_stm32h743xx.o(.text)
    __aeabi_uldivmod                         0x080002d1   Thumb Code    98  uldiv.o(.text)
    __aeabi_llsr                             0x08000333   Thumb Code    32  llushr.o(.text)
    _ll_ushift_r                             0x08000333   Thumb Code     0  llushr.o(.text)
    __scatterload                            0x08000355   Thumb Code    28  init.o(.text)
    __scatterload_rt2                        0x08000355   Thumb Code     0  init.o(.text)
    Cache_Enable                             0x08000379   Thumb Code   126  sys.o(i.Cache_Enable)
    Copy_Mem                                 0x08000401   Thumb Code    22  text.o(i.Copy_Mem)
    DCMI_Init                                0x08000419   Thumb Code    54  dcmi.o(i.DCMI_Init)
    DCMI_Stop                                0x08000459   Thumb Code    30  dcmi.o(i.DCMI_Stop)
    DMA1_Stream1_IRQHandler                  0x08000481   Thumb Code   126  dcmi.o(i.DMA1_Stream1_IRQHandler)
    HAL_DCMI_FrameEventCallback              0x080005dd   Thumb Code    36  dcmi.o(i.HAL_DCMI_FrameEventCallback)
    HAL_DCMI_IRQHandler                      0x0800060d   Thumb Code   154  stm32h7xx_hal_dcmi.o(i.HAL_DCMI_IRQHandler)
    HAL_DCMI_LineEventCallback               0x080006ad   Thumb Code     2  stm32h7xx_hal_dcmi.o(i.HAL_DCMI_LineEventCallback)
    HAL_DCMI_MspInit                         0x080006b1   Thumb Code   202  dcmi.o(i.HAL_DCMI_MspInit)
    HAL_EnableCompensationCell               0x08000795   Thumb Code    12  stm32h7xx_hal.o(i.HAL_EnableCompensationCell)
    HAL_GPIO_Init                            0x080007a5   Thumb Code   438  stm32h7xx_hal_gpio.o(i.HAL_GPIO_Init)
    HAL_GPIO_ReadPin                         0x0800098d   Thumb Code    10  stm32h7xx_hal_gpio.o(i.HAL_GPIO_ReadPin)
    HAL_GPIO_TogglePin                       0x08000997   Thumb Code     8  stm32h7xx_hal_gpio.o(i.HAL_GPIO_TogglePin)
    HAL_GetTick                              0x080009a1   Thumb Code     6  stm32h7xx_hal.o(i.HAL_GetTick)
    HAL_Init                                 0x080009ad   Thumb Code    28  stm32h7xx_hal.o(i.HAL_Init)
    HAL_InitTick                             0x080009c9   Thumb Code    54  stm32h7xx_hal.o(i.HAL_InitTick)
    HAL_MPU_ConfigRegion                     0x08000a09   Thumb Code    80  stm32h7xx_hal_cortex.o(i.HAL_MPU_ConfigRegion)
    HAL_MPU_Disable                          0x08000a5d   Thumb Code    24  stm32h7xx_hal_cortex.o(i.HAL_MPU_Disable)
    HAL_NVIC_SetPriority                     0x08000a79   Thumb Code    60  stm32h7xx_hal_cortex.o(i.HAL_NVIC_SetPriority)
    HAL_NVIC_SetPriorityGrouping             0x08000ab9   Thumb Code    26  stm32h7xx_hal_cortex.o(i.HAL_NVIC_SetPriorityGrouping)
    HAL_RCCEx_GetD3PCLK1Freq                 0x08000add   Thumb Code    34  stm32h7xx_hal_rcc_ex.o(i.HAL_RCCEx_GetD3PCLK1Freq)
    HAL_RCCEx_GetPLL2ClockFreq               0x08000b09   Thumb Code   220  stm32h7xx_hal_rcc_ex.o(i.HAL_RCCEx_GetPLL2ClockFreq)
    HAL_RCCEx_PeriphCLKConfig                0x08000c05   Thumb Code  2220  stm32h7xx_hal_rcc_ex.o(i.HAL_RCCEx_PeriphCLKConfig)
    HAL_RCC_ClockConfig                      0x080014b5   Thumb Code   450  stm32h7xx_hal_rcc.o(i.HAL_RCC_ClockConfig)
    HAL_RCC_GetHCLKFreq                      0x0800168d   Thumb Code    38  stm32h7xx_hal_rcc.o(i.HAL_RCC_GetHCLKFreq)
    HAL_RCC_GetSysClockFreq                  0x080016c1   Thumb Code   214  stm32h7xx_hal_rcc.o(i.HAL_RCC_GetSysClockFreq)
    HAL_RCC_OscConfig                        0x080017b9   Thumb Code  1180  stm32h7xx_hal_rcc.o(i.HAL_RCC_OscConfig)
    HAL_SPI_MspInit                          0x08001c55   Thumb Code    92  spi.o(i.HAL_SPI_MspInit)
    HAL_SYSTICK_CLKSourceConfig              0x08001cb9   Thumb Code    24  stm32h7xx_hal_cortex.o(i.HAL_SYSTICK_CLKSourceConfig)
    HAL_SYSTICK_Config                       0x08001cd1   Thumb Code    40  stm32h7xx_hal_cortex.o(i.HAL_SYSTICK_Config)
    HAL_TIMEx_CommutationCallback            0x08001cf9   Thumb Code     2  stm32h7xx_hal_tim_ex.o(i.HAL_TIMEx_CommutationCallback)
    HAL_TIM_IRQHandler                       0x08001cfb   Thumb Code   384  stm32h7xx_hal_tim.o(i.HAL_TIM_IRQHandler)
    HAL_TIM_OC_DelayElapsedCallback          0x08001e7b   Thumb Code     2  stm32h7xx_hal_tim.o(i.HAL_TIM_OC_DelayElapsedCallback)
    HAL_TIM_PeriodElapsedCallback            0x08001e7d   Thumb Code    16  timer.o(i.HAL_TIM_PeriodElapsedCallback)
    HAL_TIM_TriggerCallback                  0x08001e95   Thumb Code     2  stm32h7xx_hal_tim.o(i.HAL_TIM_TriggerCallback)
    HAL_UARTEx_WakeupCallback                0x08001e97   Thumb Code     2  stm32h7xx_hal_uart_ex.o(i.HAL_UARTEx_WakeupCallback)
    HAL_UART_ErrorCallback                   0x08001e99   Thumb Code     2  stm32h7xx_hal_uart.o(i.HAL_UART_ErrorCallback)
    HAL_UART_GetState                        0x08001e9b   Thumb Code    12  stm32h7xx_hal_uart.o(i.HAL_UART_GetState)
    HAL_UART_Init                            0x08001ea7   Thumb Code   106  stm32h7xx_hal_uart.o(i.HAL_UART_Init)
    HAL_UART_MspInit                         0x08001f11   Thumb Code   114  usart.o(i.HAL_UART_MspInit)
    HAL_UART_Receive_IT                      0x08001f91   Thumb Code   166  stm32h7xx_hal_uart.o(i.HAL_UART_Receive_IT)
    HardFault_Handler                        0x08002037   Thumb Code     2  stm32h7xx_it.o(i.HardFault_Handler)
    LCD_Clear                                0x08002039   Thumb Code    58  lcd.o(i.LCD_Clear)
    LCD_Fast_DrawPoint                       0x08002079   Thumb Code    52  lcd.o(i.LCD_Fast_DrawPoint)
    LCD_GPIO_Init                            0x080020b1   Thumb Code   106  lcd.o(i.LCD_GPIO_Init)
    LCD_Init                                 0x08002125   Thumb Code   416  lcd.o(i.LCD_Init)
    LCD_SetCursor                            0x080022c9   Thumb Code    36  lcd.o(i.LCD_SetCursor)
    LCD_Set_Window                           0x080022f1   Thumb Code    62  lcd.o(i.LCD_Set_Window)
    LCD_ShowChar                             0x08002335   Thumb Code   182  lcd.o(i.LCD_ShowChar)
    LCD_WR_DATA16                            0x08002401   Thumb Code    56  lcd.o(i.LCD_WR_DATA16)
    LCD_WR_REG                               0x0800243d   Thumb Code    50  lcd.o(i.LCD_WR_REG)
    LCD_WriteReg                             0x08002475   Thumb Code    18  lcd.o(i.LCD_WriteReg)
    MPU_Memory_Protection                    0x08002487   Thumb Code    82  mpu.o(i.MPU_Memory_Protection)
    MemManage_Handler                        0x080024d9   Thumb Code    64  mpu.o(i.MemManage_Handler)
    OV5640_Brightness                        0x08002551   Thumb Code    80  ov5640.o(i.OV5640_Brightness)
    OV5640_Color_Saturation                  0x080025a1   Thumb Code   120  ov5640.o(i.OV5640_Color_Saturation)
    OV5640_Contrast                          0x0800261d   Thumb Code   104  ov5640.o(i.OV5640_Contrast)
    OV5640_Flash_Ctrl                        0x08002685   Thumb Code    18  ov5640.o(i.OV5640_Flash_Ctrl)
    OV5640_Focus_Init                        0x0800269d   Thumb Code   180  ov5640.o(i.OV5640_Focus_Init)
    OV5640_Light_Mode                        0x08002755   Thumb Code    64  ov5640.o(i.OV5640_Light_Mode)
    OV5640_RGB565_Mode                       0x08002799   Thumb Code    30  ov5640.o(i.OV5640_RGB565_Mode)
    OV5640_WR_Reg                            0x080027bd   Thumb Code    60  ov5640.o(i.OV5640_WR_Reg)
    PendSV_Handler                           0x080027f9   Thumb Code     2  stm32h7xx_it.o(i.PendSV_Handler)
    RGB565_mode                              0x080028ed   Thumb Code   282  ov_frame.o(i.RGB565_mode)
    SCCB_RD_Byte                             0x08002a79   Thumb Code    88  sccb.o(i.SCCB_RD_Byte)
    SPI2_Init                                0x08002ad5   Thumb Code    82  spi.o(i.SPI2_Init)
    SPI2_ReadWriteByte                       0x08002b31   Thumb Code    28  spi.o(i.SPI2_ReadWriteByte)
    SPI2_SetSpeed                            0x08002b51   Thumb Code    42  spi.o(i.SPI2_SetSpeed)
    Stm32_Clock_Init                         0x08002b81   Thumb Code   160  sys.o(i.Stm32_Clock_Init)
    SystemInit                               0x08002c29   Thumb Code   116  system_stm32h7xx.o(i.SystemInit)
    TIM3_IRQHandler                          0x08002cad   Thumb Code     6  timer.o(i.TIM3_IRQHandler)
    UART_AdvFeatureConfig                    0x08002cb9   Thumb Code   200  stm32h7xx_hal_uart.o(i.UART_AdvFeatureConfig)
    UsageFault_Handler                       0x08002e0b   Thumb Code     2  stm32h7xx_it.o(i.UsageFault_Handler)
    __scatterload_copy                       0x08002e2d   Thumb Code    14  handlers.o(i.__scatterload_copy)
    __scatterload_null                       0x08002e3b   Thumb Code     2  handlers.o(i.__scatterload_null)
    __scatterload_zeroinit                   0x08002e3d   Thumb Code    14  handlers.o(i.__scatterload_zeroinit)
    delay_ms                                 0x080032b9   Thumb Code    26  delay.o(i.delay_ms)
    delay_us                                 0x080032d5   Thumb Code    48  delay.o(i.delay_us)
    rgblcd_dcmi_rx_callback                  0x08003309   Thumb Code    54  ov_frame.o(i.rgblcd_dcmi_rx_callback)
    asc2_1608                                0x08003354   Data        1520  font.o(.constdata)
    asc2_2412                                0x08003944   Data        3420  font.o(.constdata)
    hz24                                     0x080046a0   Data         740  font.o(.constdata)
    Region$$Table$$Base                      0x080049dc   Number         0  anon$$obj.o(Region$$Table)
    Region$$Table$$Limit                     0x080049fc   Number         0  anon$$obj.o(Region$$Table)
    __aeabi_llsl                             0x08100001   Thumb Code    30  llshl.o(.text)
    _ll_shift_l                              0x08100001   Thumb Code     0  llshl.o(.text)
    BusFault_Handler                         0x0810001f   Thumb Code     2  stm32h7xx_it.o(i.BusFault_Handler)
    Copy_HZK16                               0x08100021   Thumb Code    60  text.o(i.Copy_HZK16)
    Copy_HZK24                               0x08100061   Thumb Code    64  text.o(i.Copy_HZK24)
    DCMI_DMA_Init                            0x081000dd   Thumb Code   208  dcmi.o(i.DCMI_DMA_Init)
    DCMI_IRQHandler                          0x081001c1   Thumb Code     6  dcmi.o(i.DCMI_IRQHandler)
    DCMI_Start                               0x081001cd   Thumb Code    28  dcmi.o(i.DCMI_Start)
    DebugMon_Handler                         0x081002e1   Thumb Code     2  stm32h7xx_it.o(i.DebugMon_Handler)
    Draw_Font16B                             0x081002e5   Thumb Code    38  text.o(i.Draw_Font16B)
    Get_HzMat                                0x08100311   Thumb Code    82  text.o(i.Get_HzMat)
    HAL_DCMI_ErrorCallback                   0x08100363   Thumb Code     2  stm32h7xx_hal_dcmi.o(i.HAL_DCMI_ErrorCallback)
    HAL_DCMI_Init                            0x08100365   Thumb Code   180  stm32h7xx_hal_dcmi.o(i.HAL_DCMI_Init)
    HAL_DCMI_VsyncEventCallback              0x0810041d   Thumb Code     2  stm32h7xx_hal_dcmi.o(i.HAL_DCMI_VsyncEventCallback)
    HAL_DMAEx_MultiBufferStart               0x08100421   Thumb Code   172  stm32h7xx_hal_dma_ex.o(i.HAL_DMAEx_MultiBufferStart)
    HAL_DMA_Abort_IT                         0x081004d1   Thumb Code   138  stm32h7xx_hal_dma.o(i.HAL_DMA_Abort_IT)
    HAL_DMA_DeInit                           0x08100565   Thumb Code   188  stm32h7xx_hal_dma.o(i.HAL_DMA_DeInit)
    HAL_DMA_Init                             0x0810062d   Thumb Code   390  stm32h7xx_hal_dma.o(i.HAL_DMA_Init)
    HAL_DMA_Start                            0x081007c1   Thumb Code   102  stm32h7xx_hal_dma.o(i.HAL_DMA_Start)
    HAL_GPIO_WritePin                        0x08100827   Thumb Code    10  stm32h7xx_hal_gpio.o(i.HAL_GPIO_WritePin)
    HAL_IncTick                              0x08100831   Thumb Code    12  stm32h7xx_hal.o(i.HAL_IncTick)
    HAL_MPU_Enable                           0x08100841   Thumb Code    30  stm32h7xx_hal_cortex.o(i.HAL_MPU_Enable)
    HAL_MspInit                              0x08100865   Thumb Code     2  stm32h7xx_hal_msp.o(i.HAL_MspInit)
    HAL_NVIC_EnableIRQ                       0x08100867   Thumb Code    26  stm32h7xx_hal_cortex.o(i.HAL_NVIC_EnableIRQ)
    HAL_RCCEx_GetD1SysClockFreq              0x08100881   Thumb Code    40  stm32h7xx_hal_rcc_ex.o(i.HAL_RCCEx_GetD1SysClockFreq)
    HAL_RCCEx_GetPLL3ClockFreq               0x081008b5   Thumb Code   220  stm32h7xx_hal_rcc_ex.o(i.HAL_RCCEx_GetPLL3ClockFreq)
    HAL_RCC_GetPCLK1Freq                     0x081009b1   Thumb Code    34  stm32h7xx_hal_rcc.o(i.HAL_RCC_GetPCLK1Freq)
    HAL_RCC_GetPCLK2Freq                     0x081009dd   Thumb Code    36  stm32h7xx_hal_rcc.o(i.HAL_RCC_GetPCLK2Freq)
    HAL_SPI_Init                             0x08100a09   Thumb Code   466  stm32h7xx_hal_spi.o(i.HAL_SPI_Init)
    HAL_SPI_TransmitReceive                  0x08100be9   Thumb Code   792  stm32h7xx_hal_spi.o(i.HAL_SPI_TransmitReceive)
    HAL_TIMEx_BreakCallback                  0x08100f01   Thumb Code     2  stm32h7xx_hal_tim_ex.o(i.HAL_TIMEx_BreakCallback)
    HAL_TIM_IC_CaptureCallback               0x08100f03   Thumb Code     2  stm32h7xx_hal_tim.o(i.HAL_TIM_IC_CaptureCallback)
    HAL_TIM_PWM_PulseFinishedCallback        0x08100f05   Thumb Code     2  stm32h7xx_hal_tim.o(i.HAL_TIM_PWM_PulseFinishedCallback)
    HAL_UART_IRQHandler                      0x08100f09   Thumb Code   374  stm32h7xx_hal_uart.o(i.HAL_UART_IRQHandler)
    HAL_UART_RxCpltCallback                  0x08101089   Thumb Code    76  usart.o(i.HAL_UART_RxCpltCallback)
    HAL_UART_TxCpltCallback                  0x081010e1   Thumb Code     2  stm32h7xx_hal_uart.o(i.HAL_UART_TxCpltCallback)
    JPEG_mode                                0x081010e5   Thumb Code   402  ov_frame.o(i.JPEG_mode)
    KEY_Init                                 0x08101301   Thumb Code    84  key.o(i.KEY_Init)
    KEY_Scan                                 0x08101361   Thumb Code   118  key.o(i.KEY_Scan)
    LCD_Display_Dir                          0x081013e5   Thumb Code   116  lcd.o(i.LCD_Display_Dir)
    LCD_Fill                                 0x0810145d   Thumb Code    68  lcd.o(i.LCD_Fill)
    LCD_HardwareRest                         0x081014a5   Thumb Code    44  lcd.o(i.LCD_HardwareRest)
    LCD_Scan_Dir                             0x081014d5   Thumb Code    34  lcd.o(i.LCD_Scan_Dir)
    LCD_SoftRest                             0x081014f7   Thumb Code    18  lcd.o(i.LCD_SoftRest)
    LCD_WR_DATA8                             0x08101509   Thumb Code    50  lcd.o(i.LCD_WR_DATA8)
    LCD_WriteRAM_Prepare                     0x08101541   Thumb Code     8  lcd.o(i.LCD_WriteRAM_Prepare)
    LED_Init                                 0x0810154d   Thumb Code    60  led.o(i.LED_Init)
    MPU_Set_Protection                       0x08101591   Thumb Code    88  mpu.o(i.MPU_Set_Protection)
    NMI_Handler                              0x081015e9   Thumb Code     2  stm32h7xx_it.o(i.NMI_Handler)
    OV5640_Focus_Constant                    0x081015eb   Thumb Code   114  ov5640.o(i.OV5640_Focus_Constant)
    OV5640_Focus_Single                      0x0810165d   Thumb Code    54  ov5640.o(i.OV5640_Focus_Single)
    OV5640_Init                              0x08101695   Thumb Code   256  ov5640.o(i.OV5640_Init)
    OV5640_JPEG_Mode                         0x081017a9   Thumb Code    30  ov5640.o(i.OV5640_JPEG_Mode)
    OV5640_OutSize_Set                       0x081017cd   Thumb Code   126  ov5640.o(i.OV5640_OutSize_Set)
    OV5640_PWDN_Set                          0x0810184d   Thumb Code    18  ov5640.o(i.OV5640_PWDN_Set)
    OV5640_RD_Reg                            0x08101865   Thumb Code    58  ov5640.o(i.OV5640_RD_Reg)
    OV5640_Sharpness                         0x0810189f   Thumb Code   114  ov5640.o(i.OV5640_Sharpness)
    SCCB_Init                                0x08101aa5   Thumb Code    50  sccb.o(i.SCCB_Init)
    SCCB_No_Ack                              0x08101ae1   Thumb Code    76  sccb.o(i.SCCB_No_Ack)
    SCCB_SDA_IN                              0x08101b31   Thumb Code    34  sccb.o(i.SCCB_SDA_IN)
    SCCB_SDA_OUT                             0x08101b59   Thumb Code    32  sccb.o(i.SCCB_SDA_OUT)
    SCCB_Start                               0x08101b7d   Thumb Code    64  sccb.o(i.SCCB_Start)
    SCCB_Stop                                0x08101bc1   Thumb Code    60  sccb.o(i.SCCB_Stop)
    SCCB_WR_Byte                             0x08101c01   Thumb Code   142  sccb.o(i.SCCB_WR_Byte)
    SVC_Handler                              0x08101db3   Thumb Code     2  stm32h7xx_it.o(i.SVC_Handler)
    Show_Font                                0x08101db5   Thumb Code   148  text.o(i.Show_Font)
    Show_Str                                 0x08101e4d   Thumb Code   182  text.o(i.Show_Str)
    SysTick_Handler                          0x08101f03   Thumb Code     4  stm32h7xx_it.o(i.SysTick_Handler)
    UART_CheckIdleState                      0x08101f07   Thumb Code    92  stm32h7xx_hal_uart.o(i.UART_CheckIdleState)
    UART_SetConfig                           0x08101f81   Thumb Code  1186  stm32h7xx_hal_uart.o(i.UART_SetConfig)
    UART_WaitOnFlagUntilTimeout              0x0810249d   Thumb Code    98  stm32h7xx_hal_uart.o(i.UART_WaitOnFlagUntilTimeout)
    USART1_IRQHandler                        0x08102501   Thumb Code    56  usart.o(i.USART1_IRQHandler)
    __0printf$8                              0x08102545   Thumb Code    22  printf8.o(i.__0printf$8)
    __1printf$8                              0x08102545   Thumb Code     0  printf8.o(i.__0printf$8)
    __2printf                                0x08102545   Thumb Code     0  printf8.o(i.__0printf$8)
    __0sprintf$8                             0x08102565   Thumb Code    34  printf8.o(i.__0sprintf$8)
    __1sprintf$8                             0x08102565   Thumb Code     0  printf8.o(i.__0sprintf$8)
    __2sprintf                               0x08102565   Thumb Code     0  printf8.o(i.__0sprintf$8)
    delay_init                               0x0810258d   Thumb Code    16  delay.o(i.delay_init)
    fputc                                    0x081025a1   Thumb Code    14  usart.o(i.fputc)
    jpeg_data_process                        0x081025b5   Thumb Code    84  ov_frame.o(i.jpeg_data_process)
    main                                     0x08102611   Thumb Code   314  main.o(i.main)
    uart_init                                0x081027d1   Thumb Code    44  usart.o(i.uart_init)
    D1CorePrescTable                         0x08102808   Data          16  system_stm32h7xx.o(.constdata)
    OV5640_jpeg_reg_tbl                      0x08102838   Data         164  ov5640.o(.constdata)
    ov5640_rgb565_reg_tbl                    0x081028dc   Data         180  ov5640.o(.constdata)
    ov5640_uxga_init_reg_tbl                 0x08102990   Data         828  ov5640.o(.constdata)
    OV5640_AF_Config                         0x08102ccc   Data        4077  ov5640.o(.constdata)
    jpeg_img_size_tbl                        0x08103d46   Data          48  ov_frame.o(.constdata)
    asc2_1206                                0x08103d76   Data        1140  font.o(.constdata)
    hz16                                     0x081041ea   Data        2006  font.o(.constdata)
    Key_Flag                                 0x24000000   Data           1  main.o(.data)
    T_Num                                    0x24000001   Data           1  main.o(.data)
    SystemCoreClock                          0x24000004   Data           4  system_stm32h7xx.o(.data)
    SystemD2Clock                            0x24000008   Data           4  system_stm32h7xx.o(.data)
    aRxBuffer                                0x24000010   Data           1  usart.o(.data)
    USART_RX_STA                             0x24000012   Data           2  usart.o(.data)
    __stdout                                 0x24000014   Data           4  usart.o(.data)
    ov_frame                                 0x24000028   Data           1  dcmi.o(.data)
    dcmi_rx_callback                         0x2400002c   Data           4  dcmi.o(.data)
    Camera_ID                                0x24000030   Data           2  ov5640.o(.data)
    OV_mode                                  0x24000034   Data           1  ov_frame.o(.data)
    jpeg_data_ok                             0x24000035   Data           1  ov_frame.o(.data)
    Key_N                                    0x24000036   Data           1  ov_frame.o(.data)
    RGB_FrameNum                             0x24000038   Data           2  ov_frame.o(.data)
    curline                                  0x2400003a   Data           2  ov_frame.o(.data)
    Num_Dot                                  0x2400003c   Data           2  ov_frame.o(.data)
    Num_H                                    0x2400003e   Data           2  ov_frame.o(.data)
    jpeg_data_len                            0x24000040   Data           4  ov_frame.o(.data)
    R_Buf                                    0x24000044   Data           4  ov_frame.o(.data)
    JPEG_SIZE_TBL                            0x24000048   Data          48  ov_frame.o(.data)
    POINT_COLOR                              0x24000078   Data           2  lcd.o(.data)
    BACK_COLOR                               0x2400007a   Data           2  lcd.o(.data)
    Print_buf                                0x2400007c   Data          32  main.o(.bss)
    USART_RX_BUF                             0x2400009c   Data         200  usart.o(.bss)
    UART1_Handler                            0x24000164   Data         128  usart.o(.bss)
    DCMI_Handler                             0x240001e4   Data          80  dcmi.o(.bss)
    DMADMCI_Handler                          0x24000234   Data         120  dcmi.o(.bss)
    TIM3_Handler                             0x240002ac   Data          64  timer.o(.bss)
    OVxxx                                    0x240002ec   Data       230912  ov_frame.o(.bss)
    RGB_Line_Buf                             0x240388ec   Data        1920  ov_frame.o(.bss)
    SPI2_Handler                             0x2403906c   Data         136  spi.o(.bss)
    lcddev                                   0x240390f4   Data          14  lcd.o(.bss)
    __initial_sp                             0x24039508   Data           0  startup_stm32h743xx.o(STACK)



==============================================================================

Memory Map of the image

  Image Entry point : 0x08000299

  Load Region LR_IROM1 (Base: 0x08000000, Size: 0x00004a78, Max: 0x00100000, ABSOLUTE)

    Execution Region ER_IROM1 (Exec base: 0x08000000, Load base: 0x08000000, Size: 0x000049fc, Max: 0x00100000, ABSOLUTE)

    Exec Addr    Load Addr    Size         Type   Attr      Idx    E Section Name        Object

    0x08000000   0x08000000   0x00000298   Data   RO          515    RESET               startup_stm32h743xx.o
    0x08000298   0x08000298   0x00000000   Code   RO         6379  * .ARM.Collect$$$$00000000  mc_w.l(entry.o)
    0x08000298   0x08000298   0x00000004   Code   RO         6651    .ARM.Collect$$$$00000001  mc_w.l(entry2.o)
    0x0800029c   0x0800029c   0x00000004   Code   RO         6654    .ARM.Collect$$$$00000004  mc_w.l(entry5.o)
    0x080002a0   0x080002a0   0x00000000   Code   RO         6656    .ARM.Collect$$$$00000008  mc_w.l(entry7b.o)
    0x080002a0   0x080002a0   0x00000000   Code   RO         6658    .ARM.Collect$$$$0000000A  mc_w.l(entry8b.o)
    0x080002a0   0x080002a0   0x00000008   Code   RO         6659    .ARM.Collect$$$$0000000B  mc_w.l(entry9a.o)
    0x080002a8   0x080002a8   0x00000000   Code   RO         6661    .ARM.Collect$$$$0000000D  mc_w.l(entry10a.o)
    0x080002a8   0x080002a8   0x00000000   Code   RO         6663    .ARM.Collect$$$$0000000F  mc_w.l(entry11a.o)
    0x080002a8   0x080002a8   0x00000004   Code   RO         6652    .ARM.Collect$$$$00002712  mc_w.l(entry2.o)
    0x080002ac   0x080002ac   0x00000024   Code   RO          516    .text               startup_stm32h743xx.o
    0x080002d0   0x080002d0   0x00000062   Code   RO         6382    .text               mc_w.l(uldiv.o)
    0x08000332   0x08000332   0x00000020   Code   RO         6669    .text               mc_w.l(llushr.o)
    0x08000352   0x08000352   0x00000002   PAD
    0x08000354   0x08000354   0x00000024   Code   RO         6682    .text               mc_w.l(init.o)
    0x08000378   0x08000378   0x00000088   Code   RO          562    i.Cache_Enable      sys.o
    0x08000400   0x08000400   0x00000016   Code   RO         6318    i.Copy_Mem          text.o
    0x08000416   0x08000416   0x00000002   PAD
    0x08000418   0x08000418   0x00000040   Code   RO         5450    i.DCMI_Init         dcmi.o
    0x08000458   0x08000458   0x00000028   Code   RO         5452    i.DCMI_Stop         dcmi.o
    0x08000480   0x08000480   0x00000094   Code   RO         5453    i.DMA1_Stream1_IRQHandler  dcmi.o
    0x08000514   0x08000514   0x00000028   Code   RO         1132    i.DMA_CalcBaseAndBitshift  stm32h7xx_hal_dma.o
    0x0800053c   0x0800053c   0x0000005c   Code   RO         1133    i.DMA_CalcDMAMUXChannelBaseAndMask  stm32h7xx_hal_dma.o
    0x08000598   0x08000598   0x00000044   Code   RO         1134    i.DMA_CalcDMAMUXRequestGenBaseAndMask  stm32h7xx_hal_dma.o
    0x080005dc   0x080005dc   0x00000030   Code   RO         5454    i.HAL_DCMI_FrameEventCallback  dcmi.o
    0x0800060c   0x0800060c   0x000000a0   Code   RO         5227    i.HAL_DCMI_IRQHandler  stm32h7xx_hal_dcmi.o
    0x080006ac   0x080006ac   0x00000002   Code   RO         5229    i.HAL_DCMI_LineEventCallback  stm32h7xx_hal_dcmi.o
    0x080006ae   0x080006ae   0x00000002   PAD
    0x080006b0   0x080006b0   0x000000e4   Code   RO         5455    i.HAL_DCMI_MspInit  dcmi.o
    0x08000794   0x08000794   0x00000010   Code   RO          693    i.HAL_EnableCompensationCell  stm32h7xx_hal.o
    0x080007a4   0x080007a4   0x000001e8   Code   RO         1322    i.HAL_GPIO_Init     stm32h7xx_hal_gpio.o
    0x0800098c   0x0800098c   0x0000000a   Code   RO         1324    i.HAL_GPIO_ReadPin  stm32h7xx_hal_gpio.o
    0x08000996   0x08000996   0x00000008   Code   RO         1325    i.HAL_GPIO_TogglePin  stm32h7xx_hal_gpio.o
    0x0800099e   0x0800099e   0x00000002   PAD
    0x080009a0   0x080009a0   0x0000000c   Code   RO          700    i.HAL_GetTick       stm32h7xx_hal.o
    0x080009ac   0x080009ac   0x0000001c   Code   RO          704    i.HAL_Init          stm32h7xx_hal.o
    0x080009c8   0x080009c8   0x00000040   Code   RO          705    i.HAL_InitTick      stm32h7xx_hal.o
    0x08000a08   0x08000a08   0x00000054   Code   RO          992    i.HAL_MPU_ConfigRegion  stm32h7xx_hal_cortex.o
    0x08000a5c   0x08000a5c   0x0000001c   Code   RO          993    i.HAL_MPU_Disable   stm32h7xx_hal_cortex.o
    0x08000a78   0x08000a78   0x00000040   Code   RO         1003    i.HAL_NVIC_SetPriority  stm32h7xx_hal_cortex.o
    0x08000ab8   0x08000ab8   0x00000024   Code   RO         1004    i.HAL_NVIC_SetPriorityGrouping  stm32h7xx_hal_cortex.o
    0x08000adc   0x08000adc   0x0000002c   Code   RO         2008    i.HAL_RCCEx_GetD3PCLK1Freq  stm32h7xx_hal_rcc_ex.o
    0x08000b08   0x08000b08   0x000000fc   Code   RO         2010    i.HAL_RCCEx_GetPLL2ClockFreq  stm32h7xx_hal_rcc_ex.o
    0x08000c04   0x08000c04   0x000008b0   Code   RO         2015    i.HAL_RCCEx_PeriphCLKConfig  stm32h7xx_hal_rcc_ex.o
    0x080014b4   0x080014b4   0x000001d8   Code   RO         1900    i.HAL_RCC_ClockConfig  stm32h7xx_hal_rcc.o
    0x0800168c   0x0800168c   0x00000034   Code   RO         1904    i.HAL_RCC_GetHCLKFreq  stm32h7xx_hal_rcc.o
    0x080016c0   0x080016c0   0x000000f8   Code   RO         1908    i.HAL_RCC_GetSysClockFreq  stm32h7xx_hal_rcc.o
    0x080017b8   0x080017b8   0x0000049c   Code   RO         1911    i.HAL_RCC_OscConfig  stm32h7xx_hal_rcc.o
    0x08001c54   0x08001c54   0x00000064   Code   RO         5973    i.HAL_SPI_MspInit   spi.o
    0x08001cb8   0x08001cb8   0x00000018   Code   RO         1006    i.HAL_SYSTICK_CLKSourceConfig  stm32h7xx_hal_cortex.o
    0x08001cd0   0x08001cd0   0x00000028   Code   RO         1008    i.HAL_SYSTICK_Config  stm32h7xx_hal_cortex.o
    0x08001cf8   0x08001cf8   0x00000002   Code   RO         3472    i.HAL_TIMEx_CommutationCallback  stm32h7xx_hal_tim_ex.o
    0x08001cfa   0x08001cfa   0x00000180   Code   RO         2871    i.HAL_TIM_IRQHandler  stm32h7xx_hal_tim.o
    0x08001e7a   0x08001e7a   0x00000002   Code   RO         2874    i.HAL_TIM_OC_DelayElapsedCallback  stm32h7xx_hal_tim.o
    0x08001e7c   0x08001e7c   0x00000018   Code   RO         5743    i.HAL_TIM_PeriodElapsedCallback  timer.o
    0x08001e94   0x08001e94   0x00000002   Code   RO         2912    i.HAL_TIM_TriggerCallback  stm32h7xx_hal_tim.o
    0x08001e96   0x08001e96   0x00000002   Code   RO         2517    i.HAL_UARTEx_WakeupCallback  stm32h7xx_hal_uart_ex.o
    0x08001e98   0x08001e98   0x00000002   Code   RO         2183    i.HAL_UART_ErrorCallback  stm32h7xx_hal_uart.o
    0x08001e9a   0x08001e9a   0x0000000c   Code   RO         2185    i.HAL_UART_GetState  stm32h7xx_hal_uart.o
    0x08001ea6   0x08001ea6   0x0000006a   Code   RO         2187    i.HAL_UART_Init     stm32h7xx_hal_uart.o
    0x08001f10   0x08001f10   0x00000080   Code   RO          611    i.HAL_UART_MspInit  usart.o
    0x08001f90   0x08001f90   0x000000a6   Code   RO         2192    i.HAL_UART_Receive_IT  stm32h7xx_hal_uart.o
    0x08002036   0x08002036   0x00000002   Code   RO          378    i.HardFault_Handler  stm32h7xx_it.o
    0x08002038   0x08002038   0x00000040   Code   RO         6067    i.LCD_Clear         lcd.o
    0x08002078   0x08002078   0x00000038   Code   RO         6076    i.LCD_Fast_DrawPoint  lcd.o
    0x080020b0   0x080020b0   0x00000074   Code   RO         6078    i.LCD_GPIO_Init     lcd.o
    0x08002124   0x08002124   0x000001a4   Code   RO         6080    i.LCD_Init          lcd.o
    0x080022c8   0x080022c8   0x00000028   Code   RO         6083    i.LCD_SetCursor     lcd.o
    0x080022f0   0x080022f0   0x00000044   Code   RO         6084    i.LCD_Set_Window    lcd.o
    0x08002334   0x08002334   0x000000cc   Code   RO         6085    i.LCD_ShowChar      lcd.o
    0x08002400   0x08002400   0x0000003c   Code   RO         6090    i.LCD_WR_DATA16     lcd.o
    0x0800243c   0x0800243c   0x00000038   Code   RO         6092    i.LCD_WR_REG        lcd.o
    0x08002474   0x08002474   0x00000012   Code   RO         6095    i.LCD_WriteReg      lcd.o
    0x08002486   0x08002486   0x00000052   Code   RO         5408    i.MPU_Memory_Protection  mpu.o
    0x080024d8   0x080024d8   0x00000078   Code   RO         5410    i.MemManage_Handler  mpu.o
    0x08002550   0x08002550   0x00000050   Code   RO         5525    i.OV5640_Brightness  ov5640.o
    0x080025a0   0x080025a0   0x0000007c   Code   RO         5526    i.OV5640_Color_Saturation  ov5640.o
    0x0800261c   0x0800261c   0x00000068   Code   RO         5527    i.OV5640_Contrast   ov5640.o
    0x08002684   0x08002684   0x00000018   Code   RO         5529    i.OV5640_Flash_Ctrl  ov5640.o
    0x0800269c   0x0800269c   0x000000b8   Code   RO         5531    i.OV5640_Focus_Init  ov5640.o
    0x08002754   0x08002754   0x00000044   Code   RO         5536    i.OV5640_Light_Mode  ov5640.o
    0x08002798   0x08002798   0x00000024   Code   RO         5540    i.OV5640_RGB565_Mode  ov5640.o
    0x080027bc   0x080027bc   0x0000003c   Code   RO         5544    i.OV5640_WR_Reg     ov5640.o
    0x080027f8   0x080027f8   0x00000002   Code   RO          380    i.PendSV_Handler    stm32h7xx_it.o
    0x080027fa   0x080027fa   0x00000002   PAD
    0x080027fc   0x080027fc   0x000000f0   Code   RO         2019    i.RCCEx_PLL3_Config  stm32h7xx_hal_rcc_ex.o
    0x080028ec   0x080028ec   0x0000018c   Code   RO         5792    i.RGB565_mode       ov_frame.o
    0x08002a78   0x08002a78   0x0000005c   Code   RO         5675    i.SCCB_RD_Byte      sccb.o
    0x08002ad4   0x08002ad4   0x0000005c   Code   RO         5974    i.SPI2_Init         spi.o
    0x08002b30   0x08002b30   0x00000020   Code   RO         5975    i.SPI2_ReadWriteByte  spi.o
    0x08002b50   0x08002b50   0x00000030   Code   RO         5976    i.SPI2_SetSpeed     spi.o
    0x08002b80   0x08002b80   0x000000a8   Code   RO          565    i.Stm32_Clock_Init  sys.o
    0x08002c28   0x08002c28   0x00000084   Code   RO          449    i.SystemInit        system_stm32h7xx.o
    0x08002cac   0x08002cac   0x0000000c   Code   RO         5744    i.TIM3_IRQHandler   timer.o
    0x08002cb8   0x08002cb8   0x000000c8   Code   RO         2200    i.UART_AdvFeatureConfig  stm32h7xx_hal_uart.o
    0x08002d80   0x08002d80   0x00000014   Code   RO         2202    i.UART_DMAAbortOnError  stm32h7xx_hal_uart.o
    0x08002d94   0x08002d94   0x00000076   Code   RO         2214    i.UART_Receive_IT   stm32h7xx_hal_uart.o
    0x08002e0a   0x08002e0a   0x00000002   Code   RO          383    i.UsageFault_Handler  stm32h7xx_it.o
    0x08002e0c   0x08002e0c   0x00000020   Code   RO         1010    i.__NVIC_SetPriority  stm32h7xx_hal_cortex.o
    0x08002e2c   0x08002e2c   0x0000000e   Code   RO         6690    i.__scatterload_copy  mc_w.l(handlers.o)
    0x08002e3a   0x08002e3a   0x00000002   Code   RO         6691    i.__scatterload_null  mc_w.l(handlers.o)
    0x08002e3c   0x08002e3c   0x0000000e   Code   RO         6692    i.__scatterload_zeroinit  mc_w.l(handlers.o)
    0x08002e4a   0x08002e4a   0x00000002   PAD
    0x08002e4c   0x08002e4c   0x00000410   Code   RO         6604    i._printf_core      mc_w.l(printf8.o)
    0x0800325c   0x0800325c   0x00000024   Code   RO         6605    i._printf_post_padding  mc_w.l(printf8.o)
    0x08003280   0x08003280   0x0000002e   Code   RO         6606    i._printf_pre_padding  mc_w.l(printf8.o)
    0x080032ae   0x080032ae   0x0000000a   Code   RO         6608    i._sputc            mc_w.l(printf8.o)
    0x080032b8   0x080032b8   0x0000001a   Code   RO          524    i.delay_ms          delay.o
    0x080032d2   0x080032d2   0x00000002   PAD
    0x080032d4   0x080032d4   0x00000034   Code   RO          525    i.delay_us          delay.o
    0x08003308   0x08003308   0x0000004c   Code   RO         5795    i.rgblcd_dcmi_rx_callback  ov_frame.o
    0x08003354   0x08003354   0x000005f0   Data   RO         6043    .constdata          font.o
    0x08003944   0x08003944   0x00000d5c   Data   RO         6044    .constdata          font.o
    0x080046a0   0x080046a0   0x000002e4   Data   RO         6046    .constdata          font.o
    0x08004984   0x08004984   0x00000055   Data   RO         5798    .conststring        ov_frame.o
    0x080049d9   0x080049d9   0x00000003   PAD
    0x080049dc   0x080049dc   0x00000020   Data   RO         6688    Region$$Table       anon$$obj.o


    Execution Region RW_IRAM1 (Exec base: 0x20000000, Load base: 0x080049fc, Size: 0x00000000, Max: 0x00020000, ABSOLUTE)

    **** No section assigned to this execution region ****


    Execution Region RW_IRAM2 (Exec base: 0x24000000, Load base: 0x080049fc, Size: 0x00039508, Max: 0x00080000, ABSOLUTE)

    Exec Addr    Load Addr    Size         Type   Attr      Idx    E Section Name        Object

    0x24000000   0x080049fc   0x00000002   Data   RW            6    .data               main.o
    0x24000002   0x080049fe   0x00000002   PAD
    0x24000004   0x08004a00   0x00000004   Data   RW          451    .data               system_stm32h7xx.o
    0x24000008   0x08004a04   0x00000004   Data   RW          452    .data               system_stm32h7xx.o
    0x2400000c   0x08004a08   0x00000004   Data   RW          526    .data               delay.o
    0x24000010   0x08004a0c   0x00000004   Data   RW          618    .data               usart.o
    0x24000014   0x08004a10   0x00000004   Data   RW          619    .data               usart.o
    0x24000018   0x08004a14   0x0000000c   Data   RW          726    .data               stm32h7xx_hal.o
    0x24000024   0x08004a20   0x00000001   Data   RW         5379    .data               key.o
    0x24000025   0x08004a21   0x00000003   PAD
    0x24000028   0x08004a24   0x00000008   Data   RW         5457    .data               dcmi.o
    0x24000030   0x08004a2c   0x00000002   Data   RW         5546    .data               ov5640.o
    0x24000032   0x08004a2e   0x00000002   PAD
    0x24000034   0x08004a30   0x00000044   Data   RW         5800    .data               ov_frame.o
    0x24000078   0x08004a74   0x00000004   Data   RW         6098    .data               lcd.o
    0x2400007c        -       0x00000020   Zero   RW            5    .bss                main.o
    0x2400009c        -       0x00000148   Zero   RW          617    .bss                usart.o
    0x240001e4        -       0x000000c8   Zero   RW         5456    .bss                dcmi.o
    0x240002ac        -       0x00000040   Zero   RW         5746    .bss                timer.o
    0x240002ec        -       0x00038d80   Zero   RW         5796    .bss                ov_frame.o
    0x2403906c        -       0x00000088   Zero   RW         5977    .bss                spi.o
    0x240390f4        -       0x0000000e   Zero   RW         6096    .bss                lcd.o
    0x24039102   0x08004a78   0x00000006   PAD
    0x24039108        -       0x00000400   Zero   RW          513    STACK               startup_stm32h743xx.o



  Load Region LR_IROM2 (Base: 0x08100000, Size: 0x000049c0, Max: 0x00100000, ABSOLUTE)

    Execution Region ER_IROM2 (Exec base: 0x08100000, Load base: 0x08100000, Size: 0x000049c0, Max: 0x00100000, ABSOLUTE)

    Exec Addr    Load Addr    Size         Type   Attr      Idx    E Section Name        Object

    0x08100000   0x08100000   0x0000001e   Code   RO         6667    .text               mc_w.l(llshl.o)
    0x0810001e   0x0810001e   0x00000002   Code   RO          376    i.BusFault_Handler  stm32h7xx_it.o
    0x08100020   0x08100020   0x00000040   Code   RO         6316    i.Copy_HZK16        text.o
    0x08100060   0x08100060   0x00000044   Code   RO         6317    i.Copy_HZK24        text.o
    0x081000a4   0x081000a4   0x00000018   Code   RO         5790    i.Copy_RAM_Data     ov_frame.o
    0x081000bc   0x081000bc   0x00000020   Code   RO         5217    i.DCMI_DMAError     stm32h7xx_hal_dcmi.o
    0x081000dc   0x081000dc   0x000000e4   Code   RO         5448    i.DCMI_DMA_Init     dcmi.o
    0x081001c0   0x081001c0   0x0000000c   Code   RO         5449    i.DCMI_IRQHandler   dcmi.o
    0x081001cc   0x081001cc   0x00000028   Code   RO         5451    i.DCMI_Start        dcmi.o
    0x081001f4   0x081001f4   0x00000054   Code   RO         1135    i.DMA_CheckFifoParam  stm32h7xx_hal_dma.o
    0x08100248   0x08100248   0x0000001e   Code   RO         1248    i.DMA_MultiBufferSetConfig  stm32h7xx_hal_dma_ex.o
    0x08100266   0x08100266   0x00000002   PAD
    0x08100268   0x08100268   0x00000078   Code   RO         1136    i.DMA_SetConfig     stm32h7xx_hal_dma.o
    0x081002e0   0x081002e0   0x00000002   Code   RO          377    i.DebugMon_Handler  stm32h7xx_it.o
    0x081002e2   0x081002e2   0x00000002   PAD
    0x081002e4   0x081002e4   0x0000002c   Code   RO         6319    i.Draw_Font16B      text.o
    0x08100310   0x08100310   0x00000052   Code   RO         6321    i.Get_HzMat         text.o
    0x08100362   0x08100362   0x00000002   Code   RO         5223    i.HAL_DCMI_ErrorCallback  stm32h7xx_hal_dcmi.o
    0x08100364   0x08100364   0x000000b8   Code   RO         5228    i.HAL_DCMI_Init     stm32h7xx_hal_dcmi.o
    0x0810041c   0x0810041c   0x00000002   Code   RO         5236    i.HAL_DCMI_VsyncEventCallback  stm32h7xx_hal_dcmi.o
    0x0810041e   0x0810041e   0x00000002   PAD
    0x08100420   0x08100420   0x000000b0   Code   RO         1255    i.HAL_DMAEx_MultiBufferStart  stm32h7xx_hal_dma_ex.o
    0x081004d0   0x081004d0   0x00000094   Code   RO         1138    i.HAL_DMA_Abort_IT  stm32h7xx_hal_dma.o
    0x08100564   0x08100564   0x000000c8   Code   RO         1139    i.HAL_DMA_DeInit    stm32h7xx_hal_dma.o
    0x0810062c   0x0810062c   0x00000194   Code   RO         1143    i.HAL_DMA_Init      stm32h7xx_hal_dma.o
    0x081007c0   0x081007c0   0x00000066   Code   RO         1146    i.HAL_DMA_Start     stm32h7xx_hal_dma.o
    0x08100826   0x08100826   0x0000000a   Code   RO         1326    i.HAL_GPIO_WritePin  stm32h7xx_hal_gpio.o
    0x08100830   0x08100830   0x00000010   Code   RO          703    i.HAL_IncTick       stm32h7xx_hal.o
    0x08100840   0x08100840   0x00000024   Code   RO          994    i.HAL_MPU_Enable    stm32h7xx_hal_cortex.o
    0x08100864   0x08100864   0x00000002   Code   RO          487    i.HAL_MspInit       stm32h7xx_hal_msp.o
    0x08100866   0x08100866   0x0000001a   Code   RO          997    i.HAL_NVIC_EnableIRQ  stm32h7xx_hal_cortex.o
    0x08100880   0x08100880   0x00000034   Code   RO         2007    i.HAL_RCCEx_GetD1SysClockFreq  stm32h7xx_hal_rcc_ex.o
    0x081008b4   0x081008b4   0x000000fc   Code   RO         2011    i.HAL_RCCEx_GetPLL3ClockFreq  stm32h7xx_hal_rcc_ex.o
    0x081009b0   0x081009b0   0x0000002c   Code   RO         1906    i.HAL_RCC_GetPCLK1Freq  stm32h7xx_hal_rcc.o
    0x081009dc   0x081009dc   0x0000002c   Code   RO         1907    i.HAL_RCC_GetPCLK2Freq  stm32h7xx_hal_rcc.o
    0x08100a08   0x08100a08   0x000001e0   Code   RO         4668    i.HAL_SPI_Init      stm32h7xx_hal_spi.o
    0x08100be8   0x08100be8   0x00000318   Code   RO         4677    i.HAL_SPI_TransmitReceive  stm32h7xx_hal_spi.o
    0x08100f00   0x08100f00   0x00000002   Code   RO         3471    i.HAL_TIMEx_BreakCallback  stm32h7xx_hal_tim_ex.o
    0x08100f02   0x08100f02   0x00000002   Code   RO         2858    i.HAL_TIM_IC_CaptureCallback  stm32h7xx_hal_tim.o
    0x08100f04   0x08100f04   0x00000002   Code   RO         2901    i.HAL_TIM_PWM_PulseFinishedCallback  stm32h7xx_hal_tim.o
    0x08100f06   0x08100f06   0x00000002   PAD
    0x08100f08   0x08100f08   0x00000180   Code   RO         2186    i.HAL_UART_IRQHandler  stm32h7xx_hal_uart.o
    0x08101088   0x08101088   0x00000058   Code   RO          612    i.HAL_UART_RxCpltCallback  usart.o
    0x081010e0   0x081010e0   0x00000002   Code   RO         2198    i.HAL_UART_TxCpltCallback  stm32h7xx_hal_uart.o
    0x081010e2   0x081010e2   0x00000002   PAD
    0x081010e4   0x081010e4   0x0000021c   Code   RO         5791    i.JPEG_mode         ov_frame.o
    0x08101300   0x08101300   0x00000060   Code   RO         5377    i.KEY_Init          key.o
    0x08101360   0x08101360   0x00000084   Code   RO         5378    i.KEY_Scan          key.o
    0x081013e4   0x081013e4   0x00000078   Code   RO         6071    i.LCD_Display_Dir   lcd.o
    0x0810145c   0x0810145c   0x00000048   Code   RO         6077    i.LCD_Fill          lcd.o
    0x081014a4   0x081014a4   0x00000030   Code   RO         6079    i.LCD_HardwareRest  lcd.o
    0x081014d4   0x081014d4   0x00000022   Code   RO         6082    i.LCD_Scan_Dir      lcd.o
    0x081014f6   0x081014f6   0x00000012   Code   RO         6089    i.LCD_SoftRest      lcd.o
    0x08101508   0x08101508   0x00000038   Code   RO         6091    i.LCD_WR_DATA8      lcd.o
    0x08101540   0x08101540   0x0000000c   Code   RO         6094    i.LCD_WriteRAM_Prepare  lcd.o
    0x0810154c   0x0810154c   0x00000044   Code   RO         5353    i.LED_Init          led.o
    0x08101590   0x08101590   0x00000058   Code   RO         5409    i.MPU_Set_Protection  mpu.o
    0x081015e8   0x081015e8   0x00000002   Code   RO          379    i.NMI_Handler       stm32h7xx_it.o
    0x081015ea   0x081015ea   0x00000072   Code   RO         5530    i.OV5640_Focus_Constant  ov5640.o
    0x0810165c   0x0810165c   0x00000036   Code   RO         5532    i.OV5640_Focus_Single  ov5640.o
    0x08101692   0x08101692   0x00000002   PAD
    0x08101694   0x08101694   0x00000114   Code   RO         5534    i.OV5640_Init       ov5640.o
    0x081017a8   0x081017a8   0x00000024   Code   RO         5535    i.OV5640_JPEG_Mode  ov5640.o
    0x081017cc   0x081017cc   0x0000007e   Code   RO         5537    i.OV5640_OutSize_Set  ov5640.o
    0x0810184a   0x0810184a   0x00000002   PAD
    0x0810184c   0x0810184c   0x00000018   Code   RO         5538    i.OV5640_PWDN_Set   ov5640.o
    0x08101864   0x08101864   0x0000003a   Code   RO         5539    i.OV5640_RD_Reg     ov5640.o
    0x0810189e   0x0810189e   0x00000072   Code   RO         5541    i.OV5640_Sharpness  ov5640.o
    0x08101910   0x08101910   0x000000f0   Code   RO         2018    i.RCCEx_PLL2_Config  stm32h7xx_hal_rcc_ex.o
    0x08101a00   0x08101a00   0x000000a4   Code   RO         5793    i.RGB_Refresh_LCD   ov_frame.o
    0x08101aa4   0x08101aa4   0x0000003c   Code   RO         5673    i.SCCB_Init         sccb.o
    0x08101ae0   0x08101ae0   0x00000050   Code   RO         5674    i.SCCB_No_Ack       sccb.o
    0x08101b30   0x08101b30   0x00000028   Code   RO         5676    i.SCCB_SDA_IN       sccb.o
    0x08101b58   0x08101b58   0x00000024   Code   RO         5677    i.SCCB_SDA_OUT      sccb.o
    0x08101b7c   0x08101b7c   0x00000044   Code   RO         5678    i.SCCB_Start        sccb.o
    0x08101bc0   0x08101bc0   0x00000040   Code   RO         5679    i.SCCB_Stop         sccb.o
    0x08101c00   0x08101c00   0x00000094   Code   RO         5680    i.SCCB_WR_Byte      sccb.o
    0x08101c94   0x08101c94   0x000000de   Code   RO         4693    i.SPI_CloseTransfer  stm32h7xx_hal_spi.o
    0x08101d72   0x08101d72   0x00000040   Code   RO         4710    i.SPI_WaitOnFlagUntilTimeout  stm32h7xx_hal_spi.o
    0x08101db2   0x08101db2   0x00000002   Code   RO          381    i.SVC_Handler       stm32h7xx_it.o
    0x08101db4   0x08101db4   0x00000098   Code   RO         6322    i.Show_Font         text.o
    0x08101e4c   0x08101e4c   0x000000b6   Code   RO         6323    i.Show_Str          text.o
    0x08101f02   0x08101f02   0x00000004   Code   RO          382    i.SysTick_Handler   stm32h7xx_it.o
    0x08101f06   0x08101f06   0x0000005c   Code   RO         2201    i.UART_CheckIdleState  stm32h7xx_hal_uart.o
    0x08101f62   0x08101f62   0x0000001c   Code   RO         2212    i.UART_EndRxTransfer  stm32h7xx_hal_uart.o
    0x08101f7e   0x08101f7e   0x00000002   PAD
    0x08101f80   0x08101f80   0x000004a8   Code   RO         2215    i.UART_SetConfig    stm32h7xx_hal_uart.o
    0x08102428   0x08102428   0x00000074   Code   RO         2216    i.UART_Transmit_IT  stm32h7xx_hal_uart.o
    0x0810249c   0x0810249c   0x00000062   Code   RO         2217    i.UART_WaitOnFlagUntilTimeout  stm32h7xx_hal_uart.o
    0x081024fe   0x081024fe   0x00000002   PAD
    0x08102500   0x08102500   0x00000044   Code   RO          613    i.USART1_IRQHandler  usart.o
    0x08102544   0x08102544   0x00000020   Code   RO         6597    i.__0printf$8       mc_w.l(printf8.o)
    0x08102564   0x08102564   0x00000028   Code   RO         6599    i.__0sprintf$8      mc_w.l(printf8.o)
    0x0810258c   0x0810258c   0x00000014   Code   RO          523    i.delay_init        delay.o
    0x081025a0   0x081025a0   0x00000014   Code   RO          615    i.fputc             usart.o
    0x081025b4   0x081025b4   0x0000005c   Code   RO         5794    i.jpeg_data_process  ov_frame.o
    0x08102610   0x08102610   0x000001c0   Code   RO            4    i.main              main.o
    0x081027d0   0x081027d0   0x00000038   Code   RO          616    i.uart_init         usart.o
    0x08102808   0x08102808   0x00000010   Data   RO          450    .constdata          system_stm32h7xx.o
    0x08102818   0x08102818   0x00000008   Data   RO         1149    .constdata          stm32h7xx_hal_dma.o
    0x08102820   0x08102820   0x00000018   Data   RO         2218    .constdata          stm32h7xx_hal_uart.o
    0x08102838   0x08102838   0x0000150d   Data   RO         5545    .constdata          ov5640.o
    0x08103d45   0x08103d45   0x00000001   PAD
    0x08103d46   0x08103d46   0x00000030   Data   RO         5797    .constdata          ov_frame.o
    0x08103d76   0x08103d76   0x00000474   Data   RO         6042    .constdata          font.o
    0x081041ea   0x081041ea   0x000007d6   Data   RO         6045    .constdata          font.o


==============================================================================

Image component sizes


      Code (inc. data)   RO Data    RW Data    ZI Data      Debug   Object Name

       808        118          0          8        200       6487   dcmi.o
        98          8          0          4          0       2251   delay.o
         0          0       8826          0          0       1402   font.o
       228         26          0          1          0       1870   key.o
      1462         88          0          4         14      15552   lcd.o
        68          8          0          0          0       1011   led.o
       448        134          0          2         32    1242726   main.o
       290         56          0          0          0      36784   mpu.o
      1482         64       5389          2          0      13880   ov5640.o
      1292        294        133         68     232832       6598   ov_frame.o
       588         42          0          0          0       6139   sccb.o
       272         28          0          0        136       3318   spi.o
        36          8        664          0       1024        896   startup_stm32h743xx.o
       136         24          0         12          0       4423   stm32h7xx_hal.o
       370         28          0          0          0      41835   stm32h7xx_hal_cortex.o
       382         10          0          0          0       5142   stm32h7xx_hal_dcmi.o
      1258         84          8          0          0       9451   stm32h7xx_hal_dma.o
       206          4          0          0          0       2605   stm32h7xx_hal_dma_ex.o
       516         50          0          0          0       4384   stm32h7xx_hal_gpio.o
         2          0          0          0          0        518   stm32h7xx_hal_msp.o
      2040        108          0          0          0       7016   stm32h7xx_hal_rcc.o
      3304        154          0          0          0       8907   stm32h7xx_hal_rcc_ex.o
      1558         14          0          0          0       5493   stm32h7xx_hal_spi.o
       392          0          0          0          0       5016   stm32h7xx_hal_tim.o
         4          0          0          0          0       2018   stm32h7xx_hal_tim_ex.o
      2536        122         24          0          0      34740   stm32h7xx_hal_uart.o
         2          0          0          0          0       1184   stm32h7xx_hal_uart_ex.o
        18          0          0          0          0       4138   stm32h7xx_it.o
       304         18          0          0          0      36733   sys.o
       132         16         16          8          0       1398   system_stm32h7xx.o
       614         18          0          0          0       7003   text.o
        36         14          0          0         64       1857   timer.o
       360         56          0          8        328       5557   usart.o

    ----------------------------------------------------------------------
     21270       1594      15096        124     234636    1528332   Object Totals
         0          0         32          0          0          0   (incl. Generated)
        28          0          4          7          6          0   (incl. Padding)

    ----------------------------------------------------------------------

      Code (inc. data)   RO Data    RW Data    ZI Data      Debug   Library Member Name

         0          0          0          0          0          0   entry.o
         0          0          0          0          0          0   entry10a.o
         0          0          0          0          0          0   entry11a.o
         8          4          0          0          0          0   entry2.o
         4          0          0          0          0          0   entry5.o
         0          0          0          0          0          0   entry7b.o
         0          0          0          0          0          0   entry8b.o
         8          4          0          0          0          0   entry9a.o
        30          0          0          0          0          0   handlers.o
        36          8          0          0          0         68   init.o
        30          0          0          0          0         68   llshl.o
        32          0          0          0          0         68   llushr.o
      1204         60          0          0          0        504   printf8.o
        98          0          0          0          0         92   uldiv.o

    ----------------------------------------------------------------------
      1454         76          0          0          0        800   Library Totals
         4          0          0          0          0          0   (incl. Padding)

    ----------------------------------------------------------------------

      Code (inc. data)   RO Data    RW Data    ZI Data      Debug   Library Name

      1450         76          0          0          0        800   mc_w.l

    ----------------------------------------------------------------------
      1454         76          0          0          0        800   Library Totals

    ----------------------------------------------------------------------

==============================================================================


      Code (inc. data)   RO Data    RW Data    ZI Data      Debug   

     22724       1670      15096        124     234636    1512772   Grand Totals
     22724       1670      15096        124     234636    1512772   ELF Image Totals
     22724       1670      15096        124          0          0   ROM Totals

==============================================================================

    Total RO  Size (Code + RO Data)                37820 (  36.93kB)
    Total RW  Size (RW Data + ZI Data)            234760 ( 229.26kB)
    Total ROM Size (Code + RO Data + RW Data)      37944 (  37.05kB)

==============================================================================

