BL51 BANKED LINKER/LOCATER V6.22                                                        08/27/2022  15:13:24  PAGE 1


BL51 BANKED LINKER/LOCATER V6.22, INVOKED BY:
D:\STUDY\KEIL4 C51\C51\BIN\BL51.EXE chengxu.obj TO chengxu RAMSIZE (256)


MEMORY MODEL: SMALL


INPUT MODULES INCLUDED:
  chengxu.obj (CHENGXU)
  D:\STUDY\KEIL4 C51\C51\LIB\C51S.LIB (?C_STARTUP)


LINK MAP OF MODULE:  chengxu (CHENGXU)


            TYPE    BASE      LENGTH    RELOCATION   SEGMENT NAME
            -----------------------------------------------------

            * * * * * * *   D A T A   M E M O R Y   * * * * * * *
            REG     0000H     0008H     ABSOLUTE     "REG BANK 0"
            IDATA   0008H     0001H     UNIT         ?STACK

            * * * * * * *   C O D E   M E M O R Y   * * * * * * *
            CODE    0000H     0003H     ABSOLUTE     
            CODE    0003H     000EH     UNIT         ?PR?DELAY5000MS?CHENGXU
            CODE    0011H     000EH     UNIT         ?PR?MAIN?CHENGXU
            CODE    001FH     000DH     UNIT         ?PR?DELAY?CHENGXU
            CODE    002CH     000CH     UNIT         ?C_C51STARTUP



OVERLAY MAP OF MODULE:   chengxu (CHENGXU)


SEGMENT
  +--> CALLED SEGMENT
---------------------
?C_C51STARTUP
  +--> ?PR?MAIN?CHENGXU

?PR?MAIN?CHENGXU
  +--> ?PR?DELAY5000MS?CHENGXU



SYMBOL TABLE OF MODULE:  chengxu (CHENGXU)

  VALUE           TYPE          NAME
  ----------------------------------

  -------         MODULE        CHENGXU
  C:0000H         SYMBOL        _ICE_DUMMY_
  D:0090H         PUBLIC        P1
  D:00B0H         PUBLIC        P3
  D:00A8H         PUBLIC        IE
  C:001FH         PUBLIC        delay
  D:00B8H         PUBLIC        IP
  C:0003H         PUBLIC        Delay5000ms
BL51 BANKED LINKER/LOCATER V6.22                                                      08/27/2022  15:13:24  PAGE 2


  C:0011H         PUBLIC        main
  D:0098H         PUBLIC        SCON
  D:0088H         PUBLIC        TCON
  D:00C8H         PUBLIC        T2CON
  B:0090H.0       PUBLIC        OUT
  D:00D0H         PUBLIC        PSW
  -------         PROC          DELAY
  -------         DO            
  D:0007H         SYMBOL        m
  D:0006H         SYMBOL        n
  D:0005H         SYMBOL        s
  -------         ENDDO         
  C:001FH         LINE#         16
  C:001FH         LINE#         17
  C:001FH         LINE#         19
  C:0021H         LINE#         20
  C:0023H         LINE#         21
  C:002BH         LINE#         22
  -------         ENDPROC       DELAY
  -------         PROC          DELAY5000MS
  -------         DO            
  D:0007H         SYMBOL        i
  D:0006H         SYMBOL        j
  D:0005H         SYMBOL        k
  -------         ENDDO         
  C:0003H         LINE#         23
  C:0003H         LINE#         24
  C:0003H         LINE#         27
  C:0004H         LINE#         28
  C:0006H         LINE#         29
  C:0008H         LINE#         30
  C:000AH         LINE#         32
  C:000AH         LINE#         34
  C:000AH         LINE#         35
  C:000CH         LINE#         36
  C:000EH         LINE#         37
  C:0010H         LINE#         38
  -------         ENDPROC       DELAY5000MS
  -------         PROC          MAIN
  C:0011H         LINE#         42
  C:0011H         LINE#         43
  C:0011H         LINE#         44
  C:0013H         LINE#         45
  C:0013H         LINE#         46
  C:0013H         LINE#         47
  C:0015H         LINE#         48
  C:0018H         LINE#         49
  C:001AH         LINE#         50
  C:001DH         LINE#         51
  -------         ENDPROC       MAIN
  -------         ENDMOD        CHENGXU

*** WARNING L16: UNCALLED SEGMENT, IGNORED FOR OVERLAY PROCESS
    SEGMENT: ?PR?DELAY?CHENGXU

Program Size: data=9.0 xdata=0 code=56
LINK/LOCATE RUN COMPLETE.  1 WARNING(S),  0 ERROR(S)
