Component: ARM Compiler 5.06 update 5 (build 528) Tool: armlink [4d35e2]

==============================================================================

Section Cross References

    startup_stm32h743xx.o(RESET) refers to startup_stm32h743xx.o(STACK) for __initial_sp
    startup_stm32h743xx.o(RESET) refers to startup_stm32h743xx.o(.text) for Reset_Handler
    startup_stm32h743xx.o(RESET) refers to stm32h7xx_it.o(i.NMI_Handler) for NMI_Handler
    startup_stm32h743xx.o(RESET) refers to stm32h7xx_it.o(i.HardFault_Handler) for HardFault_Handler
    startup_stm32h743xx.o(RESET) refers to stm32h7xx_it.o(i.MemManage_Handler) for MemManage_Handler
    startup_stm32h743xx.o(RESET) refers to stm32h7xx_it.o(i.BusFault_Handler) for BusFault_Handler
    startup_stm32h743xx.o(RESET) refers to stm32h7xx_it.o(i.UsageFault_Handler) for UsageFault_Handler
    startup_stm32h743xx.o(RESET) refers to stm32h7xx_it.o(i.SVC_Handler) for SVC_Handler
    startup_stm32h743xx.o(RESET) refers to stm32h7xx_it.o(i.DebugMon_Handler) for DebugMon_Handler
    startup_stm32h743xx.o(RESET) refers to stm32h7xx_it.o(i.PendSV_Handler) for PendSV_Handler
    startup_stm32h743xx.o(RESET) refers to stm32h7xx_it.o(i.SysTick_Handler) for SysTick_Handler
    startup_stm32h743xx.o(.text) refers to system_stm32h7xx.o(i.SystemInit) for SystemInit
    startup_stm32h743xx.o(.text) refers to entry.o(.ARM.Collect$$$$00000000) for __main
    main.o(i.SystemClock_Config) refers to memseta.o(.text) for __aeabi_memclr4
    main.o(i.SystemClock_Config) refers to stm32h7xx_hal_pwr_ex.o(i.HAL_PWREx_ConfigSupply) for HAL_PWREx_ConfigSupply
    main.o(i.SystemClock_Config) refers to stm32h7xx_hal_rcc.o(i.HAL_RCC_OscConfig) for HAL_RCC_OscConfig
    main.o(i.SystemClock_Config) refers to stm32h7xx_hal_rcc.o(i.HAL_RCC_ClockConfig) for HAL_RCC_ClockConfig
    main.o(i.fputc) refers to stm32h7xx_hal_uart.o(i.HAL_UART_Transmit) for HAL_UART_Transmit
    main.o(i.fputc) refers to usart.o(.bss) for huart1
    main.o(i.main) refers to stm32h7xx_hal_cortex.o(i.HAL_MPU_Disable) for HAL_MPU_Disable
    main.o(i.main) refers to stm32h7xx_hal_cortex.o(i.HAL_MPU_ConfigRegion) for HAL_MPU_ConfigRegion
    main.o(i.main) refers to stm32h7xx_hal_cortex.o(i.HAL_MPU_Enable) for HAL_MPU_Enable
    main.o(i.main) refers to stm32h7xx_hal.o(i.HAL_Init) for HAL_Init
    main.o(i.main) refers to main.o(i.SystemClock_Config) for SystemClock_Config
    main.o(i.main) refers to gpio.o(i.MX_GPIO_Init) for MX_GPIO_Init
    main.o(i.main) refers to usart.o(i.MX_USART1_UART_Init) for MX_USART1_UART_Init
    main.o(i.main) refers to waterpump.o(i.WaterPump_Init) for WaterPump_Init
    main.o(i.main) refers to waterpump.o(i.WaterPump) for WaterPump
    main.o(i.main) refers to stm32h7xx_hal.o(i.HAL_Delay) for HAL_Delay
    usart.o(i.HAL_UART_MspDeInit) refers to stm32h7xx_hal_gpio.o(i.HAL_GPIO_DeInit) for HAL_GPIO_DeInit
    usart.o(i.HAL_UART_MspInit) refers to memseta.o(.text) for __aeabi_memclr4
    usart.o(i.HAL_UART_MspInit) refers to stm32h7xx_hal_rcc_ex.o(i.HAL_RCCEx_PeriphCLKConfig) for HAL_RCCEx_PeriphCLKConfig
    usart.o(i.HAL_UART_MspInit) refers to main.o(i.Error_Handler) for Error_Handler
    usart.o(i.HAL_UART_MspInit) refers to stm32h7xx_hal_gpio.o(i.HAL_GPIO_Init) for HAL_GPIO_Init
    usart.o(i.MX_USART1_UART_Init) refers to stm32h7xx_hal_uart.o(i.HAL_UART_Init) for HAL_UART_Init
    usart.o(i.MX_USART1_UART_Init) refers to main.o(i.Error_Handler) for Error_Handler
    usart.o(i.MX_USART1_UART_Init) refers to stm32h7xx_hal_uart_ex.o(i.HAL_UARTEx_SetTxFifoThreshold) for HAL_UARTEx_SetTxFifoThreshold
    usart.o(i.MX_USART1_UART_Init) refers to stm32h7xx_hal_uart_ex.o(i.HAL_UARTEx_SetRxFifoThreshold) for HAL_UARTEx_SetRxFifoThreshold
    usart.o(i.MX_USART1_UART_Init) refers to stm32h7xx_hal_uart_ex.o(i.HAL_UARTEx_DisableFifoMode) for HAL_UARTEx_DisableFifoMode
    usart.o(i.MX_USART1_UART_Init) refers to usart.o(.bss) for .bss
    stm32h7xx_it.o(i.SysTick_Handler) refers to stm32h7xx_hal.o(i.HAL_IncTick) for HAL_IncTick
    i2c_hal.o(i.I2CInit) refers to memseta.o(.text) for __aeabi_memclr4
    i2c_hal.o(i.I2CInit) refers to stm32h7xx_hal_gpio.o(i.HAL_GPIO_Init) for HAL_GPIO_Init
    i2c_hal.o(i.I2CReceiveByte) refers to i2c_hal.o(i.SDA_Input_Mode) for SDA_Input_Mode
    i2c_hal.o(i.I2CReceiveByte) refers to i2c_hal.o(i.SCL_Output) for SCL_Output
    i2c_hal.o(i.I2CReceiveByte) refers to i2c_hal.o(i.delay1) for delay1
    i2c_hal.o(i.I2CReceiveByte) refers to i2c_hal.o(i.SDA_Input) for SDA_Input
    i2c_hal.o(i.I2CReceiveByte) refers to i2c_hal.o(i.SDA_Output_Mode) for SDA_Output_Mode
    i2c_hal.o(i.I2CSendAck) refers to i2c_hal.o(i.SDA_Output) for SDA_Output
    i2c_hal.o(i.I2CSendAck) refers to i2c_hal.o(i.delay1) for delay1
    i2c_hal.o(i.I2CSendAck) refers to i2c_hal.o(i.SCL_Output) for SCL_Output
    i2c_hal.o(i.I2CSendByte) refers to i2c_hal.o(i.SCL_Output) for SCL_Output
    i2c_hal.o(i.I2CSendByte) refers to i2c_hal.o(i.delay1) for delay1
[...]
    Removing i2c_hal.o(i.I2CSendByte), (78 bytes).
    Removing i2c_hal.o(i.I2CSendNotAck), (48 bytes).
    Removing i2c_hal.o(i.I2CStart), (54 bytes).
    Removing i2c_hal.o(i.I2CStop), (54 bytes).
    Removing i2c_hal.o(i.I2CWaitAck), (78 bytes).
    Removing i2c_hal.o(i.SCL_Output), (24 bytes).
    Removing i2c_hal.o(i.SDA_Input), (24 bytes).
    Removing i2c_hal.o(i.SDA_Input_Mode), (40 bytes).
    Removing i2c_hal.o(i.SDA_Output), (24 bytes).
    Removing i2c_hal.o(i.SDA_Output_Mode), (40 bytes).
    Removing i2c_hal.o(i.delay1), (12 bytes).
    Removing waterpump.o(.rev16_text), (4 bytes).
    Removing waterpump.o(.revsh_text), (4 bytes).
    Removing waterpump.o(.rrx_text), (6 bytes).
    Removing stm32h7xx_hal_cortex.o(.rev16_text), (4 bytes).
    Removing stm32h7xx_hal_cortex.o(.revsh_text), (4 bytes).
    Removing stm32h7xx_hal_cortex.o(.rrx_text), (6 bytes).
    Removing stm32h7xx_hal_cortex.o(i.HAL_GetCurrentCPUID), (4 bytes).
    Removing stm32h7xx_hal_cortex.o(i.HAL_MPU_DisableRegion), (24 bytes).
    Removing stm32h7xx_hal_cortex.o(i.HAL_MPU_EnableRegion), (24 bytes).
    Removing stm32h7xx_hal_cortex.o(i.HAL_NVIC_ClearPendingIRQ), (26 bytes).
    Removing stm32h7xx_hal_cortex.o(i.HAL_NVIC_DisableIRQ), (34 bytes).
    Removing stm32h7xx_hal_cortex.o(i.HAL_NVIC_EnableIRQ), (26 bytes).
    Removing stm32h7xx_hal_cortex.o(i.HAL_NVIC_GetActive), (36 bytes).
    Removing stm32h7xx_hal_cortex.o(i.HAL_NVIC_GetPendingIRQ), (36 bytes).
    Removing stm32h7xx_hal_cortex.o(i.HAL_NVIC_GetPriority), (82 bytes).
    Removing stm32h7xx_hal_cortex.o(i.HAL_NVIC_GetPriorityGrouping), (16 bytes).
    Removing stm32h7xx_hal_cortex.o(i.HAL_NVIC_SetPendingIRQ), (26 bytes).
    Removing stm32h7xx_hal_cortex.o(i.HAL_NVIC_SystemReset), (36 bytes).
    Removing stm32h7xx_hal_cortex.o(i.HAL_SYSTICK_CLKSourceConfig), (24 bytes).
    Removing stm32h7xx_hal_cortex.o(i.HAL_SYSTICK_Callback), (2 bytes).
    Removing stm32h7xx_hal_cortex.o(i.HAL_SYSTICK_IRQHandler), (8 bytes).
    Removing stm32h7xx_hal_rcc.o(.rev16_text), (4 bytes).
    Removing stm32h7xx_hal_rcc.o(.revsh_text), (4 bytes).
    Removing stm32h7xx_hal_rcc.o(.rrx_text), (6 bytes).
    Removing stm32h7xx_hal_rcc.o(i.HAL_RCC_CSSCallback), (2 bytes).
    Removing stm32h7xx_hal_rcc.o(i.HAL_RCC_DeInit), (496 bytes).
    Removing stm32h7xx_hal_rcc.o(i.HAL_RCC_DisableCSS), (16 bytes).
    Removing stm32h7xx_hal_rcc.o(i.HAL_RCC_EnableCSS), (16 bytes).
    Removing stm32h7xx_hal_rcc.o(i.HAL_RCC_GetClockConfig), (92 bytes).
    Removing stm32h7xx_hal_rcc.o(i.HAL_RCC_GetOscConfig), (308 bytes).
    Removing stm32h7xx_hal_rcc.o(i.HAL_RCC_MCOConfig), (148 bytes).
    Removing stm32h7xx_hal_rcc.o(i.HAL_RCC_NMI_IRQHandler), (32 bytes).
    Removing stm32h7xx_hal_rcc_ex.o(.rev16_text), (4 bytes).
    Removing stm32h7xx_hal_rcc_ex.o(.revsh_text), (4 bytes).
    Removing stm32h7xx_hal_rcc_ex.o(.rrx_text), (6 bytes).
    Removing stm32h7xx_hal_rcc_ex.o(i.HAL_RCCEx_CRSConfig), (108 bytes).
    Removing stm32h7xx_hal_rcc_ex.o(i.HAL_RCCEx_CRSGetSynchronizationInfo), (40 bytes).
    Removing stm32h7xx_hal_rcc_ex.o(i.HAL_RCCEx_CRSSoftwareSynchronizationGenerate), (16 bytes).
    Removing stm32h7xx_hal_rcc_ex.o(i.HAL_RCCEx_CRSWaitSynchronization), (136 bytes).
    Removing stm32h7xx_hal_rcc_ex.o(i.HAL_RCCEx_CRS_ErrorCallback), (2 bytes).
    Removing stm32h7xx_hal_rcc_ex.o(i.HAL_RCCEx_CRS_ExpectedSyncCallback), (2 bytes).
    Removing stm32h7xx_hal_rcc_ex.o(i.HAL_RCCEx_CRS_IRQHandler), (116 bytes).
    Removing stm32h7xx_hal_rcc_ex.o(i.HAL_RCCEx_CRS_SyncOkCallback), (2 bytes).
    Removing stm32h7xx_hal_rcc_ex.o(i.HAL_RCCEx_CRS_SyncWarnCallback), (2 bytes).
    Removing stm32h7xx_hal_rcc_ex.o(i.HAL_RCCEx_DisableLSECSS), (28 bytes).
    Removing stm32h7xx_hal_rcc_ex.o(i.HAL_RCCEx_EnableLSECSS), (16 bytes).
    Removing stm32h7xx_hal_rcc_ex.o(i.HAL_RCCEx_EnableLSECSS_IT), (52 bytes).
    Removing stm32h7xx_hal_rcc_ex.o(i.HAL_RCCEx_GetD1PCLK1Freq), (36 bytes).
    Removing stm32h7xx_hal_rcc_ex.o(i.HAL_RCCEx_GetD1SysClockFreq), (68 bytes).
    Removing stm32h7xx_hal_rcc_ex.o(i.HAL_RCCEx_GetPLL1ClockFreq), (328 bytes).
    Removing stm32h7xx_hal_rcc_ex.o(i.HAL_RCCEx_GetPeriphCLKConfig), (452 bytes).
    Removing stm32h7xx_hal_rcc_ex.o(i.HAL_RCCEx_GetPeriphCLKFreq), (712 bytes).
    Removing stm32h7xx_hal_rcc_ex.o(i.HAL_RCCEx_KerWakeUpStopCLKConfig), (20 bytes).
    Removing stm32h7xx_hal_rcc_ex.o(i.HAL_RCCEx_LSECSS_Callback), (2 bytes).
    Removing stm32h7xx_hal_rcc_ex.o(i.HAL_RCCEx_LSECSS_IRQHandler), (32 bytes).
    Removing stm32h7xx_hal_rcc_ex.o(i.HAL_RCCEx_WWDGxSysResetConfig), (16 bytes).
    Removing stm32h7xx_hal_rcc_ex.o(i.HAL_RCCEx_WakeUpStopCLKConfig), (20 bytes).
    Removing stm32h7xx_hal_flash.o(.rev16_text), (4 bytes).
    Removing stm32h7xx_hal_flash.o(.revsh_text), (4 bytes).
    Removing stm32h7xx_hal_flash.o(.rrx_text), (6 bytes).
    Removing stm32h7xx_hal_flash.o(i.FLASH_CRC_WaitForLastOperation), (156 bytes).
    Removing stm32h7xx_hal_flash.o(i.FLASH_OB_WaitForLastOperation), (80 bytes).
    Removing stm32h7xx_hal_flash.o(i.FLASH_WaitForLastOperation), (204 bytes).
    Removing stm32h7xx_hal_flash.o(i.HAL_FLASH_EndOfOperationCallback), (2 bytes).
    Removing stm32h7xx_hal_flash.o(i.HAL_FLASH_GetError), (12 bytes).
    Removing stm32h7xx_hal_flash.o(i.HAL_FLASH_IRQHandler), (400 bytes).
    Removing stm32h7xx_hal_flash.o(i.HAL_FLASH_Lock), (48 bytes).
    Removing stm32h7xx_hal_flash.o(i.HAL_FLASH_OB_Launch), (56 bytes).
    Removing stm32h7xx_hal_flash.o(i.HAL_FLASH_OB_Lock), (28 bytes).
    Removing stm32h7xx_hal_flash.o(i.HAL_FLASH_OB_Unlock), (44 bytes).
    Removing stm32h7xx_hal_flash.o(i.HAL_FLASH_OperationErrorCallback), (2 bytes).
    Removing stm32h7xx_hal_flash.o(i.HAL_FLASH_Program), (192 bytes).
    Removing stm32h7xx_hal_flash.o(i.HAL_FLASH_Program_IT), (184 bytes).
    Removing stm32h7xx_hal_flash.o(i.HAL_FLASH_Unlock), (68 bytes).
    Removing stm32h7xx_hal_flash.o(.bss), (28 bytes).
    Removing stm32h7xx_hal_flash_ex.o(.rev16_text), (4 bytes).
    Removing stm32h7xx_hal_flash_ex.o(.revsh_text), (4 bytes).
    Removing stm32h7xx_hal_flash_ex.o(.rrx_text), (6 bytes).
    Removing stm32h7xx_hal_flash_ex.o(i.FLASH_CRC_AddSector), (56 bytes).
    Removing stm32h7xx_hal_flash_ex.o(i.FLASH_CRC_SelectAddress), (28 bytes).
    Removing stm32h7xx_hal_flash_ex.o(i.FLASH_Erase_Sector), (64 bytes).
    Removing stm32h7xx_hal_flash_ex.o(i.FLASH_MassErase), (124 bytes).
    Removing stm32h7xx_hal_flash_ex.o(i.FLASH_OB_UserConfig), (148 bytes).
    Removing stm32h7xx_hal_flash_ex.o(i.HAL_FLASHEx_ComputeCRC), (340 bytes).
    Removing stm32h7xx_hal_flash_ex.o(i.HAL_FLASHEx_Erase), (276 bytes).
    Removing stm32h7xx_hal_flash_ex.o(i.HAL_FLASHEx_Erase_IT), (200 bytes).
    Removing stm32h7xx_hal_flash_ex.o(i.HAL_FLASHEx_Lock_Bank1), (20 bytes).
    Removing stm32h7xx_hal_flash_ex.o(i.HAL_FLASHEx_Lock_Bank2), (24 bytes).
    Removing stm32h7xx_hal_flash_ex.o(i.HAL_FLASHEx_OBGetConfig), (244 bytes).
    Removing stm32h7xx_hal_flash_ex.o(i.HAL_FLASHEx_OBProgram), (392 bytes).
    Removing stm32h7xx_hal_flash_ex.o(i.HAL_FLASHEx_Unlock_Bank1), (44 bytes).
    Removing stm32h7xx_hal_flash_ex.o(i.HAL_FLASHEx_Unlock_Bank2), (52 bytes).
    Removing stm32h7xx_hal_gpio.o(.rev16_text), (4 bytes).
    Removing stm32h7xx_hal_gpio.o(.revsh_text), (4 bytes).
    Removing stm32h7xx_hal_gpio.o(.rrx_text), (6 bytes).
    Removing stm32h7xx_hal_gpio.o(i.HAL_GPIO_DeInit), (368 bytes).
    Removing stm32h7xx_hal_gpio.o(i.HAL_GPIO_EXTI_Callback), (2 bytes).
    Removing stm32h7xx_hal_gpio.o(i.HAL_GPIO_EXTI_IRQHandler), (24 bytes).
    Removing stm32h7xx_hal_gpio.o(i.HAL_GPIO_LockPin), (34 bytes).
    Removing stm32h7xx_hal_gpio.o(i.HAL_GPIO_ReadPin), (10 bytes).
    Removing stm32h7xx_hal_gpio.o(i.HAL_GPIO_TogglePin), (16 bytes).
    Removing stm32h7xx_hal_hsem.o(.rev16_text), (4 bytes).
    Removing stm32h7xx_hal_hsem.o(.revsh_text), (4 bytes).
    Removing stm32h7xx_hal_hsem.o(.rrx_text), (6 bytes).
    Removing stm32h7xx_hal_hsem.o(i.HAL_HSEM_ActivateNotification), (16 bytes).
    Removing stm32h7xx_hal_hsem.o(i.HAL_HSEM_DeactivateNotification), (16 bytes).
    Removing stm32h7xx_hal_hsem.o(i.HAL_HSEM_FastTake), (32 bytes).
    Removing stm32h7xx_hal_hsem.o(i.HAL_HSEM_FreeCallback), (2 bytes).
    Removing stm32h7xx_hal_hsem.o(i.HAL_HSEM_GetClearKey), (12 bytes).
    Removing stm32h7xx_hal_hsem.o(i.HAL_HSEM_IRQHandler), (32 bytes).
    Removing stm32h7xx_hal_hsem.o(i.HAL_HSEM_IsSemTaken), (20 bytes).
    Removing stm32h7xx_hal_hsem.o(i.HAL_HSEM_Release), (20 bytes).
    Removing stm32h7xx_hal_hsem.o(i.HAL_HSEM_ReleaseAll), (16 bytes).
    Removing stm32h7xx_hal_hsem.o(i.HAL_HSEM_SetClearKey), (16 bytes).
    Removing stm32h7xx_hal_hsem.o(i.HAL_HSEM_Take), (40 bytes).
    Removing stm32h7xx_hal_dma.o(.rev16_text), (4 bytes).
    Removing stm32h7xx_hal_dma.o(.revsh_text), (4 bytes).
    Removing stm32h7xx_hal_dma.o(.rrx_text), (6 bytes).
    Removing stm32h7xx_hal_dma.o(i.DMA_CalcBaseAndBitshift), (180 bytes).
    Removing stm32h7xx_hal_dma.o(i.DMA_CalcDMAMUXChannelBaseAndMask), (156 bytes).
    Removing stm32h7xx_hal_dma.o(i.DMA_CalcDMAMUXRequestGenBaseAndMask), (116 bytes).
    Removing stm32h7xx_hal_dma.o(i.DMA_CheckFifoParam), (84 bytes).
    Removing stm32h7xx_hal_dma.o(i.DMA_SetConfig), (544 bytes).
    Removing stm32h7xx_hal_dma.o(i.HAL_DMA_Abort), (864 bytes).
    Removing stm32h7xx_hal_dma.o(i.HAL_DMA_Abort_IT), (644 bytes).
    Removing stm32h7xx_hal_dma.o(i.HAL_DMA_DeInit), (488 bytes).
    Removing stm32h7xx_hal_dma.o(i.HAL_DMA_GetError), (4 bytes).
    Removing stm32h7xx_hal_dma.o(i.HAL_DMA_GetState), (6 bytes).
    Removing stm32h7xx_hal_dma.o(i.HAL_DMA_IRQHandler), (1768 bytes).
    Removing stm32h7xx_hal_dma.o(i.HAL_DMA_Init), (964 bytes).
    Removing stm32h7xx_hal_dma.o(i.HAL_DMA_PollForTransfer), (1118 bytes).
    Removing stm32h7xx_hal_dma.o(i.HAL_DMA_RegisterCallback), (90 bytes).
    Removing stm32h7xx_hal_dma.o(i.HAL_DMA_Start), (368 bytes).
    Removing stm32h7xx_hal_dma.o(i.HAL_DMA_Start_IT), (668 bytes).
    Removing stm32h7xx_hal_dma.o(i.HAL_DMA_UnRegisterCallback), (104 bytes).
    Removing stm32h7xx_hal_dma.o(.constdata), (8 bytes).
    Removing stm32h7xx_hal_dma_ex.o(.rev16_text), (4 bytes).
    Removing stm32h7xx_hal_dma_ex.o(.revsh_text), (4 bytes).
    Removing stm32h7xx_hal_dma_ex.o(.rrx_text), (6 bytes).
    Removing stm32h7xx_hal_dma_ex.o(i.DMA_MultiBufferSetConfig), (160 bytes).
    Removing stm32h7xx_hal_dma_ex.o(i.HAL_DMAEx_ChangeMemory), (144 bytes).
    Removing stm32h7xx_hal_dma_ex.o(i.HAL_DMAEx_ConfigMuxRequestGenerator), (176 bytes).
    Removing stm32h7xx_hal_dma_ex.o(i.HAL_DMAEx_ConfigMuxSync), (216 bytes).
    Removing stm32h7xx_hal_dma_ex.o(i.HAL_DMAEx_DisableMuxRequestGenerator), (26 bytes).
    Removing stm32h7xx_hal_dma_ex.o(i.HAL_DMAEx_EnableMuxRequestGenerator), (26 bytes).
    Removing stm32h7xx_hal_dma_ex.o(i.HAL_DMAEx_MUX_IRQHandler), (100 bytes).
    Removing stm32h7xx_hal_dma_ex.o(i.HAL_DMAEx_MultiBufferStart), (640 bytes).
    Removing stm32h7xx_hal_dma_ex.o(i.HAL_DMAEx_MultiBufferStart_IT), (1128 bytes).
    Removing stm32h7xx_hal_mdma.o(.rev16_text), (4 bytes).
    Removing stm32h7xx_hal_mdma.o(.revsh_text), (4 bytes).
    Removing stm32h7xx_hal_mdma.o(.rrx_text), (6 bytes).
    Removing stm32h7xx_hal_mdma.o(i.HAL_MDMA_Abort), (116 bytes).
    Removing stm32h7xx_hal_mdma.o(i.HAL_MDMA_Abort_IT), (38 bytes).
    Removing stm32h7xx_hal_mdma.o(i.HAL_MDMA_ConfigPostRequestMask), (88 bytes).
    Removing stm32h7xx_hal_mdma.o(i.HAL_MDMA_DeInit), (86 bytes).
    Removing stm32h7xx_hal_mdma.o(i.HAL_MDMA_GenerateSWRequest), (52 bytes).
    Removing stm32h7xx_hal_mdma.o(i.HAL_MDMA_GetError), (4 bytes).
    Removing stm32h7xx_hal_mdma.o(i.HAL_MDMA_GetState), (6 bytes).
    Removing stm32h7xx_hal_mdma.o(i.HAL_MDMA_IRQHandler), (376 bytes).
    Removing stm32h7xx_hal_mdma.o(i.HAL_MDMA_Init), (94 bytes).
    Removing stm32h7xx_hal_mdma.o(i.HAL_MDMA_LinkedList_AddNode), (208 bytes).
    Removing stm32h7xx_hal_mdma.o(i.HAL_MDMA_LinkedList_CreateNode), (268 bytes).
    Removing stm32h7xx_hal_mdma.o(i.HAL_MDMA_LinkedList_DisableCircularMode), (78 bytes).
    Removing stm32h7xx_hal_mdma.o(i.HAL_MDMA_LinkedList_EnableCircularMode), (78 bytes).
    Removing stm32h7xx_hal_mdma.o(i.HAL_MDMA_LinkedList_RemoveNode), (188 bytes).
    Removing stm32h7xx_hal_mdma.o(i.HAL_MDMA_PollForTransfer), (246 bytes).
    Removing stm32h7xx_hal_mdma.o(i.HAL_MDMA_RegisterCallback), (88 bytes).
    Removing stm32h7xx_hal_mdma.o(i.HAL_MDMA_Start), (102 bytes).
    Removing stm32h7xx_hal_mdma.o(i.HAL_MDMA_Start_IT), (154 bytes).
    Removing stm32h7xx_hal_mdma.o(i.HAL_MDMA_UnRegisterCallback), (104 bytes).
    Removing stm32h7xx_hal_mdma.o(i.MDMA_Init), (176 bytes).
    Removing stm32h7xx_hal_mdma.o(i.MDMA_SetConfig), (128 bytes).
    Removing stm32h7xx_hal_pwr.o(.rev16_text), (4 bytes).
    Removing stm32h7xx_hal_pwr.o(.revsh_text), (4 bytes).
    Removing stm32h7xx_hal_pwr.o(.rrx_text), (6 bytes).
    Removing stm32h7xx_hal_pwr.o(i.HAL_PWR_ConfigPVD), (136 bytes).
    Removing stm32h7xx_hal_pwr.o(i.HAL_PWR_DeInit), (2 bytes).
    Removing stm32h7xx_hal_pwr.o(i.HAL_PWR_DisableBkUpAccess), (16 bytes).
    Removing stm32h7xx_hal_pwr.o(i.HAL_PWR_DisablePVD), (16 bytes).
    Removing stm32h7xx_hal_pwr.o(i.HAL_PWR_DisableSEVOnPend), (16 bytes).
    Removing stm32h7xx_hal_pwr.o(i.HAL_PWR_DisableSleepOnExit), (16 bytes).
    Removing stm32h7xx_hal_pwr.o(i.HAL_PWR_DisableWakeUpPin), (20 bytes).
    Removing stm32h7xx_hal_pwr.o(i.HAL_PWR_EnableBkUpAccess), (16 bytes).
    Removing stm32h7xx_hal_pwr.o(i.HAL_PWR_EnablePVD), (16 bytes).
    Removing stm32h7xx_hal_pwr.o(i.HAL_PWR_EnableSEVOnPend), (16 bytes).
    Removing stm32h7xx_hal_pwr.o(i.HAL_PWR_EnableSleepOnExit), (16 bytes).
    Removing stm32h7xx_hal_pwr.o(i.HAL_PWR_EnableWakeUpPin), (24 bytes).
    Removing stm32h7xx_hal_pwr.o(i.HAL_PWR_EnterSLEEPMode), (28 bytes).
    Removing stm32h7xx_hal_pwr.o(i.HAL_PWR_EnterSTANDBYMode), (48 bytes).
    Removing stm32h7xx_hal_pwr.o(i.HAL_PWR_EnterSTOPMode), (80 bytes).
    Removing stm32h7xx_hal_pwr.o(i.HAL_PWR_PVDCallback), (2 bytes).
    Removing stm32h7xx_hal_pwr.o(i.HAL_PWR_PVD_IRQHandler), (34 bytes).
    Removing stm32h7xx_hal_pwr_ex.o(.rev16_text), (4 bytes).
    Removing stm32h7xx_hal_pwr_ex.o(.revsh_text), (4 bytes).
    Removing stm32h7xx_hal_pwr_ex.o(.rrx_text), (6 bytes).
    Removing stm32h7xx_hal_pwr_ex.o(i.HAL_PWREx_AVDCallback), (2 bytes).
    Removing stm32h7xx_hal_pwr_ex.o(i.HAL_PWREx_ClearPendingEvent), (4 bytes).
    Removing stm32h7xx_hal_pwr_ex.o(i.HAL_PWREx_ClearWakeupFlag), (28 bytes).
    Removing stm32h7xx_hal_pwr_ex.o(i.HAL_PWREx_ConfigAVD), (132 bytes).
    Removing stm32h7xx_hal_pwr_ex.o(i.HAL_PWREx_ConfigD3Domain), (20 bytes).
    Removing stm32h7xx_hal_pwr_ex.o(i.HAL_PWREx_ControlStopModeVoltageScaling), (20 bytes).
    Removing stm32h7xx_hal_pwr_ex.o(i.HAL_PWREx_ControlVoltageScaling), (204 bytes).
    Removing stm32h7xx_hal_pwr_ex.o(i.HAL_PWREx_DisableAVD), (16 bytes).
    Removing stm32h7xx_hal_pwr_ex.o(i.HAL_PWREx_DisableBatteryCharging), (16 bytes).
    Removing stm32h7xx_hal_pwr_ex.o(i.HAL_PWREx_DisableBkUpReg), (56 bytes).
    Removing stm32h7xx_hal_pwr_ex.o(i.HAL_PWREx_DisableFlashPowerDown), (16 bytes).
    Removing stm32h7xx_hal_pwr_ex.o(i.HAL_PWREx_DisableMonitoring), (16 bytes).
    Removing stm32h7xx_hal_pwr_ex.o(i.HAL_PWREx_DisableUSBReg), (56 bytes).
    Removing stm32h7xx_hal_pwr_ex.o(i.HAL_PWREx_DisableUSBVoltageDetector), (16 bytes).
    Removing stm32h7xx_hal_pwr_ex.o(i.HAL_PWREx_DisableWakeUpPin), (16 bytes).
    Removing stm32h7xx_hal_pwr_ex.o(i.HAL_PWREx_EnableAVD), (16 bytes).
    Removing stm32h7xx_hal_pwr_ex.o(i.HAL_PWREx_EnableBatteryCharging), (28 bytes).
    Removing stm32h7xx_hal_pwr_ex.o(i.HAL_PWREx_EnableBkUpReg), (56 bytes).
    Removing stm32h7xx_hal_pwr_ex.o(i.HAL_PWREx_EnableFlashPowerDown), (16 bytes).
    Removing stm32h7xx_hal_pwr_ex.o(i.HAL_PWREx_EnableMonitoring), (16 bytes).
    Removing stm32h7xx_hal_pwr_ex.o(i.HAL_PWREx_EnableUSBReg), (56 bytes).
    Removing stm32h7xx_hal_pwr_ex.o(i.HAL_PWREx_EnableUSBVoltageDetector), (16 bytes).
    Removing stm32h7xx_hal_pwr_ex.o(i.HAL_PWREx_EnableWakeUpPin), (136 bytes).
    Removing stm32h7xx_hal_pwr_ex.o(i.HAL_PWREx_EnterSTANDBYMode), (56 bytes).
    Removing stm32h7xx_hal_pwr_ex.o(i.HAL_PWREx_EnterSTOPMode), (100 bytes).
    Removing stm32h7xx_hal_pwr_ex.o(i.HAL_PWREx_GetStopModeVoltageRange), (16 bytes).
    Removing stm32h7xx_hal_pwr_ex.o(i.HAL_PWREx_GetSupplyConfig), (16 bytes).
    Removing stm32h7xx_hal_pwr_ex.o(i.HAL_PWREx_GetTemperatureLevel), (32 bytes).
    Removing stm32h7xx_hal_pwr_ex.o(i.HAL_PWREx_GetVBATLevel), (32 bytes).
    Removing stm32h7xx_hal_pwr_ex.o(i.HAL_PWREx_GetVoltageRange), (16 bytes).
    Removing stm32h7xx_hal_pwr_ex.o(i.HAL_PWREx_GetWakeupFlag), (12 bytes).
    Removing stm32h7xx_hal_pwr_ex.o(i.HAL_PWREx_PVD_AVD_IRQHandler), (96 bytes).
    Removing stm32h7xx_hal_pwr_ex.o(i.HAL_PWREx_WAKEUP_PIN_IRQHandler), (124 bytes).
    Removing stm32h7xx_hal_pwr_ex.o(i.HAL_PWREx_WKUP1_Callback), (2 bytes).
    Removing stm32h7xx_hal_pwr_ex.o(i.HAL_PWREx_WKUP2_Callback), (2 bytes).
    Removing stm32h7xx_hal_pwr_ex.o(i.HAL_PWREx_WKUP3_Callback), (2 bytes).
    Removing stm32h7xx_hal_pwr_ex.o(i.HAL_PWREx_WKUP4_Callback), (2 bytes).
    Removing stm32h7xx_hal_pwr_ex.o(i.HAL_PWREx_WKUP5_Callback), (2 bytes).
    Removing stm32h7xx_hal_pwr_ex.o(i.HAL_PWREx_WKUP6_Callback), (2 bytes).
    Removing stm32h7xx_hal.o(.rev16_text), (4 bytes).
    Removing stm32h7xx_hal.o(.revsh_text), (4 bytes).
    Removing stm32h7xx_hal.o(.rrx_text), (6 bytes).
    Removing stm32h7xx_hal.o(i.HAL_DBGMCU_DisableDBGSleepMode), (16 bytes).
    Removing stm32h7xx_hal.o(i.HAL_DBGMCU_DisableDBGStandbyMode), (16 bytes).
    Removing stm32h7xx_hal.o(i.HAL_DBGMCU_DisableDBGStopMode), (16 bytes).
    Removing stm32h7xx_hal.o(i.HAL_DBGMCU_EnableDBGSleepMode), (16 bytes).
    Removing stm32h7xx_hal.o(i.HAL_DBGMCU_EnableDBGStandbyMode), (16 bytes).
    Removing stm32h7xx_hal.o(i.HAL_DBGMCU_EnableDBGStopMode), (16 bytes).
    Removing stm32h7xx_hal.o(i.HAL_DeInit), (120 bytes).
    Removing stm32h7xx_hal.o(i.HAL_DisableCompensationCell), (16 bytes).
    Removing stm32h7xx_hal.o(i.HAL_EXTI_D1_ClearFlag), (22 bytes).
    Removing stm32h7xx_hal.o(i.HAL_EXTI_D1_EventInputConfig), (66 bytes).
    Removing stm32h7xx_hal.o(i.HAL_EXTI_D3_EventInputConfig), (70 bytes).
    Removing stm32h7xx_hal.o(i.HAL_EXTI_EdgeConfig), (58 bytes).
    Removing stm32h7xx_hal.o(i.HAL_EXTI_GenerateSWInterrupt), (24 bytes).
    Removing stm32h7xx_hal.o(i.HAL_EnableCompensationCell), (16 bytes).
    Removing stm32h7xx_hal.o(i.HAL_GetDEVID), (16 bytes).
    Removing stm32h7xx_hal.o(i.HAL_GetFMCMemorySwappingConfig), (16 bytes).
    Removing stm32h7xx_hal.o(i.HAL_GetHalVersion), (8 bytes).
    Removing stm32h7xx_hal.o(i.HAL_GetTickFreq), (12 bytes).
    Removing stm32h7xx_hal.o(i.HAL_GetTickPrio), (12 bytes).
    Removing stm32h7xx_hal.o(i.HAL_GetUIDw0), (12 bytes).
    Removing stm32h7xx_hal.o(i.HAL_GetUIDw1), (12 bytes).
    Removing stm32h7xx_hal.o(i.HAL_GetUIDw2), (12 bytes).
    Removing stm32h7xx_hal.o(i.HAL_MspDeInit), (2 bytes).
    Removing stm32h7xx_hal.o(i.HAL_MspInit), (2 bytes).
    Removing stm32h7xx_hal.o(i.HAL_ResumeTick), (14 bytes).
    Removing stm32h7xx_hal.o(i.HAL_SYSCFG_AnalogSwitchConfig), (16 bytes).
    Removing stm32h7xx_hal.o(i.HAL_SYSCFG_CM7BootAddConfig), (36 bytes).
    Removing stm32h7xx_hal.o(i.HAL_SYSCFG_CompensationCodeConfig), (24 bytes).
    Removing stm32h7xx_hal.o(i.HAL_SYSCFG_CompensationCodeSelect), (20 bytes).
    Removing stm32h7xx_hal.o(i.HAL_SYSCFG_DisableBOOST), (16 bytes).
    Removing stm32h7xx_hal.o(i.HAL_SYSCFG_DisableIOSpeedOptimize), (16 bytes).
    Removing stm32h7xx_hal.o(i.HAL_SYSCFG_DisableVREFBUF), (16 bytes).
    Removing stm32h7xx_hal.o(i.HAL_SYSCFG_ETHInterfaceSelect), (20 bytes).
    Removing stm32h7xx_hal.o(i.HAL_SYSCFG_EnableBOOST), (16 bytes).
    Removing stm32h7xx_hal.o(i.HAL_SYSCFG_EnableIOSpeedOptimize), (16 bytes).
    Removing stm32h7xx_hal.o(i.HAL_SYSCFG_EnableVREFBUF), (48 bytes).
    Removing stm32h7xx_hal.o(i.HAL_SYSCFG_VREFBUF_HighImpedanceConfig), (20 bytes).
    Removing stm32h7xx_hal.o(i.HAL_SYSCFG_VREFBUF_TrimmingConfig), (20 bytes).
    Removing stm32h7xx_hal.o(i.HAL_SYSCFG_VREFBUF_VoltageScalingConfig), (20 bytes).
    Removing stm32h7xx_hal.o(i.HAL_SetFMCMemorySwappingConfig), (20 bytes).
    Removing stm32h7xx_hal.o(i.HAL_SetTickFreq), (36 bytes).
    Removing stm32h7xx_hal.o(i.HAL_SuspendTick), (14 bytes).
    Removing stm32h7xx_hal_i2c.o(.rev16_text), (4 bytes).
    Removing stm32h7xx_hal_i2c.o(.revsh_text), (4 bytes).
    Removing stm32h7xx_hal_i2c.o(.rrx_text), (6 bytes).
    Removing stm32h7xx_hal_i2c.o(i.HAL_I2C_AbortCpltCallback), (2 bytes).
    Removing stm32h7xx_hal_i2c.o(i.HAL_I2C_AddrCallback), (2 bytes).
    Removing stm32h7xx_hal_i2c.o(i.HAL_I2C_DeInit), (52 bytes).
    Removing stm32h7xx_hal_i2c.o(i.HAL_I2C_DisableListen_IT), (54 bytes).
    Removing stm32h7xx_hal_i2c.o(i.HAL_I2C_ER_IRQHandler), (104 bytes).
    Removing stm32h7xx_hal_i2c.o(i.HAL_I2C_EV_IRQHandler), (16 bytes).
    Removing stm32h7xx_hal_i2c.o(i.HAL_I2C_EnableListen_IT), (40 bytes).
    Removing stm32h7xx_hal_i2c.o(i.HAL_I2C_ErrorCallback), (2 bytes).
    Removing stm32h7xx_hal_i2c.o(i.HAL_I2C_GetError), (4 bytes).
    Removing stm32h7xx_hal_i2c.o(i.HAL_I2C_GetMode), (6 bytes).
    Removing stm32h7xx_hal_i2c.o(i.HAL_I2C_GetState), (6 bytes).
    Removing stm32h7xx_hal_i2c.o(i.HAL_I2C_Init), (192 bytes).
    Removing stm32h7xx_hal_i2c.o(i.HAL_I2C_IsDeviceReady), (256 bytes).
    Removing stm32h7xx_hal_i2c.o(i.HAL_I2C_ListenCpltCallback), (2 bytes).
    Removing stm32h7xx_hal_i2c.o(i.HAL_I2C_MasterRxCpltCallback), (2 bytes).
    Removing stm32h7xx_hal_i2c.o(i.HAL_I2C_MasterTxCpltCallback), (2 bytes).
    Removing stm32h7xx_hal_i2c.o(i.HAL_I2C_Master_Abort_IT), (124 bytes).
    Removing stm32h7xx_hal_i2c.o(i.HAL_I2C_Master_Receive), (292 bytes).
    Removing stm32h7xx_hal_i2c.o(i.HAL_I2C_Master_Receive_DMA), (300 bytes).
    Removing stm32h7xx_hal_i2c.o(i.HAL_I2C_Master_Receive_IT), (132 bytes).
    Removing stm32h7xx_hal_i2c.o(i.HAL_I2C_Master_Seq_Receive_DMA), (324 bytes).
    Removing stm32h7xx_hal_i2c.o(i.HAL_I2C_Master_Seq_Receive_IT), (160 bytes).
    Removing stm32h7xx_hal_i2c.o(i.HAL_I2C_Master_Seq_Transmit_DMA), (400 bytes).
    Removing stm32h7xx_hal_i2c.o(i.HAL_I2C_Master_Seq_Transmit_IT), (224 bytes).
    Removing stm32h7xx_hal_i2c.o(i.HAL_I2C_Master_Transmit), (332 bytes).
    Removing stm32h7xx_hal_i2c.o(i.HAL_I2C_Master_Transmit_DMA), (340 bytes).
    Removing stm32h7xx_hal_i2c.o(i.HAL_I2C_Master_Transmit_IT), (172 bytes).
    Removing stm32h7xx_hal_i2c.o(i.HAL_I2C_MemRxCpltCallback), (2 bytes).
    Removing stm32h7xx_hal_i2c.o(i.HAL_I2C_MemTxCpltCallback), (2 bytes).
    Removing stm32h7xx_hal_i2c.o(i.HAL_I2C_Mem_Read), (356 bytes).
    Removing stm32h7xx_hal_i2c.o(i.HAL_I2C_Mem_Read_DMA), (280 bytes).
    Removing stm32h7xx_hal_i2c.o(i.HAL_I2C_Mem_Read_IT), (168 bytes).
    Removing stm32h7xx_hal_i2c.o(i.HAL_I2C_Mem_Write), (344 bytes).
    Removing stm32h7xx_hal_i2c.o(i.HAL_I2C_Mem_Write_DMA), (272 bytes).
    Removing stm32h7xx_hal_i2c.o(i.HAL_I2C_Mem_Write_IT), (176 bytes).
    Removing stm32h7xx_hal_i2c.o(i.HAL_I2C_MspDeInit), (2 bytes).
    Removing stm32h7xx_hal_i2c.o(i.HAL_I2C_MspInit), (2 bytes).
    Removing stm32h7xx_hal_i2c.o(i.HAL_I2C_SlaveRxCpltCallback), (2 bytes).
    Removing stm32h7xx_hal_i2c.o(i.HAL_I2C_SlaveTxCpltCallback), (2 bytes).
    Removing stm32h7xx_hal_i2c.o(i.HAL_I2C_Slave_Receive), (312 bytes).
    Removing stm32h7xx_hal_i2c.o(i.HAL_I2C_Slave_Receive_DMA), (232 bytes).
    Removing stm32h7xx_hal_i2c.o(i.HAL_I2C_Slave_Receive_IT), (96 bytes).
    Removing stm32h7xx_hal_i2c.o(i.HAL_I2C_Slave_Seq_Receive_DMA), (368 bytes).
    Removing stm32h7xx_hal_i2c.o(i.HAL_I2C_Slave_Seq_Receive_IT), (208 bytes).
    Removing stm32h7xx_hal_i2c.o(i.HAL_I2C_Slave_Seq_Transmit_DMA), (364 bytes).
    Removing stm32h7xx_hal_i2c.o(i.HAL_I2C_Slave_Seq_Transmit_IT), (208 bytes).
    Removing stm32h7xx_hal_i2c.o(i.HAL_I2C_Slave_Transmit), (364 bytes).
    Removing stm32h7xx_hal_i2c.o(i.HAL_I2C_Slave_Transmit_DMA), (280 bytes).
    Removing stm32h7xx_hal_i2c.o(i.HAL_I2C_Slave_Transmit_IT), (128 bytes).
    Removing stm32h7xx_hal_i2c.o(i.I2C_ConvertOtherXferOptions), (26 bytes).
    Removing stm32h7xx_hal_i2c.o(i.I2C_DMAAbort), (20 bytes).
    Removing stm32h7xx_hal_i2c.o(i.I2C_DMAError), (332 bytes).
    Removing stm32h7xx_hal_i2c.o(i.I2C_DMAMasterReceiveCplt), (82 bytes).
    Removing stm32h7xx_hal_i2c.o(i.I2C_DMAMasterTransmitCplt), (82 bytes).
    Removing stm32h7xx_hal_i2c.o(i.I2C_DMASlaveReceiveCplt), (164 bytes).
    Removing stm32h7xx_hal_i2c.o(i.I2C_DMASlaveTransmitCplt), (30 bytes).
    Removing stm32h7xx_hal_i2c.o(i.I2C_Disable_IRQ), (96 bytes).
    Removing stm32h7xx_hal_i2c.o(i.I2C_Enable_IRQ), (136 bytes).
    Removing stm32h7xx_hal_i2c.o(i.I2C_Flush_TXDR), (34 bytes).
    Removing stm32h7xx_hal_i2c.o(i.I2C_ITAddrCplt), (148 bytes).
    Removing stm32h7xx_hal_i2c.o(i.I2C_ITError), (288 bytes).
    Removing stm32h7xx_hal_i2c.o(i.I2C_ITListenCplt), (100 bytes).
    Removing stm32h7xx_hal_i2c.o(i.I2C_ITMasterCplt), (244 bytes).
    Removing stm32h7xx_hal_i2c.o(i.I2C_ITMasterSeqCplt), (80 bytes).
    Removing stm32h7xx_hal_i2c.o(i.I2C_ITSlaveCplt), (592 bytes).
    Removing stm32h7xx_hal_i2c.o(i.I2C_ITSlaveSeqCplt), (114 bytes).
    Removing stm32h7xx_hal_i2c.o(i.I2C_IsErrorOccurred), (272 bytes).
    Removing stm32h7xx_hal_i2c.o(i.I2C_Master_ISR_DMA), (272 bytes).
    Removing stm32h7xx_hal_i2c.o(i.I2C_Master_ISR_IT), (304 bytes).
    Removing stm32h7xx_hal_i2c.o(i.I2C_Mem_ISR_DMA), (316 bytes).
    Removing stm32h7xx_hal_i2c.o(i.I2C_Mem_ISR_IT), (328 bytes).
    Removing stm32h7xx_hal_i2c.o(i.I2C_RequestMemoryRead), (100 bytes).
    Removing stm32h7xx_hal_i2c.o(i.I2C_RequestMemoryWrite), (100 bytes).
    Removing stm32h7xx_hal_i2c.o(i.I2C_Slave_ISR_DMA), (524 bytes).
    Removing stm32h7xx_hal_i2c.o(i.I2C_Slave_ISR_IT), (280 bytes).
    Removing stm32h7xx_hal_i2c.o(i.I2C_TransferConfig), (48 bytes).
    Removing stm32h7xx_hal_i2c.o(i.I2C_TreatErrorCallback), (42 bytes).
    Removing stm32h7xx_hal_i2c.o(i.I2C_WaitOnFlagUntilTimeout), (124 bytes).
    Removing stm32h7xx_hal_i2c.o(i.I2C_WaitOnRXNEFlagUntilTimeout), (168 bytes).
    Removing stm32h7xx_hal_i2c.o(i.I2C_WaitOnSTOPFlagUntilTimeout), (88 bytes).
    Removing stm32h7xx_hal_i2c.o(i.I2C_WaitOnTXISFlagUntilTimeout), (92 bytes).
    Removing stm32h7xx_hal_i2c_ex.o(.rev16_text), (4 bytes).
    Removing stm32h7xx_hal_i2c_ex.o(.revsh_text), (4 bytes).
    Removing stm32h7xx_hal_i2c_ex.o(.rrx_text), (6 bytes).
    Removing stm32h7xx_hal_i2c_ex.o(i.HAL_I2CEx_ConfigAnalogFilter), (88 bytes).
    Removing stm32h7xx_hal_i2c_ex.o(i.HAL_I2CEx_ConfigDigitalFilter), (84 bytes).
    Removing stm32h7xx_hal_i2c_ex.o(i.HAL_I2CEx_DisableFastModePlus), (40 bytes).
    Removing stm32h7xx_hal_i2c_ex.o(i.HAL_I2CEx_DisableWakeUp), (80 bytes).
    Removing stm32h7xx_hal_i2c_ex.o(i.HAL_I2CEx_EnableFastModePlus), (40 bytes).
    Removing stm32h7xx_hal_i2c_ex.o(i.HAL_I2CEx_EnableWakeUp), (80 bytes).
    Removing stm32h7xx_hal_exti.o(.rev16_text), (4 bytes).
    Removing stm32h7xx_hal_exti.o(.revsh_text), (4 bytes).
    Removing stm32h7xx_hal_exti.o(.rrx_text), (6 bytes).
    Removing stm32h7xx_hal_exti.o(i.HAL_EXTI_ClearConfigLine), (200 bytes).
    Removing stm32h7xx_hal_exti.o(i.HAL_EXTI_ClearPending), (28 bytes).
    Removing stm32h7xx_hal_exti.o(i.HAL_EXTI_GenerateSWI), (28 bytes).
    Removing stm32h7xx_hal_exti.o(i.HAL_EXTI_GetConfigLine), (236 bytes).
    Removing stm32h7xx_hal_exti.o(i.HAL_EXTI_GetHandle), (12 bytes).
    Removing stm32h7xx_hal_exti.o(i.HAL_EXTI_GetPending), (32 bytes).
    Removing stm32h7xx_hal_exti.o(i.HAL_EXTI_IRQHandler), (48 bytes).
    Removing stm32h7xx_hal_exti.o(i.HAL_EXTI_RegisterCallback), (18 bytes).
    Removing stm32h7xx_hal_exti.o(i.HAL_EXTI_SetConfigLine), (268 bytes).
    Removing stm32h7xx_hal_tim.o(.rev16_text), (4 bytes).
    Removing stm32h7xx_hal_tim.o(.revsh_text), (4 bytes).
    Removing stm32h7xx_hal_tim.o(.rrx_text), (6 bytes).
    Removing stm32h7xx_hal_tim_ex.o(.rev16_text), (4 bytes).
    Removing stm32h7xx_hal_tim_ex.o(.revsh_text), (4 bytes).
    Removing stm32h7xx_hal_tim_ex.o(.rrx_text), (6 bytes).
    Removing stm32h7xx_hal_uart.o(.rev16_text), (4 bytes).
    Removing stm32h7xx_hal_uart.o(.revsh_text), (4 bytes).
    Removing stm32h7xx_hal_uart.o(.rrx_text), (6 bytes).
    Removing stm32h7xx_hal_uart.o(i.HAL_HalfDuplex_EnableReceiver), (76 bytes).
    Removing stm32h7xx_hal_uart.o(i.HAL_HalfDuplex_EnableTransmitter), (76 bytes).
    Removing stm32h7xx_hal_uart.o(i.HAL_HalfDuplex_Init), (116 bytes).
    Removing stm32h7xx_hal_uart.o(i.HAL_LIN_Init), (140 bytes).
    Removing stm32h7xx_hal_uart.o(i.HAL_LIN_SendBreak), (50 bytes).
    Removing stm32h7xx_hal_uart.o(i.HAL_MultiProcessor_DisableMuteMode), (52 bytes).
    Removing stm32h7xx_hal_uart.o(i.HAL_MultiProcessor_EnableMuteMode), (52 bytes).
    Removing stm32h7xx_hal_uart.o(i.HAL_MultiProcessor_EnterMuteMode), (12 bytes).
    Removing stm32h7xx_hal_uart.o(i.HAL_MultiProcessor_Init), (138 bytes).
    Removing stm32h7xx_hal_uart.o(i.HAL_UARTEx_RxEventCallback), (2 bytes).
    Removing stm32h7xx_hal_uart.o(i.HAL_UART_Abort), (256 bytes).
    Removing stm32h7xx_hal_uart.o(i.HAL_UART_AbortCpltCallback), (2 bytes).
    Removing stm32h7xx_hal_uart.o(i.HAL_UART_AbortReceive), (172 bytes).
    Removing stm32h7xx_hal_uart.o(i.HAL_UART_AbortReceiveCpltCallback), (2 bytes).
    Removing stm32h7xx_hal_uart.o(i.HAL_UART_AbortReceive_IT), (188 bytes).
    Removing stm32h7xx_hal_uart.o(i.HAL_UART_AbortTransmit), (140 bytes).
    Removing stm32h7xx_hal_uart.o(i.HAL_UART_AbortTransmitCpltCallback), (2 bytes).
    Removing stm32h7xx_hal_uart.o(i.HAL_UART_AbortTransmit_IT), (152 bytes).
    Removing stm32h7xx_hal_uart.o(i.HAL_UART_Abort_IT), (292 bytes).
    Removing stm32h7xx_hal_uart.o(i.HAL_UART_DMAPause), (116 bytes).
    Removing stm32h7xx_hal_uart.o(i.HAL_UART_DMAResume), (108 bytes).
    Removing stm32h7xx_hal_uart.o(i.HAL_UART_DMAStop), (146 bytes).
    Removing stm32h7xx_hal_uart.o(i.HAL_UART_DeInit), (70 bytes).
    Removing stm32h7xx_hal_uart.o(i.HAL_UART_DisableReceiverTimeout), (76 bytes).
    Removing stm32h7xx_hal_uart.o(i.HAL_UART_EnableReceiverTimeout), (76 bytes).
    Removing stm32h7xx_hal_uart.o(i.HAL_UART_ErrorCallback), (2 bytes).
    Removing stm32h7xx_hal_uart.o(i.HAL_UART_GetError), (6 bytes).
    Removing stm32h7xx_hal_uart.o(i.HAL_UART_GetState), (14 bytes).
    Removing stm32h7xx_hal_uart.o(i.HAL_UART_IRQHandler), (904 bytes).
    Removing stm32h7xx_hal_uart.o(i.HAL_UART_MspDeInit), (2 bytes).
    Removing stm32h7xx_hal_uart.o(i.HAL_UART_MspInit), (2 bytes).
    Removing stm32h7xx_hal_uart.o(i.HAL_UART_Receive), (232 bytes).
    Removing stm32h7xx_hal_uart.o(i.HAL_UART_Receive_DMA), (72 bytes).
    Removing stm32h7xx_hal_uart.o(i.HAL_UART_Receive_IT), (72 bytes).
    Removing stm32h7xx_hal_uart.o(i.HAL_UART_ReceiverTimeout_Config), (24 bytes).
    Removing stm32h7xx_hal_uart.o(i.HAL_UART_RxCpltCallback), (2 bytes).
    Removing stm32h7xx_hal_uart.o(i.HAL_UART_RxHalfCpltCallback), (2 bytes).
    Removing stm32h7xx_hal_uart.o(i.HAL_UART_Transmit), (176 bytes).
    Removing stm32h7xx_hal_uart.o(i.HAL_UART_Transmit_DMA), (144 bytes).
    Removing stm32h7xx_hal_uart.o(i.HAL_UART_Transmit_IT), (152 bytes).
    Removing stm32h7xx_hal_uart.o(i.HAL_UART_TxCpltCallback), (2 bytes).
    Removing stm32h7xx_hal_uart.o(i.HAL_UART_TxHalfCpltCallback), (2 bytes).
    Removing stm32h7xx_hal_uart.o(i.UART_DMAAbortOnError), (20 bytes).
    Removing stm32h7xx_hal_uart.o(i.UART_DMAError), (78 bytes).
    Removing stm32h7xx_hal_uart.o(i.UART_DMAReceiveCplt), (130 bytes).
    Removing stm32h7xx_hal_uart.o(i.UART_DMARxAbortCallback), (68 bytes).
    Removing stm32h7xx_hal_uart.o(i.UART_DMARxHalfCplt), (32 bytes).
    Removing stm32h7xx_hal_uart.o(i.UART_DMARxOnlyAbortCallback), (40 bytes).
    Removing stm32h7xx_hal_uart.o(i.UART_DMATransmitCplt), (64 bytes).
    Removing stm32h7xx_hal_uart.o(i.UART_DMATxAbortCallback), (76 bytes).
    Removing stm32h7xx_hal_uart.o(i.UART_DMATxHalfCplt), (10 bytes).
    Removing stm32h7xx_hal_uart.o(i.UART_DMATxOnlyAbortCallback), (40 bytes).
    Removing stm32h7xx_hal_uart.o(i.UART_EndTxTransfer), (46 bytes).
    Removing stm32h7xx_hal_uart.o(i.UART_RxISR_16BIT), (200 bytes).
    Removing stm32h7xx_hal_uart.o(i.UART_RxISR_16BIT_FIFOEN), (416 bytes).
    Removing stm32h7xx_hal_uart.o(i.UART_RxISR_8BIT), (200 bytes).
    Removing stm32h7xx_hal_uart.o(i.UART_RxISR_8BIT_FIFOEN), (416 bytes).
    Removing stm32h7xx_hal_uart.o(i.UART_Start_Receive_DMA), (168 bytes).
    Removing stm32h7xx_hal_uart.o(i.UART_Start_Receive_IT), (272 bytes).
    Removing stm32h7xx_hal_uart.o(i.UART_TxISR_16BIT), (82 bytes).
    Removing stm32h7xx_hal_uart.o(i.UART_TxISR_16BIT_FIFOEN), (106 bytes).
    Removing stm32h7xx_hal_uart.o(i.UART_TxISR_8BIT), (78 bytes).
    Removing stm32h7xx_hal_uart.o(i.UART_TxISR_8BIT_FIFOEN), (102 bytes).
    Removing stm32h7xx_hal_uart_ex.o(.rev16_text), (4 bytes).
    Removing stm32h7xx_hal_uart_ex.o(.revsh_text), (4 bytes).
    Removing stm32h7xx_hal_uart_ex.o(.rrx_text), (6 bytes).
    Removing stm32h7xx_hal_uart_ex.o(i.HAL_MultiProcessorEx_AddressLength_Set), (48 bytes).
    Removing stm32h7xx_hal_uart_ex.o(i.HAL_RS485Ex_Init), (140 bytes).
    Removing stm32h7xx_hal_uart_ex.o(i.HAL_UARTEx_DisableStopMode), (46 bytes).
    Removing stm32h7xx_hal_uart_ex.o(i.HAL_UARTEx_EnableFifoMode), (72 bytes).
    Removing stm32h7xx_hal_uart_ex.o(i.HAL_UARTEx_EnableStopMode), (46 bytes).
    Removing stm32h7xx_hal_uart_ex.o(i.HAL_UARTEx_GetRxEventType), (4 bytes).
    Removing stm32h7xx_hal_uart_ex.o(i.HAL_UARTEx_ReceiveToIdle), (304 bytes).
    Removing stm32h7xx_hal_uart_ex.o(i.HAL_UARTEx_ReceiveToIdle_DMA), (74 bytes).
    Removing stm32h7xx_hal_uart_ex.o(i.HAL_UARTEx_ReceiveToIdle_IT), (78 bytes).
    Removing stm32h7xx_hal_uart_ex.o(i.HAL_UARTEx_RxFifoFullCallback), (2 bytes).
    Removing stm32h7xx_hal_uart_ex.o(i.HAL_UARTEx_StopModeWakeUpSourceConfig), (140 bytes).
    Removing stm32h7xx_hal_uart_ex.o(i.HAL_UARTEx_TxFifoEmptyCallback), (2 bytes).
    Removing stm32h7xx_hal_uart_ex.o(i.HAL_UARTEx_WakeupCallback), (2 bytes).
    Removing system_stm32h7xx.o(.rev16_text), (4 bytes).
    Removing system_stm32h7xx.o(.revsh_text), (4 bytes).
    Removing system_stm32h7xx.o(.rrx_text), (6 bytes).
    Removing system_stm32h7xx.o(i.SystemCoreClockUpdate), (320 bytes).

520 unused section(s) (total 48854 bytes) removed from the image.

==============================================================================

Image Symbol Table

    Local Symbols

    Symbol Name                              Value     Ov Type        Size  Object(Section)

    ../Core/Src/gpio.c                       0x00000000   Number         0  gpio.o ABSOLUTE
    ../Core/Src/main.c                       0x00000000   Number         0  main.o ABSOLUTE
    ../Core/Src/memorymap.c                  0x00000000   Number         0  memorymap.o ABSOLUTE
    ../Core/Src/stm32h7xx_hal_msp.c          0x00000000   Number         0  stm32h7xx_hal_msp.o ABSOLUTE
    ../Core/Src/stm32h7xx_it.c               0x00000000   Number         0  stm32h7xx_it.o ABSOLUTE
    ../Core/Src/system_stm32h7xx.c           0x00000000   Number         0  system_stm32h7xx.o ABSOLUTE
    ../Core/Src/usart.c                      0x00000000   Number         0  usart.o ABSOLUTE
    ../Drivers/STM32H7xx_HAL_Driver/Src/stm32h7xx_hal.c 0x00000000   Number         0  stm32h7xx_hal.o ABSOLUTE
    ../Drivers/STM32H7xx_HAL_Driver/Src/stm32h7xx_hal_cortex.c 0x00000000   Number         0  stm32h7xx_hal_cortex.o ABSOLUTE
    ../Drivers/STM32H7xx_HAL_Driver/Src/stm32h7xx_hal_dma.c 0x00000000   Number         0  stm32h7xx_hal_dma.o ABSOLUTE
    ../Drivers/STM32H7xx_HAL_Driver/Src/stm32h7xx_hal_dma_ex.c 0x00000000   Number         0  stm32h7xx_hal_dma_ex.o ABSOLUTE
    ../Drivers/STM32H7xx_HAL_Driver/Src/stm32h7xx_hal_exti.c 0x00000000   Number         0  stm32h7xx_hal_exti.o ABSOLUTE
    ../Drivers/STM32H7xx_HAL_Driver/Src/stm32h7xx_hal_flash.c 0x00000000   Number         0  stm32h7xx_hal_flash.o ABSOLUTE
    ../Drivers/STM32H7xx_HAL_Driver/Src/stm32h7xx_hal_flash_ex.c 0x00000000   Number         0  stm32h7xx_hal_flash_ex.o ABSOLUTE
    ../Drivers/STM32H7xx_HAL_Driver/Src/stm32h7xx_hal_gpio.c 0x00000000   Number         0  stm32h7xx_hal_gpio.o ABSOLUTE
    ../Drivers/STM32H7xx_HAL_Driver/Src/stm32h7xx_hal_hsem.c 0x00000000   Number         0  stm32h7xx_hal_hsem.o ABSOLUTE
    ../Drivers/STM32H7xx_HAL_Driver/Src/stm32h7xx_hal_i2c.c 0x00000000   Number         0  stm32h7xx_hal_i2c.o ABSOLUTE
    ../Drivers/STM32H7xx_HAL_Driver/Src/stm32h7xx_hal_i2c_ex.c 0x00000000   Number         0  stm32h7xx_hal_i2c_ex.o ABSOLUTE
    ../Drivers/STM32H7xx_HAL_Driver/Src/stm32h7xx_hal_mdma.c 0x00000000   Number         0  stm32h7xx_hal_mdma.o ABSOLUTE
    ../Drivers/STM32H7xx_HAL_Driver/Src/stm32h7xx_hal_pwr.c 0x00000000   Number         0  stm32h7xx_hal_pwr.o ABSOLUTE
    ../Drivers/STM32H7xx_HAL_Driver/Src/stm32h7xx_hal_pwr_ex.c 0x00000000   Number         0  stm32h7xx_hal_pwr_ex.o ABSOLUTE
    ../Drivers/STM32H7xx_HAL_Driver/Src/stm32h7xx_hal_rcc.c 0x00000000   Number         0  stm32h7xx_hal_rcc.o ABSOLUTE
    ../Drivers/STM32H7xx_HAL_Driver/Src/stm32h7xx_hal_rcc_ex.c 0x00000000   Number         0  stm32h7xx_hal_rcc_ex.o ABSOLUTE
    ../Drivers/STM32H7xx_HAL_Driver/Src/stm32h7xx_hal_tim.c 0x00000000   Number         0  stm32h7xx_hal_tim.o ABSOLUTE
    ../Drivers/STM32H7xx_HAL_Driver/Src/stm32h7xx_hal_tim_ex.c 0x00000000   Number         0  stm32h7xx_hal_tim_ex.o ABSOLUTE
    ../Drivers/STM32H7xx_HAL_Driver/Src/stm32h7xx_hal_uart.c 0x00000000   Number         0  stm32h7xx_hal_uart.o ABSOLUTE
    ../Drivers/STM32H7xx_HAL_Driver/Src/stm32h7xx_hal_uart_ex.c 0x00000000   Number         0  stm32h7xx_hal_uart_ex.o ABSOLUTE
    ../clib/microlib/division.c              0x00000000   Number         0  uldiv.o ABSOLUTE
    ../clib/microlib/init/entry.s            0x00000000   Number         0  entry.o ABSOLUTE
    ../clib/microlib/init/entry.s            0x00000000   Number         0  entry8a.o ABSOLUTE
    ../clib/microlib/init/entry.s            0x00000000   Number         0  entry2.o ABSOLUTE
    ../clib/microlib/init/entry.s            0x00000000   Number         0  entry11b.o ABSOLUTE
    ../clib/microlib/init/entry.s            0x00000000   Number         0  entry11a.o ABSOLUTE
    ../clib/microlib/init/entry.s            0x00000000   Number         0  entry10b.o ABSOLUTE
    ../clib/microlib/init/entry.s            0x00000000   Number         0  entry10a.o ABSOLUTE
    ../clib/microlib/init/entry.s            0x00000000   Number         0  entry9b.o ABSOLUTE
    ../clib/microlib/init/entry.s            0x00000000   Number         0  entry9a.o ABSOLUTE
    ../clib/microlib/init/entry.s            0x00000000   Number         0  entry7b.o ABSOLUTE
    ../clib/microlib/init/entry.s            0x00000000   Number         0  entry7a.o ABSOLUTE
    ../clib/microlib/init/entry.s            0x00000000   Number         0  entry5.o ABSOLUTE
    ../clib/microlib/init/entry.s            0x00000000   Number         0  entry8b.o ABSOLUTE
    ../clib/microlib/longlong.c              0x00000000   Number         0  llshl.o ABSOLUTE
    ../clib/microlib/longlong.c              0x00000000   Number         0  llushr.o ABSOLUTE
    ../clib/microlib/string/memset.c         0x00000000   Number         0  memseta.o ABSOLUTE
    ..\Core\Src\gpio.c                       0x00000000   Number         0  gpio.o ABSOLUTE
    ..\Core\Src\main.c                       0x00000000   Number         0  main.o ABSOLUTE
    ..\Core\Src\memorymap.c                  0x00000000   Number         0  memorymap.o ABSOLUTE
    ..\Core\Src\stm32h7xx_hal_msp.c          0x00000000   Number         0  stm32h7xx_hal_msp.o ABSOLUTE
    ..\Core\Src\stm32h7xx_it.c               0x00000000   Number         0  stm32h7xx_it.o ABSOLUTE
    ..\Core\Src\system_stm32h7xx.c           0x00000000   Number         0  system_stm32h7xx.o ABSOLUTE
    ..\Core\Src\usart.c                      0x00000000   Number         0  usart.o ABSOLUTE
    ..\Drivers\STM32H7xx_HAL_Driver\Src\stm32h7xx_hal.c 0x00000000   Number         0  stm32h7xx_hal.o ABSOLUTE
    ..\Drivers\STM32H7xx_HAL_Driver\Src\stm32h7xx_hal_cortex.c 0x00000000   Number         0  stm32h7xx_hal_cortex.o ABSOLUTE
    ..\Drivers\STM32H7xx_HAL_Driver\Src\stm32h7xx_hal_dma.c 0x00000000   Number         0  stm32h7xx_hal_dma.o ABSOLUTE
    ..\Drivers\STM32H7xx_HAL_Driver\Src\stm32h7xx_hal_dma_ex.c 0x00000000   Number         0  stm32h7xx_hal_dma_ex.o ABSOLUTE
    ..\Drivers\STM32H7xx_HAL_Driver\Src\stm32h7xx_hal_exti.c 0x00000000   Number         0  stm32h7xx_hal_exti.o ABSOLUTE
    ..\Drivers\STM32H7xx_HAL_Driver\Src\stm32h7xx_hal_flash.c 0x00000000   Number         0  stm32h7xx_hal_flash.o ABSOLUTE
    ..\Drivers\STM32H7xx_HAL_Driver\Src\stm32h7xx_hal_flash_ex.c 0x00000000   Number         0  stm32h7xx_hal_flash_ex.o ABSOLUTE
    ..\Drivers\STM32H7xx_HAL_Driver\Src\stm32h7xx_hal_gpio.c 0x00000000   Number         0  stm32h7xx_hal_gpio.o ABSOLUTE
    ..\Drivers\STM32H7xx_HAL_Driver\Src\stm32h7xx_hal_hsem.c 0x00000000   Number         0  stm32h7xx_hal_hsem.o ABSOLUTE
    ..\Drivers\STM32H7xx_HAL_Driver\Src\stm32h7xx_hal_i2c.c 0x00000000   Number         0  stm32h7xx_hal_i2c.o ABSOLUTE
    ..\Drivers\STM32H7xx_HAL_Driver\Src\stm32h7xx_hal_i2c_ex.c 0x00000000   Number         0  stm32h7xx_hal_i2c_ex.o ABSOLUTE
    ..\Drivers\STM32H7xx_HAL_Driver\Src\stm32h7xx_hal_mdma.c 0x00000000   Number         0  stm32h7xx_hal_mdma.o ABSOLUTE
    ..\Drivers\STM32H7xx_HAL_Driver\Src\stm32h7xx_hal_pwr.c 0x00000000   Number         0  stm32h7xx_hal_pwr.o ABSOLUTE
    ..\Drivers\STM32H7xx_HAL_Driver\Src\stm32h7xx_hal_pwr_ex.c 0x00000000   Number         0  stm32h7xx_hal_pwr_ex.o ABSOLUTE
    ..\Drivers\STM32H7xx_HAL_Driver\Src\stm32h7xx_hal_rcc.c 0x00000000   Number         0  stm32h7xx_hal_rcc.o ABSOLUTE
    ..\Drivers\STM32H7xx_HAL_Driver\Src\stm32h7xx_hal_rcc_ex.c 0x00000000   Number         0  stm32h7xx_hal_rcc_ex.o ABSOLUTE
    ..\Drivers\STM32H7xx_HAL_Driver\Src\stm32h7xx_hal_tim.c 0x00000000   Number         0  stm32h7xx_hal_tim.o ABSOLUTE
    ..\Drivers\STM32H7xx_HAL_Driver\Src\stm32h7xx_hal_tim_ex.c 0x00000000   Number         0  stm32h7xx_hal_tim_ex.o ABSOLUTE
    ..\Drivers\STM32H7xx_HAL_Driver\Src\stm32h7xx_hal_uart.c 0x00000000   Number         0  stm32h7xx_hal_uart.o ABSOLUTE
    ..\Drivers\STM32H7xx_HAL_Driver\Src\stm32h7xx_hal_uart_ex.c 0x00000000   Number         0  stm32h7xx_hal_uart_ex.o ABSOLUTE
    ..\User\AT_esp01s\AT_esp_01s.c           0x00000000   Number         0  at_esp_01s.o ABSOLUTE
    ..\User\BH1750\BH71750.c                 0x00000000   Number         0  bh71750.o ABSOLUTE
    ..\User\GPIO_I2C_HAL\i2c_hal.c           0x00000000   Number         0  i2c_hal.o ABSOLUTE
    ..\User\WaterPump\WaterPump.c            0x00000000   Number         0  waterpump.o ABSOLUTE
    ..\\User\\AT_esp01s\\AT_esp_01s.c        0x00000000   Number         0  at_esp_01s.o ABSOLUTE
    ..\\User\\BH1750\\BH71750.c              0x00000000   Number         0  bh71750.o ABSOLUTE
    ..\\User\\GPIO_I2C_HAL\\i2c_hal.c        0x00000000   Number         0  i2c_hal.o ABSOLUTE
    ..\\User\\WaterPump\\WaterPump.c         0x00000000   Number         0  waterpump.o ABSOLUTE
    dc.s                                     0x00000000   Number         0  dc.o ABSOLUTE
    handlers.s                               0x00000000   Number         0  handlers.o ABSOLUTE
    init.s                                   0x00000000   Number         0  init.o ABSOLUTE
    startup_stm32h743xx.s                    0x00000000   Number         0  startup_stm32h743xx.o ABSOLUTE
    RESET                                    0x08000000   Section      664  startup_stm32h743xx.o(RESET)
    .ARM.Collect$$$$00000000                 0x08000298   Section        0  entry.o(.ARM.Collect$$$$00000000)
    .ARM.Collect$$$$00000001                 0x08000298   Section        4  entry2.o(.ARM.Collect$$$$00000001)
    .ARM.Collect$$$$00000004                 0x0800029c   Section        4  entry5.o(.ARM.Collect$$$$00000004)
    .ARM.Collect$$$$00000008                 0x080002a0   Section        0  entry7b.o(.ARM.Collect$$$$00000008)
    .ARM.Collect$$$$0000000A                 0x080002a0   Section        0  entry8b.o(.ARM.Collect$$$$0000000A)
    .ARM.Collect$$$$0000000B                 0x080002a0   Section        8  entry9a.o(.ARM.Collect$$$$0000000B)
    .ARM.Collect$$$$0000000D                 0x080002a8   Section        0  entry10a.o(.ARM.Collect$$$$0000000D)
    .ARM.Collect$$$$0000000F                 0x080002a8   Section        0  entry11a.o(.ARM.Collect$$$$0000000F)
    .ARM.Collect$$$$00002712                 0x080002a8   Section        4  entry2.o(.ARM.Collect$$$$00002712)
    __lit__00000000                          0x080002a8   Data           4  entry2.o(.ARM.Collect$$$$00002712)
    .text                                    0x080002ac   Section       36  startup_stm32h743xx.o(.text)
    $v0                                      0x080002ac   Number         0  startup_stm32h743xx.o(.text)
    .text                                    0x080002d0   Section        0  uldiv.o(.text)
    .text                                    0x08000332   Section        0  memseta.o(.text)
    .text                                    0x08000356   Section        0  llshl.o(.text)
    .text                                    0x08000374   Section        0  llushr.o(.text)
    .text                                    0x08000394   Section       36  init.o(.text)
    i.BusFault_Handler                       0x080003b8   Section        0  stm32h7xx_it.o(i.BusFault_Handler)
    i.DebugMon_Handler                       0x080003ba   Section        0  stm32h7xx_it.o(i.DebugMon_Handler)
    i.Error_Handler                          0x080003bc   Section        0  main.o(i.Error_Handler)
    i.HAL_Delay                              0x080003c0   Section        0  stm32h7xx_hal.o(i.HAL_Delay)
    i.HAL_GPIO_Init                          0x080003e4   Section        0  stm32h7xx_hal_gpio.o(i.HAL_GPIO_Init)
    i.HAL_GPIO_WritePin                      0x08000610   Section        0  stm32h7xx_hal_gpio.o(i.HAL_GPIO_WritePin)
    i.HAL_GetREVID                           0x0800061c   Section        0  stm32h7xx_hal.o(i.HAL_GetREVID)
    i.HAL_GetTick                            0x08000628   Section        0  stm32h7xx_hal.o(i.HAL_GetTick)
    i.HAL_IncTick                            0x08000634   Section        0  stm32h7xx_hal.o(i.HAL_IncTick)
    i.HAL_Init                               0x08000644   Section        0  stm32h7xx_hal.o(i.HAL_Init)
    i.HAL_InitTick                           0x080006a0   Section        0  stm32h7xx_hal.o(i.HAL_InitTick)
    i.HAL_MPU_ConfigRegion                   0x080006e0   Section        0  stm32h7xx_hal_cortex.o(i.HAL_MPU_ConfigRegion)
    i.HAL_MPU_Disable                        0x0800073c   Section        0  stm32h7xx_hal_cortex.o(i.HAL_MPU_Disable)
    i.HAL_MPU_Enable                         0x08000758   Section        0  stm32h7xx_hal_cortex.o(i.HAL_MPU_Enable)
    i.HAL_MspInit                            0x0800077c   Section        0  stm32h7xx_hal_msp.o(i.HAL_MspInit)
    i.HAL_NVIC_SetPriority                   0x08000798   Section        0  stm32h7xx_hal_cortex.o(i.HAL_NVIC_SetPriority)
    i.HAL_NVIC_SetPriorityGrouping           0x080007d8   Section        0  stm32h7xx_hal_cortex.o(i.HAL_NVIC_SetPriorityGrouping)
    i.HAL_PWREx_ConfigSupply                 0x080007fc   Section        0  stm32h7xx_hal_pwr_ex.o(i.HAL_PWREx_ConfigSupply)
    i.HAL_RCCEx_GetD3PCLK1Freq               0x08000850   Section        0  stm32h7xx_hal_rcc_ex.o(i.HAL_RCCEx_GetD3PCLK1Freq)
    i.HAL_RCCEx_GetPLL2ClockFreq             0x08000874   Section        0  stm32h7xx_hal_rcc_ex.o(i.HAL_RCCEx_GetPLL2ClockFreq)
    i.HAL_RCCEx_GetPLL3ClockFreq             0x080009b8   Section        0  stm32h7xx_hal_rcc_ex.o(i.HAL_RCCEx_GetPLL3ClockFreq)
    i.HAL_RCCEx_PeriphCLKConfig              0x08000afc   Section        0  stm32h7xx_hal_rcc_ex.o(i.HAL_RCCEx_PeriphCLKConfig)
    i.HAL_RCC_ClockConfig                    0x080014a8   Section        0  stm32h7xx_hal_rcc.o(i.HAL_RCC_ClockConfig)
    i.HAL_RCC_GetHCLKFreq                    0x08001704   Section        0  stm32h7xx_hal_rcc.o(i.HAL_RCC_GetHCLKFreq)
    i.HAL_RCC_GetPCLK1Freq                   0x08001748   Section        0  stm32h7xx_hal_rcc.o(i.HAL_RCC_GetPCLK1Freq)
    i.HAL_RCC_GetPCLK2Freq                   0x0800176c   Section        0  stm32h7xx_hal_rcc.o(i.HAL_RCC_GetPCLK2Freq)
    i.HAL_RCC_GetSysClockFreq                0x08001790   Section        0  stm32h7xx_hal_rcc.o(i.HAL_RCC_GetSysClockFreq)
    i.HAL_RCC_OscConfig                      0x080018c8   Section        0  stm32h7xx_hal_rcc.o(i.HAL_RCC_OscConfig)
    i.HAL_SYSTICK_Config                     0x08001e4a   Section        0  stm32h7xx_hal_cortex.o(i.HAL_SYSTICK_Config)
    i.HAL_UARTEx_DisableFifoMode             0x08001e70   Section        0  stm32h7xx_hal_uart_ex.o(i.HAL_UARTEx_DisableFifoMode)
    i.HAL_UARTEx_SetRxFifoThreshold          0x08001eb0   Section        0  stm32h7xx_hal_uart_ex.o(i.HAL_UARTEx_SetRxFifoThreshold)
    i.HAL_UARTEx_SetTxFifoThreshold          0x08001efc   Section        0  stm32h7xx_hal_uart_ex.o(i.HAL_UARTEx_SetTxFifoThreshold)
    i.HAL_UART_Init                          0x08001f48   Section        0  stm32h7xx_hal_uart.o(i.HAL_UART_Init)
    i.HAL_UART_MspInit                       0x08001fb4   Section        0  usart.o(i.HAL_UART_MspInit)
    i.HardFault_Handler                      0x0800203c   Section        0  stm32h7xx_it.o(i.HardFault_Handler)
    i.MX_GPIO_Init                           0x08002040   Section        0  gpio.o(i.MX_GPIO_Init)
    i.MX_USART1_UART_Init                    0x0800207c   Section        0  usart.o(i.MX_USART1_UART_Init)
    i.MemManage_Handler                      0x080020e4   Section        0  stm32h7xx_it.o(i.MemManage_Handler)
    i.NMI_Handler                            0x080020e6   Section        0  stm32h7xx_it.o(i.NMI_Handler)
    i.PendSV_Handler                         0x080020e8   Section        0  stm32h7xx_it.o(i.PendSV_Handler)
    i.RCCEx_PLL2_Config                      0x080020ec   Section        0  stm32h7xx_hal_rcc_ex.o(i.RCCEx_PLL2_Config)
    RCCEx_PLL2_Config                        0x080020ed   Thumb Code   284  stm32h7xx_hal_rcc_ex.o(i.RCCEx_PLL2_Config)
    i.RCCEx_PLL3_Config                      0x0800220c   Section        0  stm32h7xx_hal_rcc_ex.o(i.RCCEx_PLL3_Config)
    RCCEx_PLL3_Config                        0x0800220d   Thumb Code   284  stm32h7xx_hal_rcc_ex.o(i.RCCEx_PLL3_Config)
    i.SVC_Handler                            0x0800232c   Section        0  stm32h7xx_it.o(i.SVC_Handler)
    i.SysTick_Handler                        0x0800232e   Section        0  stm32h7xx_it.o(i.SysTick_Handler)
    i.SystemClock_Config                     0x08002334   Section        0  main.o(i.SystemClock_Config)
    i.SystemInit                             0x080023d8   Section        0  system_stm32h7xx.o(i.SystemInit)
    i.UARTEx_SetNbDataToProcess              0x080024b4   Section        0  stm32h7xx_hal_uart_ex.o(i.UARTEx_SetNbDataToProcess)
    UARTEx_SetNbDataToProcess                0x080024b5   Thumb Code    62  stm32h7xx_hal_uart_ex.o(i.UARTEx_SetNbDataToProcess)
    i.UART_AdvFeatureConfig                  0x080024f8   Section        0  stm32h7xx_hal_uart.o(i.UART_AdvFeatureConfig)
    i.UART_CheckIdleState                    0x080025c0   Section        0  stm32h7xx_hal_uart.o(i.UART_CheckIdleState)
    i.UART_EndRxTransfer                     0x0800266c   Section        0  stm32h7xx_hal_uart.o(i.UART_EndRxTransfer)
    UART_EndRxTransfer                       0x0800266d   Thumb Code    78  stm32h7xx_hal_uart.o(i.UART_EndRxTransfer)
    i.UART_SetConfig                         0x080026c0   Section        0  stm32h7xx_hal_uart.o(i.UART_SetConfig)
    i.UART_WaitOnFlagUntilTimeout            0x08002a6c   Section        0  stm32h7xx_hal_uart.o(i.UART_WaitOnFlagUntilTimeout)
    i.UsageFault_Handler                     0x08002b00   Section        0  stm32h7xx_it.o(i.UsageFault_Handler)
    i.WaterPump                              0x08002b04   Section        0  waterpump.o(i.WaterPump)
    i.WaterPump_Init                         0x08002b1c   Section        0  waterpump.o(i.WaterPump_Init)
    i.__NVIC_SetPriority                     0x08002b6c   Section        0  stm32h7xx_hal_cortex.o(i.__NVIC_SetPriority)
    __NVIC_SetPriority                       0x08002b6d   Thumb Code    34  stm32h7xx_hal_cortex.o(i.__NVIC_SetPriority)
    i.__scatterload_copy                     0x08002b8e   Section       14  handlers.o(i.__scatterload_copy)
    i.__scatterload_null                     0x08002b9c   Section        2  handlers.o(i.__scatterload_null)
    i.__scatterload_zeroinit                 0x08002b9e   Section       14  handlers.o(i.__scatterload_zeroinit)
    i.main                                   0x08002bac   Section        0  main.o(i.main)
    .constdata                               0x08002c22   Section       24  stm32h7xx_hal_uart.o(.constdata)
    .constdata                               0x08002c3a   Section       16  stm32h7xx_hal_uart_ex.o(.constdata)
    numerator                                0x08002c3a   Data           8  stm32h7xx_hal_uart_ex.o(.constdata)
    denominator                              0x08002c42   Data           8  stm32h7xx_hal_uart_ex.o(.constdata)
    .constdata                               0x08002c4a   Section       16  system_stm32h7xx.o(.constdata)
    .data                                    0x24000000   Section       12  stm32h7xx_hal.o(.data)
    .data                                    0x2400000c   Section        8  system_stm32h7xx.o(.data)
    .bss                                     0x24000014   Section      148  usart.o(.bss)
    STACK                                    0x240000a8   Section     1024  startup_stm32h743xx.o(STACK)

    Global Symbols

    Symbol Name                              Value     Ov Type        Size  Object(Section)

    BuildAttributes$$THM_ISAv4$E$P$D$K$B$S$7EM$VFPv5_D16$PE$PLD8$A:L22UL41UL21$X:L11$S22US41US21$IEEE1$IW$USESV6$~STKCKD$USESV7$~SHL$OSPACE$EBA8$MICROLIB$REQ8$PRES8$EABIv2 0x00000000   Number         0  anon$$obj.o ABSOLUTE
    __ARM_use_no_argv                        0x00000000   Number         0  main.o ABSOLUTE
    __cpp_initialize__aeabi_                  - Undefined Weak Reference
    __cxa_finalize                            - Undefined Weak Reference
    __decompress                              - Undefined Weak Reference
    _clock_init                               - Undefined Weak Reference
    _microlib_exit                            - Undefined Weak Reference
    __Vectors_Size                           0x00000298   Number         0  startup_stm32h743xx.o ABSOLUTE
    __Vectors                                0x08000000   Data           4  startup_stm32h743xx.o(RESET)
    __Vectors_End                            0x08000298   Data           0  startup_stm32h743xx.o(RESET)
    __main                                   0x08000299   Thumb Code     0  entry.o(.ARM.Collect$$$$00000000)
    _main_stk                                0x08000299   Thumb Code     0  entry2.o(.ARM.Collect$$$$00000001)
    _main_scatterload                        0x0800029d   Thumb Code     0  entry5.o(.ARM.Collect$$$$00000004)
    __main_after_scatterload                 0x080002a1   Thumb Code     0  entry5.o(.ARM.Collect$$$$00000004)
    _main_clock                              0x080002a1   Thumb Code     0  entry7b.o(.ARM.Collect$$$$00000008)
    _main_cpp_init                           0x080002a1   Thumb Code     0  entry8b.o(.ARM.Collect$$$$0000000A)
    _main_init                               0x080002a1   Thumb Code     0  entry9a.o(.ARM.Collect$$$$0000000B)
    __rt_final_cpp                           0x080002a9   Thumb Code     0  entry10a.o(.ARM.Collect$$$$0000000D)
    __rt_final_exit                          0x080002a9   Thumb Code     0  entry11a.o(.ARM.Collect$$$$0000000F)
    Reset_Handler                            0x080002ad   Thumb Code     8  startup_stm32h743xx.o(.text)
    ADC3_IRQHandler                          0x080002c7   Thumb Code     0  startup_stm32h743xx.o(.text)
    ADC_IRQHandler                           0x080002c7   Thumb Code     0  startup_stm32h743xx.o(.text)
    BDMA_Channel0_IRQHandler                 0x080002c7   Thumb Code     0  startup_stm32h743xx.o(.text)
    BDMA_Channel1_IRQHandler                 0x080002c7   Thumb Code     0  startup_stm32h743xx.o(.text)
    BDMA_Channel2_IRQHandler                 0x080002c7   Thumb Code     0  startup_stm32h743xx.o(.text)
    BDMA_Channel3_IRQHandler                 0x080002c7   Thumb Code     0  startup_stm32h743xx.o(.text)
    BDMA_Channel4_IRQHandler                 0x080002c7   Thumb Code     0  startup_stm32h743xx.o(.text)
    BDMA_Channel5_IRQHandler                 0x080002c7   Thumb Code     0  startup_stm32h743xx.o(.text)
    BDMA_Channel6_IRQHandler                 0x080002c7   Thumb Code     0  startup_stm32h743xx.o(.text)
    BDMA_Channel7_IRQHandler                 0x080002c7   Thumb Code     0  startup_stm32h743xx.o(.text)
    CEC_IRQHandler                           0x080002c7   Thumb Code     0  startup_stm32h743xx.o(.text)
    COMP1_IRQHandler                         0x080002c7   Thumb Code     0  startup_stm32h743xx.o(.text)
    CRS_IRQHandler                           0x080002c7   Thumb Code     0  startup_stm32h743xx.o(.text)
    DCMI_IRQHandler                          0x080002c7   Thumb Code     0  startup_stm32h743xx.o(.text)
    DFSDM1_FLT0_IRQHandler                   0x080002c7   Thumb Code     0  startup_stm32h743xx.o(.text)
    DFSDM1_FLT1_IRQHandler                   0x080002c7   Thumb Code     0  startup_stm32h743xx.o(.text)
    DFSDM1_FLT2_IRQHandler                   0x080002c7   Thumb Code     0  startup_stm32h743xx.o(.text)
    DFSDM1_FLT3_IRQHandler                   0x080002c7   Thumb Code     0  startup_stm32h743xx.o(.text)
    DMA1_Stream0_IRQHandler                  0x080002c7   Thumb Code     0  startup_stm32h743xx.o(.text)
    DMA1_Stream1_IRQHandler                  0x080002c7   Thumb Code     0  startup_stm32h743xx.o(.text)
    DMA1_Stream2_IRQHandler                  0x080002c7   Thumb Code     0  startup_stm32h743xx.o(.text)
    DMA1_Stream3_IRQHandler                  0x080002c7   Thumb Code     0  startup_stm32h743xx.o(.text)
    DMA1_Stream4_IRQHandler                  0x080002c7   Thumb Code     0  startup_stm32h743xx.o(.text)
    DMA1_Stream5_IRQHandler                  0x080002c7   Thumb Code     0  startup_stm32h743xx.o(.text)
    DMA1_Stream6_IRQHandler                  0x080002c7   Thumb Code     0  startup_stm32h743xx.o(.text)
    DMA1_Stream7_IRQHandler                  0x080002c7   Thumb Code     0  startup_stm32h743xx.o(.text)
    DMA2D_IRQHandler                         0x080002c7   Thumb Code     0  startup_stm32h743xx.o(.text)
    DMA2_Stream0_IRQHandler                  0x080002c7   Thumb Code     0  startup_stm32h743xx.o(.text)
    DMA2_Stream1_IRQHandler                  0x080002c7   Thumb Code     0  startup_stm32h743xx.o(.text)
    DMA2_Stream2_IRQHandler                  0x080002c7   Thumb Code     0  startup_stm32h743xx.o(.text)
    DMA2_Stream3_IRQHandler                  0x080002c7   Thumb Code     0  startup_stm32h743xx.o(.text)
    DMA2_Stream4_IRQHandler                  0x080002c7   Thumb Code     0  startup_stm32h743xx.o(.text)
    DMA2_Stream5_IRQHandler                  0x080002c7   Thumb Code     0  startup_stm32h743xx.o(.text)
    DMA2_Stream6_IRQHandler                  0x080002c7   Thumb Code     0  startup_stm32h743xx.o(.text)
    DMA2_Stream7_IRQHandler                  0x080002c7   Thumb Code     0  startup_stm32h743xx.o(.text)
    DMAMUX1_OVR_IRQHandler                   0x080002c7   Thumb Code     0  startup_stm32h743xx.o(.text)
    DMAMUX2_OVR_IRQHandler                   0x080002c7   Thumb Code     0  startup_stm32h743xx.o(.text)
    ECC_IRQHandler                           0x080002c7   Thumb Code     0  startup_stm32h743xx.o(.text)
    ETH_IRQHandler                           0x080002c7   Thumb Code     0  startup_stm32h743xx.o(.text)
    ETH_WKUP_IRQHandler                      0x080002c7   Thumb Code     0  startup_stm32h743xx.o(.text)
    EXTI0_IRQHandler                         0x080002c7   Thumb Code     0  startup_stm32h743xx.o(.text)
    EXTI15_10_IRQHandler                     0x080002c7   Thumb Code     0  startup_stm32h743xx.o(.text)
    EXTI1_IRQHandler                         0x080002c7   Thumb Code     0  startup_stm32h743xx.o(.text)
    EXTI2_IRQHandler                         0x080002c7   Thumb Code     0  startup_stm32h743xx.o(.text)
    EXTI3_IRQHandler                         0x080002c7   Thumb Code     0  startup_stm32h743xx.o(.text)
    EXTI4_IRQHandler                         0x080002c7   Thumb Code     0  startup_stm32h743xx.o(.text)
    EXTI9_5_IRQHandler                       0x080002c7   Thumb Code     0  startup_stm32h743xx.o(.text)
    FDCAN1_IT0_IRQHandler                    0x080002c7   Thumb Code     0  startup_stm32h743xx.o(.text)
    FDCAN1_IT1_IRQHandler                    0x080002c7   Thumb Code     0  startup_stm32h743xx.o(.text)
    FDCAN2_IT0_IRQHandler                    0x080002c7   Thumb Code     0  startup_stm32h743xx.o(.text)
    FDCAN2_IT1_IRQHandler                    0x080002c7   Thumb Code     0  startup_stm32h743xx.o(.text)
    FDCAN_CAL_IRQHandler                     0x080002c7   Thumb Code     0  startup_stm32h743xx.o(.text)
    FLASH_IRQHandler                         0x080002c7   Thumb Code     0  startup_stm32h743xx.o(.text)
    FMC_IRQHandler                           0x080002c7   Thumb Code     0  startup_stm32h743xx.o(.text)
    FPU_IRQHandler                           0x080002c7   Thumb Code     0  startup_stm32h743xx.o(.text)
    HRTIM1_FLT_IRQHandler                    0x080002c7   Thumb Code     0  startup_stm32h743xx.o(.text)
    HRTIM1_Master_IRQHandler                 0x080002c7   Thumb Code     0  startup_stm32h743xx.o(.text)
    HRTIM1_TIMA_IRQHandler                   0x080002c7   Thumb Code     0  startup_stm32h743xx.o(.text)
    HRTIM1_TIMB_IRQHandler                   0x080002c7   Thumb Code     0  startup_stm32h743xx.o(.text)
    HRTIM1_TIMC_IRQHandler                   0x080002c7   Thumb Code     0  startup_stm32h743xx.o(.text)
    HRTIM1_TIMD_IRQHandler                   0x080002c7   Thumb Code     0  startup_stm32h743xx.o(.text)
    HRTIM1_TIME_IRQHandler                   0x080002c7   Thumb Code     0  startup_stm32h743xx.o(.text)
    HSEM1_IRQHandler                         0x080002c7   Thumb Code     0  startup_stm32h743xx.o(.text)
    I2C1_ER_IRQHandler                       0x080002c7   Thumb Code     0  startup_stm32h743xx.o(.text)
    I2C1_EV_IRQHandler                       0x080002c7   Thumb Code     0  startup_stm32h743xx.o(.text)
    I2C2_ER_IRQHandler                       0x080002c7   Thumb Code     0  startup_stm32h743xx.o(.text)
    I2C2_EV_IRQHandler                       0x080002c7   Thumb Code     0  startup_stm32h743xx.o(.text)
    I2C3_ER_IRQHandler                       0x080002c7   Thumb Code     0  startup_stm32h743xx.o(.text)
    I2C3_EV_IRQHandler                       0x080002c7   Thumb Code     0  startup_stm32h743xx.o(.text)
    I2C4_ER_IRQHandler                       0x080002c7   Thumb Code     0  startup_stm32h743xx.o(.text)
    I2C4_EV_IRQHandler                       0x080002c7   Thumb Code     0  startup_stm32h743xx.o(.text)
    JPEG_IRQHandler                          0x080002c7   Thumb Code     0  startup_stm32h743xx.o(.text)
    LPTIM1_IRQHandler                        0x080002c7   Thumb Code     0  startup_stm32h743xx.o(.text)
    LPTIM2_IRQHandler                        0x080002c7   Thumb Code     0  startup_stm32h743xx.o(.text)
    LPTIM3_IRQHandler                        0x080002c7   Thumb Code     0  startup_stm32h743xx.o(.text)
    LPTIM4_IRQHandler                        0x080002c7   Thumb Code     0  startup_stm32h743xx.o(.text)
    LPTIM5_IRQHandler                        0x080002c7   Thumb Code     0  startup_stm32h743xx.o(.text)
    LPUART1_IRQHandler                       0x080002c7   Thumb Code     0  startup_stm32h743xx.o(.text)
    LTDC_ER_IRQHandler                       0x080002c7   Thumb Code     0  startup_stm32h743xx.o(.text)
    LTDC_IRQHandler                          0x080002c7   Thumb Code     0  startup_stm32h743xx.o(.text)
    MDIOS_IRQHandler                         0x080002c7   Thumb Code     0  startup_stm32h743xx.o(.text)
    MDIOS_WKUP_IRQHandler                    0x080002c7   Thumb Code     0  startup_stm32h743xx.o(.text)
    MDMA_IRQHandler                          0x080002c7   Thumb Code     0  startup_stm32h743xx.o(.text)
    OTG_FS_EP1_IN_IRQHandler                 0x080002c7   Thumb Code     0  startup_stm32h743xx.o(.text)
    OTG_FS_EP1_OUT_IRQHandler                0x080002c7   Thumb Code     0  startup_stm32h743xx.o(.text)
    OTG_FS_IRQHandler                        0x080002c7   Thumb Code     0  startup_stm32h743xx.o(.text)
    OTG_FS_WKUP_IRQHandler                   0x080002c7   Thumb Code     0  startup_stm32h743xx.o(.text)
    OTG_HS_EP1_IN_IRQHandler                 0x080002c7   Thumb Code     0  startup_stm32h743xx.o(.text)
    OTG_HS_EP1_OUT_IRQHandler                0x080002c7   Thumb Code     0  startup_stm32h743xx.o(.text)
    OTG_HS_IRQHandler                        0x080002c7   Thumb Code     0  startup_stm32h743xx.o(.text)
    OTG_HS_WKUP_IRQHandler                   0x080002c7   Thumb Code     0  startup_stm32h743xx.o(.text)
    PVD_AVD_IRQHandler                       0x080002c7   Thumb Code     0  startup_stm32h743xx.o(.text)
    QUADSPI_IRQHandler                       0x080002c7   Thumb Code     0  startup_stm32h743xx.o(.text)
    RCC_IRQHandler                           0x080002c7   Thumb Code     0  startup_stm32h743xx.o(.text)
    RNG_IRQHandler                           0x080002c7   Thumb Code     0  startup_stm32h743xx.o(.text)
    RTC_Alarm_IRQHandler                     0x080002c7   Thumb Code     0  startup_stm32h743xx.o(.text)
    RTC_WKUP_IRQHandler                      0x080002c7   Thumb Code     0  startup_stm32h743xx.o(.text)
    SAI1_IRQHandler                          0x080002c7   Thumb Code     0  startup_stm32h743xx.o(.text)
    SAI2_IRQHandler                          0x080002c7   Thumb Code     0  startup_stm32h743xx.o(.text)
    SAI3_IRQHandler                          0x080002c7   Thumb Code     0  startup_stm32h743xx.o(.text)
    SAI4_IRQHandler                          0x080002c7   Thumb Code     0  startup_stm32h743xx.o(.text)
    SDMMC1_IRQHandler                        0x080002c7   Thumb Code     0  startup_stm32h743xx.o(.text)
    SDMMC2_IRQHandler                        0x080002c7   Thumb Code     0  startup_stm32h743xx.o(.text)
    SPDIF_RX_IRQHandler                      0x080002c7   Thumb Code     0  startup_stm32h743xx.o(.text)
    SPI1_IRQHandler                          0x080002c7   Thumb Code     0  startup_stm32h743xx.o(.text)
    SPI2_IRQHandler                          0x080002c7   Thumb Code     0  startup_stm32h743xx.o(.text)
    SPI3_IRQHandler                          0x080002c7   Thumb Code     0  startup_stm32h743xx.o(.text)
    SPI4_IRQHandler                          0x080002c7   Thumb Code     0  startup_stm32h743xx.o(.text)
    SPI5_IRQHandler                          0x080002c7   Thumb Code     0  startup_stm32h743xx.o(.text)
    SPI6_IRQHandler                          0x080002c7   Thumb Code     0  startup_stm32h743xx.o(.text)
    SWPMI1_IRQHandler                        0x080002c7   Thumb Code     0  startup_stm32h743xx.o(.text)
    TAMP_STAMP_IRQHandler                    0x080002c7   Thumb Code     0  startup_stm32h743xx.o(.text)
    TIM15_IRQHandler                         0x080002c7   Thumb Code     0  startup_stm32h743xx.o(.text)
    TIM16_IRQHandler                         0x080002c7   Thumb Code     0  startup_stm32h743xx.o(.text)
    TIM17_IRQHandler                         0x080002c7   Thumb Code     0  startup_stm32h743xx.o(.text)
    TIM1_BRK_IRQHandler                      0x080002c7   Thumb Code     0  startup_stm32h743xx.o(.text)
    TIM1_CC_IRQHandler                       0x080002c7   Thumb Code     0  startup_stm32h743xx.o(.text)
    TIM1_TRG_COM_IRQHandler                  0x080002c7   Thumb Code     0  startup_stm32h743xx.o(.text)
    TIM1_UP_IRQHandler                       0x080002c7   Thumb Code     0  startup_stm32h743xx.o(.text)
    TIM2_IRQHandler                          0x080002c7   Thumb Code     0  startup_stm32h743xx.o(.text)
    TIM3_IRQHandler                          0x080002c7   Thumb Code     0  startup_stm32h743xx.o(.text)
    TIM4_IRQHandler                          0x080002c7   Thumb Code     0  startup_stm32h743xx.o(.text)
    TIM5_IRQHandler                          0x080002c7   Thumb Code     0  startup_stm32h743xx.o(.text)
    TIM6_DAC_IRQHandler                      0x080002c7   Thumb Code     0  startup_stm32h743xx.o(.text)
    TIM7_IRQHandler                          0x080002c7   Thumb Code     0  startup_stm32h743xx.o(.text)
    TIM8_BRK_TIM12_IRQHandler                0x080002c7   Thumb Code     0  startup_stm32h743xx.o(.text)
    TIM8_CC_IRQHandler                       0x080002c7   Thumb Code     0  startup_stm32h743xx.o(.text)
    TIM8_TRG_COM_TIM14_IRQHandler            0x080002c7   Thumb Code     0  startup_stm32h743xx.o(.text)
    TIM8_UP_TIM13_IRQHandler                 0x080002c7   Thumb Code     0  startup_stm32h743xx.o(.text)
    UART4_IRQHandler                         0x080002c7   Thumb Code     0  startup_stm32h743xx.o(.text)
    UART5_IRQHandler                         0x080002c7   Thumb Code     0  startup_stm32h743xx.o(.text)
    UART7_IRQHandler                         0x080002c7   Thumb Code     0  startup_stm32h743xx.o(.text)
    UART8_IRQHandler                         0x080002c7   Thumb Code     0  startup_stm32h743xx.o(.text)
    USART1_IRQHandler                        0x080002c7   Thumb Code     0  startup_stm32h743xx.o(.text)
    USART2_IRQHandler                        0x080002c7   Thumb Code     0  startup_stm32h743xx.o(.text)
    USART3_IRQHandler                        0x080002c7   Thumb Code     0  startup_stm32h743xx.o(.text)
    USART6_IRQHandler                        0x080002c7   Thumb Code     0  startup_stm32h743xx.o(.text)
    WAKEUP_PIN_IRQHandler                    0x080002c7   Thumb Code     0  startup_stm32h743xx.o(.text)
    WWDG_IRQHandler                          0x080002c7   Thumb Code     0  startup_stm32h743xx.o(.text)
    __aeabi_uldivmod                         0x080002d1   Thumb Code    98  uldiv.o(.text)
    __aeabi_memset                           0x08000333   Thumb Code    14  memseta.o(.text)
    __aeabi_memset4                          0x08000333   Thumb Code     0  memseta.o(.text)
    __aeabi_memset8                          0x08000333   Thumb Code     0  memseta.o(.text)
    __aeabi_memclr                           0x08000341   Thumb Code     4  memseta.o(.text)
    __aeabi_memclr4                          0x08000341   Thumb Code     0  memseta.o(.text)
    __aeabi_memclr8                          0x08000341   Thumb Code     0  memseta.o(.text)
    _memset$wrapper                          0x08000345   Thumb Code    18  memseta.o(.text)
    __aeabi_llsl                             0x08000357   Thumb Code    30  llshl.o(.text)
    _ll_shift_l                              0x08000357   Thumb Code     0  llshl.o(.text)
    __aeabi_llsr                             0x08000375   Thumb Code    32  llushr.o(.text)
    _ll_ushift_r                             0x08000375   Thumb Code     0  llushr.o(.text)
    __scatterload                            0x08000395   Thumb Code    28  init.o(.text)
    __scatterload_rt2                        0x08000395   Thumb Code     0  init.o(.text)
    BusFault_Handler                         0x080003b9   Thumb Code     2  stm32h7xx_it.o(i.BusFault_Handler)
    DebugMon_Handler                         0x080003bb   Thumb Code     2  stm32h7xx_it.o(i.DebugMon_Handler)
    Error_Handler                            0x080003bd   Thumb Code     4  main.o(i.Error_Handler)
    HAL_Delay                                0x080003c1   Thumb Code    32  stm32h7xx_hal.o(i.HAL_Delay)
    HAL_GPIO_Init                            0x080003e5   Thumb Code   506  stm32h7xx_hal_gpio.o(i.HAL_GPIO_Init)
    HAL_GPIO_WritePin                        0x08000611   Thumb Code    10  stm32h7xx_hal_gpio.o(i.HAL_GPIO_WritePin)
    HAL_GetREVID                             0x0800061d   Thumb Code     8  stm32h7xx_hal.o(i.HAL_GetREVID)
    HAL_GetTick                              0x08000629   Thumb Code     6  stm32h7xx_hal.o(i.HAL_GetTick)
    HAL_IncTick                              0x08000635   Thumb Code    12  stm32h7xx_hal.o(i.HAL_IncTick)
    HAL_Init                                 0x08000645   Thumb Code    74  stm32h7xx_hal.o(i.HAL_Init)
    HAL_InitTick                             0x080006a1   Thumb Code    56  stm32h7xx_hal.o(i.HAL_InitTick)
    HAL_MPU_ConfigRegion                     0x080006e1   Thumb Code    86  stm32h7xx_hal_cortex.o(i.HAL_MPU_ConfigRegion)
    HAL_MPU_Disable                          0x0800073d   Thumb Code    24  stm32h7xx_hal_cortex.o(i.HAL_MPU_Disable)
    HAL_MPU_Enable                           0x08000759   Thumb Code    30  stm32h7xx_hal_cortex.o(i.HAL_MPU_Enable)
    HAL_MspInit                              0x0800077d   Thumb Code    22  stm32h7xx_hal_msp.o(i.HAL_MspInit)
    HAL_NVIC_SetPriority                     0x08000799   Thumb Code    60  stm32h7xx_hal_cortex.o(i.HAL_NVIC_SetPriority)
    HAL_NVIC_SetPriorityGrouping             0x080007d9   Thumb Code    28  stm32h7xx_hal_cortex.o(i.HAL_NVIC_SetPriorityGrouping)
    HAL_PWREx_ConfigSupply                   0x080007fd   Thumb Code    78  stm32h7xx_hal_pwr_ex.o(i.HAL_PWREx_ConfigSupply)
    HAL_RCCEx_GetD3PCLK1Freq                 0x08000851   Thumb Code    26  stm32h7xx_hal_rcc_ex.o(i.HAL_RCCEx_GetD3PCLK1Freq)
    HAL_RCCEx_GetPLL2ClockFreq               0x08000875   Thumb Code   296  stm32h7xx_hal_rcc_ex.o(i.HAL_RCCEx_GetPLL2ClockFreq)
    HAL_RCCEx_GetPLL3ClockFreq               0x080009b9   Thumb Code   296  stm32h7xx_hal_rcc_ex.o(i.HAL_RCCEx_GetPLL3ClockFreq)
    HAL_RCCEx_PeriphCLKConfig                0x08000afd   Thumb Code  2472  stm32h7xx_hal_rcc_ex.o(i.HAL_RCCEx_PeriphCLKConfig)
    HAL_RCC_ClockConfig                      0x080014a9   Thumb Code   580  stm32h7xx_hal_rcc.o(i.HAL_RCC_ClockConfig)
    HAL_RCC_GetHCLKFreq                      0x08001705   Thumb Code    52  stm32h7xx_hal_rcc.o(i.HAL_RCC_GetHCLKFreq)
    HAL_RCC_GetPCLK1Freq                     0x08001749   Thumb Code    26  stm32h7xx_hal_rcc.o(i.HAL_RCC_GetPCLK1Freq)
    HAL_RCC_GetPCLK2Freq                     0x0800176d   Thumb Code    26  stm32h7xx_hal_rcc.o(i.HAL_RCC_GetPCLK2Freq)
    HAL_RCC_GetSysClockFreq                  0x08001791   Thumb Code   278  stm32h7xx_hal_rcc.o(i.HAL_RCC_GetSysClockFreq)
    HAL_RCC_OscConfig                        0x080018c9   Thumb Code  1410  stm32h7xx_hal_rcc.o(i.HAL_RCC_OscConfig)
    HAL_SYSTICK_Config                       0x08001e4b   Thumb Code    38  stm32h7xx_hal_cortex.o(i.HAL_SYSTICK_Config)
    HAL_UARTEx_DisableFifoMode               0x08001e71   Thumb Code    64  stm32h7xx_hal_uart_ex.o(i.HAL_UARTEx_DisableFifoMode)
    HAL_UARTEx_SetRxFifoThreshold            0x08001eb1   Thumb Code    76  stm32h7xx_hal_uart_ex.o(i.HAL_UARTEx_SetRxFifoThreshold)
    HAL_UARTEx_SetTxFifoThreshold            0x08001efd   Thumb Code    76  stm32h7xx_hal_uart_ex.o(i.HAL_UARTEx_SetTxFifoThreshold)
    HAL_UART_Init                            0x08001f49   Thumb Code   106  stm32h7xx_hal_uart.o(i.HAL_UART_Init)
    HAL_UART_MspInit                         0x08001fb5   Thumb Code   122  usart.o(i.HAL_UART_MspInit)
    HardFault_Handler                        0x0800203d   Thumb Code     2  stm32h7xx_it.o(i.HardFault_Handler)
    MX_GPIO_Init                             0x08002041   Thumb Code    54  gpio.o(i.MX_GPIO_Init)
    MX_USART1_UART_Init                      0x0800207d   Thumb Code    94  usart.o(i.MX_USART1_UART_Init)
    MemManage_Handler                        0x080020e5   Thumb Code     2  stm32h7xx_it.o(i.MemManage_Handler)
    NMI_Handler                              0x080020e7   Thumb Code     2  stm32h7xx_it.o(i.NMI_Handler)
    PendSV_Handler                           0x080020e9   Thumb Code     2  stm32h7xx_it.o(i.PendSV_Handler)
    SVC_Handler                              0x0800232d   Thumb Code     2  stm32h7xx_it.o(i.SVC_Handler)
    SysTick_Handler                          0x0800232f   Thumb Code     4  stm32h7xx_it.o(i.SysTick_Handler)
    SystemClock_Config                       0x08002335   Thumb Code   154  main.o(i.SystemClock_Config)
    SystemInit                               0x080023d9   Thumb Code   180  system_stm32h7xx.o(i.SystemInit)
    UART_AdvFeatureConfig                    0x080024f9   Thumb Code   200  stm32h7xx_hal_uart.o(i.UART_AdvFeatureConfig)
    UART_CheckIdleState                      0x080025c1   Thumb Code   170  stm32h7xx_hal_uart.o(i.UART_CheckIdleState)
    UART_SetConfig                           0x080026c1   Thumb Code   876  stm32h7xx_hal_uart.o(i.UART_SetConfig)
    UART_WaitOnFlagUntilTimeout              0x08002a6d   Thumb Code   148  stm32h7xx_hal_uart.o(i.UART_WaitOnFlagUntilTimeout)
    UsageFault_Handler                       0x08002b01   Thumb Code     2  stm32h7xx_it.o(i.UsageFault_Handler)
    WaterPump                                0x08002b05   Thumb Code    20  waterpump.o(i.WaterPump)
    WaterPump_Init                           0x08002b1d   Thumb Code    70  waterpump.o(i.WaterPump_Init)
    __scatterload_copy                       0x08002b8f   Thumb Code    14  handlers.o(i.__scatterload_copy)
    __scatterload_null                       0x08002b9d   Thumb Code     2  handlers.o(i.__scatterload_null)
    __scatterload_zeroinit                   0x08002b9f   Thumb Code    14  handlers.o(i.__scatterload_zeroinit)
    main                                     0x08002bad   Thumb Code   118  main.o(i.main)
    UARTPrescTable                           0x08002c22   Data          24  stm32h7xx_hal_uart.o(.constdata)
    D1CorePrescTable                         0x08002c4a   Data          16  system_stm32h7xx.o(.constdata)
    Region$$Table$$Base                      0x08002c5c   Number         0  anon$$obj.o(Region$$Table)
    Region$$Table$$Limit                     0x08002c7c   Number         0  anon$$obj.o(Region$$Table)
    uwTickFreq                               0x24000000   Data           1  stm32h7xx_hal.o(.data)
    uwTickPrio                               0x24000004   Data           4  stm32h7xx_hal.o(.data)
    uwTick                                   0x24000008   Data           4  stm32h7xx_hal.o(.data)
    SystemCoreClock                          0x2400000c   Data           4  system_stm32h7xx.o(.data)
    SystemD2Clock                            0x24000010   Data           4  system_stm32h7xx.o(.data)
    huart1                                   0x24000014   Data         148  usart.o(.bss)
    __initial_sp                             0x240004a8   Data           0  startup_stm32h743xx.o(STACK)



==============================================================================

Memory Map of the image

  Image Entry point : 0x08000299

  Load Region LR_IROM1 (Base: 0x08000000, Size: 0x00002c90, Max: 0x00200000, ABSOLUTE)

    Execution Region ER_IROM1 (Exec base: 0x08000000, Load base: 0x08000000, Size: 0x00002c7c, Max: 0x00200000, ABSOLUTE)

    Exec Addr    Load Addr    Size         Type   Attr      Idx    E Section Name        Object

    0x08000000   0x08000000   0x00000298   Data   RO            3    RESET               startup_stm32h743xx.o
    0x08000298   0x08000298   0x00000000   Code   RO         3562  * .ARM.Collect$$$$00000000  mc_w.l(entry.o)
    0x08000298   0x08000298   0x00000004   Code   RO         3569    .ARM.Collect$$$$00000001  mc_w.l(entry2.o)
    0x0800029c   0x0800029c   0x00000004   Code   RO         3572    .ARM.Collect$$$$00000004  mc_w.l(entry5.o)
    0x080002a0   0x080002a0   0x00000000   Code   RO         3574    .ARM.Collect$$$$00000008  mc_w.l(entry7b.o)
    0x080002a0   0x080002a0   0x00000000   Code   RO         3576    .ARM.Collect$$$$0000000A  mc_w.l(entry8b.o)
    0x080002a0   0x080002a0   0x00000008   Code   RO         3577    .ARM.Collect$$$$0000000B  mc_w.l(entry9a.o)
    0x080002a8   0x080002a8   0x00000000   Code   RO         3579    .ARM.Collect$$$$0000000D  mc_w.l(entry10a.o)
    0x080002a8   0x080002a8   0x00000000   Code   RO         3581    .ARM.Collect$$$$0000000F  mc_w.l(entry11a.o)
    0x080002a8   0x080002a8   0x00000004   Code   RO         3570    .ARM.Collect$$$$00002712  mc_w.l(entry2.o)
    0x080002ac   0x080002ac   0x00000024   Code   RO            4    .text               startup_stm32h743xx.o
    0x080002d0   0x080002d0   0x00000062   Code   RO         3565    .text               mc_w.l(uldiv.o)
    0x08000332   0x08000332   0x00000024   Code   RO         3567    .text               mc_w.l(memseta.o)
    0x08000356   0x08000356   0x0000001e   Code   RO         3583    .text               mc_w.l(llshl.o)
    0x08000374   0x08000374   0x00000020   Code   RO         3585    .text               mc_w.l(llushr.o)
    0x08000394   0x08000394   0x00000024   Code   RO         3587    .text               mc_w.l(init.o)
    0x080003b8   0x080003b8   0x00000002   Code   RO          271    i.BusFault_Handler  stm32h7xx_it.o
    0x080003ba   0x080003ba   0x00000002   Code   RO          272    i.DebugMon_Handler  stm32h7xx_it.o
    0x080003bc   0x080003bc   0x00000004   Code   RO           13    i.Error_Handler     main.o
    0x080003c0   0x080003c0   0x00000024   Code   RO         2051    i.HAL_Delay         stm32h7xx_hal.o
    0x080003e4   0x080003e4   0x0000022c   Code   RO         1190    i.HAL_GPIO_Init     stm32h7xx_hal_gpio.o
    0x08000610   0x08000610   0x0000000a   Code   RO         1194    i.HAL_GPIO_WritePin  stm32h7xx_hal_gpio.o
    0x0800061a   0x0800061a   0x00000002   PAD
    0x0800061c   0x0800061c   0x0000000c   Code   RO         2062    i.HAL_GetREVID      stm32h7xx_hal.o
    0x08000628   0x08000628   0x0000000c   Code   RO         2063    i.HAL_GetTick       stm32h7xx_hal.o
    0x08000634   0x08000634   0x00000010   Code   RO         2069    i.HAL_IncTick       stm32h7xx_hal.o
    0x08000644   0x08000644   0x0000005c   Code   RO         2070    i.HAL_Init          stm32h7xx_hal.o
    0x080006a0   0x080006a0   0x00000040   Code   RO         2071    i.HAL_InitTick      stm32h7xx_hal.o
    0x080006e0   0x080006e0   0x0000005c   Code   RO          543    i.HAL_MPU_ConfigRegion  stm32h7xx_hal_cortex.o
    0x0800073c   0x0800073c   0x0000001c   Code   RO          544    i.HAL_MPU_Disable   stm32h7xx_hal_cortex.o
    0x08000758   0x08000758   0x00000024   Code   RO          546    i.HAL_MPU_Enable    stm32h7xx_hal_cortex.o
    0x0800077c   0x0800077c   0x0000001c   Code   RO          346    i.HAL_MspInit       stm32h7xx_hal_msp.o
    0x08000798   0x08000798   0x00000040   Code   RO          556    i.HAL_NVIC_SetPriority  stm32h7xx_hal_cortex.o
    0x080007d8   0x080007d8   0x00000024   Code   RO          557    i.HAL_NVIC_SetPriorityGrouping  stm32h7xx_hal_cortex.o
    0x080007fc   0x080007fc   0x00000054   Code   RO         1791    i.HAL_PWREx_ConfigSupply  stm32h7xx_hal_pwr_ex.o
    0x08000850   0x08000850   0x00000024   Code   RO          811    i.HAL_RCCEx_GetD3PCLK1Freq  stm32h7xx_hal_rcc_ex.o
    0x08000874   0x08000874   0x00000144   Code   RO          813    i.HAL_RCCEx_GetPLL2ClockFreq  stm32h7xx_hal_rcc_ex.o
    0x080009b8   0x080009b8   0x00000144   Code   RO          814    i.HAL_RCCEx_GetPLL3ClockFreq  stm32h7xx_hal_rcc_ex.o
    0x08000afc   0x08000afc   0x000009ac   Code   RO          820    i.HAL_RCCEx_PeriphCLKConfig  stm32h7xx_hal_rcc_ex.o
    0x080014a8   0x080014a8   0x0000025c   Code   RO          696    i.HAL_RCC_ClockConfig  stm32h7xx_hal_rcc.o
    0x08001704   0x08001704   0x00000044   Code   RO          701    i.HAL_RCC_GetHCLKFreq  stm32h7xx_hal_rcc.o
    0x08001748   0x08001748   0x00000024   Code   RO          703    i.HAL_RCC_GetPCLK1Freq  stm32h7xx_hal_rcc.o
    0x0800176c   0x0800176c   0x00000024   Code   RO          704    i.HAL_RCC_GetPCLK2Freq  stm32h7xx_hal_rcc.o
    0x08001790   0x08001790   0x00000138   Code   RO          705    i.HAL_RCC_GetSysClockFreq  stm32h7xx_hal_rcc.o
    0x080018c8   0x080018c8   0x00000582   Code   RO          708    i.HAL_RCC_OscConfig  stm32h7xx_hal_rcc.o
    0x08001e4a   0x08001e4a   0x00000026   Code   RO          561    i.HAL_SYSTICK_Config  stm32h7xx_hal_cortex.o
    0x08001e70   0x08001e70   0x00000040   Code   RO         3410    i.HAL_UARTEx_DisableFifoMode  stm32h7xx_hal_uart_ex.o
    0x08001eb0   0x08001eb0   0x0000004c   Code   RO         3419    i.HAL_UARTEx_SetRxFifoThreshold  stm32h7xx_hal_uart_ex.o
    0x08001efc   0x08001efc   0x0000004c   Code   RO         3420    i.HAL_UARTEx_SetTxFifoThreshold  stm32h7xx_hal_uart_ex.o
    0x08001f48   0x08001f48   0x0000006a   Code   RO         3019    i.HAL_UART_Init     stm32h7xx_hal_uart.o
    0x08001fb2   0x08001fb2   0x00000002   PAD
    0x08001fb4   0x08001fb4   0x00000088   Code   RO          230    i.HAL_UART_MspInit  usart.o
    0x0800203c   0x0800203c   0x00000002   Code   RO          273    i.HardFault_Handler  stm32h7xx_it.o
    0x0800203e   0x0800203e   0x00000002   PAD
    0x08002040   0x08002040   0x0000003c   Code   RO          187    i.MX_GPIO_Init      gpio.o
    0x0800207c   0x0800207c   0x00000068   Code   RO          231    i.MX_USART1_UART_Init  usart.o
    0x080020e4   0x080020e4   0x00000002   Code   RO          274    i.MemManage_Handler  stm32h7xx_it.o
    0x080020e6   0x080020e6   0x00000002   Code   RO          275    i.NMI_Handler       stm32h7xx_it.o
    0x080020e8   0x080020e8   0x00000002   Code   RO          276    i.PendSV_Handler    stm32h7xx_it.o
    0x080020ea   0x080020ea   0x00000002   PAD
    0x080020ec   0x080020ec   0x00000120   Code   RO          823    i.RCCEx_PLL2_Config  stm32h7xx_hal_rcc_ex.o
    0x0800220c   0x0800220c   0x00000120   Code   RO          824    i.RCCEx_PLL3_Config  stm32h7xx_hal_rcc_ex.o
    0x0800232c   0x0800232c   0x00000002   Code   RO          277    i.SVC_Handler       stm32h7xx_it.o
    0x0800232e   0x0800232e   0x00000004   Code   RO          278    i.SysTick_Handler   stm32h7xx_it.o
    0x08002332   0x08002332   0x00000002   PAD
    0x08002334   0x08002334   0x000000a4   Code   RO           14    i.SystemClock_Config  main.o
    0x080023d8   0x080023d8   0x000000dc   Code   RO         3529    i.SystemInit        system_stm32h7xx.o
    0x080024b4   0x080024b4   0x00000044   Code   RO         3424    i.UARTEx_SetNbDataToProcess  stm32h7xx_hal_uart_ex.o
    0x080024f8   0x080024f8   0x000000c8   Code   RO         3033    i.UART_AdvFeatureConfig  stm32h7xx_hal_uart.o
    0x080025c0   0x080025c0   0x000000aa   Code   RO         3034    i.UART_CheckIdleState  stm32h7xx_hal_uart.o
    0x0800266a   0x0800266a   0x00000002   PAD
    0x0800266c   0x0800266c   0x00000054   Code   RO         3045    i.UART_EndRxTransfer  stm32h7xx_hal_uart.o
    0x080026c0   0x080026c0   0x000003ac   Code   RO         3051    i.UART_SetConfig    stm32h7xx_hal_uart.o
    0x08002a6c   0x08002a6c   0x00000094   Code   RO         3058    i.UART_WaitOnFlagUntilTimeout  stm32h7xx_hal_uart.o
    0x08002b00   0x08002b00   0x00000002   Code   RO          279    i.UsageFault_Handler  stm32h7xx_it.o
    0x08002b02   0x08002b02   0x00000002   PAD
    0x08002b04   0x08002b04   0x00000018   Code   RO          512    i.WaterPump         waterpump.o
    0x08002b1c   0x08002b1c   0x00000050   Code   RO          513    i.WaterPump_Init    waterpump.o
    0x08002b6c   0x08002b6c   0x00000022   Code   RO          563    i.__NVIC_SetPriority  stm32h7xx_hal_cortex.o
    0x08002b8e   0x08002b8e   0x0000000e   Code   RO         3591    i.__scatterload_copy  mc_w.l(handlers.o)
    0x08002b9c   0x08002b9c   0x00000002   Code   RO         3592    i.__scatterload_null  mc_w.l(handlers.o)
    0x08002b9e   0x08002b9e   0x0000000e   Code   RO         3593    i.__scatterload_zeroinit  mc_w.l(handlers.o)
    0x08002bac   0x08002bac   0x00000076   Code   RO           16    i.main              main.o
    0x08002c22   0x08002c22   0x00000018   Data   RO         3059    .constdata          stm32h7xx_hal_uart.o
    0x08002c3a   0x08002c3a   0x00000010   Data   RO         3425    .constdata          stm32h7xx_hal_uart_ex.o
    0x08002c4a   0x08002c4a   0x00000010   Data   RO         3530    .constdata          system_stm32h7xx.o
    0x08002c5a   0x08002c5a   0x00000002   PAD
    0x08002c5c   0x08002c5c   0x00000020   Data   RO         3589    Region$$Table       anon$$obj.o


    Execution Region RW_IRAM1 (Exec base: 0x20000000, Load base: 0x08002c7c, Size: 0x00000000, Max: 0x00020000, ABSOLUTE)

    **** No section assigned to this execution region ****


    Execution Region RW_IRAM2 (Exec base: 0x24000000, Load base: 0x08002c7c, Size: 0x000004a8, Max: 0x00080000, ABSOLUTE)

    Exec Addr    Load Addr    Size         Type   Attr      Idx    E Section Name        Object

    0x24000000   0x08002c7c   0x0000000c   Data   RW         2092    .data               stm32h7xx_hal.o
    0x2400000c   0x08002c88   0x00000008   Data   RW         3531    .data               system_stm32h7xx.o
    0x24000014        -       0x00000094   Zero   RW          232    .bss                usart.o
    0x240000a8        -       0x00000400   Zero   RW            1    STACK               startup_stm32h743xx.o


==============================================================================

Image component sizes


      Code (inc. data)   RO Data    RW Data    ZI Data      Debug   Object Name

        60          6          0          0          0        931   gpio.o
       286         10          0          0          0    1239792   main.o
        36          8        664          0       1024        888   startup_stm32h743xx.o
       232         44          0         12          0      23796   stm32h7xx_hal.o
       328         28          0          0          0      41556   stm32h7xx_hal_cortex.o
       566         50          0          0          0       2352   stm32h7xx_hal_gpio.o
        28          6          0          0          0        922   stm32h7xx_hal_msp.o
        84          6          0          0          0        845   stm32h7xx_hal_pwr_ex.o
      2466        102          0          0          0       7428   stm32h7xx_hal_rcc.o
      3736        118          0          0          0       8145   stm32h7xx_hal_rcc_ex.o
      1648        112         24          0          0      26062   stm32h7xx_hal_uart.o
       284          6         16          0          0       3973   stm32h7xx_hal_uart_ex.o
        20          0          0          0          0       4658   stm32h7xx_it.o
       220         40         16          8          0       1534   system_stm32h7xx.o
       240         24          0          0        148       2034   usart.o
       104         14          0          0          0       1581   waterpump.o

    ----------------------------------------------------------------------
     10352        574        754         20       1172    1366497   Object Totals
         0          0         32          0          0          0   (incl. Generated)
        14          0          2          0          0          0   (incl. Padding)

    ----------------------------------------------------------------------

      Code (inc. data)   RO Data    RW Data    ZI Data      Debug   Library Member Name

         0          0          0          0          0          0   entry.o
         0          0          0          0          0          0   entry10a.o
         0          0          0          0          0          0   entry11a.o
         8          4          0          0          0          0   entry2.o
         4          0          0          0          0          0   entry5.o
         0          0          0          0          0          0   entry7b.o
         0          0          0          0          0          0   entry8b.o
         8          4          0          0          0          0   entry9a.o
        30          0          0          0          0          0   handlers.o
        36          8          0          0          0         68   init.o
        30          0          0          0          0         68   llshl.o
        32          0          0          0          0         68   llushr.o
        36          0          0          0          0        108   memseta.o
        98          0          0          0          0         92   uldiv.o

    ----------------------------------------------------------------------
       282         16          0          0          0        404   Library Totals
         0          0          0          0          0          0   (incl. Padding)

    ----------------------------------------------------------------------

      Code (inc. data)   RO Data    RW Data    ZI Data      Debug   Library Name

       282         16          0          0          0        404   mc_w.l

    ----------------------------------------------------------------------
       282         16          0          0          0        404   Library Totals

    ----------------------------------------------------------------------

==============================================================================


      Code (inc. data)   RO Data    RW Data    ZI Data      Debug   

     10634        590        754         20       1172    1362201   Grand Totals
     10634        590        754         20       1172    1362201   ELF Image Totals
     10634        590        754         20          0          0   ROM Totals

==============================================================================

    Total RO  Size (Code + RO Data)                11388 (  11.12kB)
    Total RW  Size (RW Data + ZI Data)              1192 (   1.16kB)
    Total ROM Size (Code + RO Data + RW Data)      11408 (  11.14kB)

==============================================================================

